Archive member included because of file (symbol)

C:\Users\lester\AppData\Local\arduino15\packages\arduino\hardware\sam\1.6.11\variants\arduino_due_x/libsam_sam3x8e_gcc_rel.a(pio.o)
                              C:\Users\lester\AppData\Local\Temp\VMBuilds\FeederDue\arduino_due_x\Debug\Wire\Wire.cpp.o (PIO_Configure)
C:\Users\lester\AppData\Local\arduino15\packages\arduino\hardware\sam\1.6.11\variants\arduino_due_x/libsam_sam3x8e_gcc_rel.a(pmc.o)
                              C:\Users\lester\AppData\Local\Temp\VMBuilds\FeederDue\arduino_due_x\Debug\Wire\Wire.cpp.o (pmc_enable_periph_clk)
C:\Users\lester\AppData\Local\arduino15\packages\arduino\hardware\sam\1.6.11\variants\arduino_due_x/libsam_sam3x8e_gcc_rel.a(spi.o)
                              C:\Users\lester\AppData\Local\Temp\VMBuilds\FeederDue\arduino_due_x\Debug\SPI\SPI.cpp.o (SPI_Enable)
C:\Users\lester\AppData\Local\arduino15\packages\arduino\hardware\sam\1.6.11\variants\arduino_due_x/libsam_sam3x8e_gcc_rel.a(tc.o)
                              C:\Users\lester\AppData\Local\Temp\VMBuilds\FeederDue\arduino_due_x\Debug\DueTimer\DueTimer.cpp.o (TC_Configure)
C:\Users\lester\AppData\Local\arduino15\packages\arduino\hardware\sam\1.6.11\variants\arduino_due_x/libsam_sam3x8e_gcc_rel.a(twi.o)
                              C:\Users\lester\AppData\Local\Temp\VMBuilds\FeederDue\arduino_due_x\Debug\Wire\Wire.cpp.o (TWI_SetClock)
C:\Users\lester\AppData\Local\arduino15\packages\arduino\hardware\sam\1.6.11\variants\arduino_due_x/libsam_sam3x8e_gcc_rel.a(system_sam3xa.o)
                              C:\Users\lester\AppData\Local\Temp\VMBuilds\FeederDue\arduino_due_x\Debug\variant\variant.cpp.o (SystemInit)
C:\Users\lester\AppData\Local\arduino15\packages\arduino\hardware\sam\1.6.11\variants\arduino_due_x/libsam_sam3x8e_gcc_rel.a(startup_sam3xa.o)
                              (Reset_Handler)
C:\Users\lester\AppData\Local\arduino15\packages\arduino\hardware\sam\1.6.11\variants\arduino_due_x/libsam_sam3x8e_gcc_rel.a(adc.o)
                              C:\Users\lester\AppData\Local\Temp\VMBuilds\FeederDue\arduino_due_x\Debug\variant\variant.cpp.o (adc_init)
C:\Users\lester\AppData\Local\arduino15\packages\arduino\hardware\sam\1.6.11\variants\arduino_due_x/libsam_sam3x8e_gcc_rel.a(uotghs.o)
                              C:\Users\lester\AppData\Local\arduino15\packages\arduino\hardware\sam\1.6.11\variants\arduino_due_x/libsam_sam3x8e_gcc_rel.a(startup_sam3xa.o) (UOTGHS_Handler)
C:\Users\lester\AppData\Local\Temp\VMBuilds\FeederDue\arduino_due_x\Debug/core.a(cortex_handlers.c.o)
                              C:\Users\lester\AppData\Local\arduino15\packages\arduino\hardware\sam\1.6.11\variants\arduino_due_x/libsam_sam3x8e_gcc_rel.a(startup_sam3xa.o) (NMI_Handler)
C:\Users\lester\AppData\Local\Temp\VMBuilds\FeederDue\arduino_due_x\Debug/core.a(hooks.c.o)
                              C:\Users\lester\AppData\Local\Temp\VMBuilds\FeederDue\arduino_due_x\Debug/core.a(cortex_handlers.c.o) (sysTickHook)
C:\Users\lester\AppData\Local\Temp\VMBuilds\FeederDue\arduino_due_x\Debug/core.a(syscalls_sam3.c.o)
                              (_sbrk)
C:\Users\lester\AppData\Local\Temp\VMBuilds\FeederDue\arduino_due_x\Debug/core.a(WInterrupts.c.o)
                              C:\Users\lester\AppData\Local\Temp\VMBuilds\FeederDue\arduino_due_x\Debug\FeederDue.cpp.o (attachInterrupt)
C:\Users\lester\AppData\Local\Temp\VMBuilds\FeederDue\arduino_due_x\Debug/core.a(wiring.c.o)
                              C:\Users\lester\AppData\Local\Temp\VMBuilds\FeederDue\arduino_due_x\Debug\FeederDue.cpp.o (millis)
C:\Users\lester\AppData\Local\Temp\VMBuilds\FeederDue\arduino_due_x\Debug/core.a(wiring_analog.c.o)
                              C:\Users\lester\AppData\Local\Temp\VMBuilds\FeederDue\arduino_due_x\Debug\FeederDue.cpp.o (analogRead)
C:\Users\lester\AppData\Local\Temp\VMBuilds\FeederDue\arduino_due_x\Debug/core.a(wiring_digital.c.o)
                              C:\Users\lester\AppData\Local\Temp\VMBuilds\FeederDue\arduino_due_x\Debug\FeederDue.cpp.o (pinMode)
C:\Users\lester\AppData\Local\Temp\VMBuilds\FeederDue\arduino_due_x\Debug/core.a(abi.cpp.o)
                              C:\Users\lester\AppData\Local\Temp\VMBuilds\FeederDue\arduino_due_x\Debug\FeederDue.cpp.o (__cxa_pure_virtual)
C:\Users\lester\AppData\Local\Temp\VMBuilds\FeederDue\arduino_due_x\Debug/core.a(main.cpp.o)
                              c:/users/lester/appdata/local/arduino15/packages/arduino/tools/arm-none-eabi-gcc/4.8.3-2014q1/bin/../lib/gcc/arm-none-eabi/4.8.3/../../../../arm-none-eabi/lib/armv7-m/crt0.o (main)
C:\Users\lester\AppData\Local\Temp\VMBuilds\FeederDue\arduino_due_x\Debug/core.a(Print.cpp.o)
                              C:\Users\lester\AppData\Local\Temp\VMBuilds\FeederDue\arduino_due_x\Debug\Wire\Wire.cpp.o (Print::write(unsigned char const*, unsigned int))
C:\Users\lester\AppData\Local\Temp\VMBuilds\FeederDue\arduino_due_x\Debug/core.a(Reset.cpp.o)
[...]
Memory Configuration

Name             Origin             Length             Attributes
rom              0x00080000         0x00080000         xr
sram0            0x20000000         0x00010000         xrw
sram1            0x20080000         0x00008000         xrw
ram              0x20070000         0x00018000         xrw
*default*        0x00000000         0xffffffff

Linker script and memory map

LOAD c:/users/lester/appdata/local/arduino15/packages/arduino/tools/arm-none-eabi-gcc/4.8.3-2014q1/bin/../lib/gcc/arm-none-eabi/4.8.3/armv7-m/crti.o
LOAD c:/users/lester/appdata/local/arduino15/packages/arduino/tools/arm-none-eabi-gcc/4.8.3-2014q1/bin/../lib/gcc/arm-none-eabi/4.8.3/armv7-m/crtbegin.o
LOAD c:/users/lester/appdata/local/arduino15/packages/arduino/tools/arm-none-eabi-gcc/4.8.3-2014q1/bin/../lib/gcc/arm-none-eabi/4.8.3/../../../../arm-none-eabi/lib/armv7-m/crt0.o
START GROUP
LOAD C:\Users\lester\AppData\Local\Temp\VMBuilds\FeederDue\arduino_due_x\Debug\FeederDue.cpp.o
LOAD C:\Users\lester\AppData\Local\Temp\VMBuilds\FeederDue\arduino_due_x\Debug\Wire\Wire.cpp.o
LOAD C:\Users\lester\AppData\Local\Temp\VMBuilds\FeederDue\arduino_due_x\Debug\SPI\SPI.cpp.o
LOAD C:\Users\lester\AppData\Local\Temp\VMBuilds\FeederDue\arduino_due_x\Debug\AutoDriver_Due\AutoDriverCommands_Due.cpp.o
LOAD C:\Users\lester\AppData\Local\Temp\VMBuilds\FeederDue\arduino_due_x\Debug\AutoDriver_Due\AutoDriverConfig_Due.cpp.o
LOAD C:\Users\lester\AppData\Local\Temp\VMBuilds\FeederDue\arduino_due_x\Debug\AutoDriver_Due\AutoDriverSupport_Due.cpp.o
LOAD C:\Users\lester\AppData\Local\Temp\VMBuilds\FeederDue\arduino_due_x\Debug\AutoDriver_Due\AutoDriver_Due.cpp.o
LOAD C:\Users\lester\AppData\Local\Temp\VMBuilds\FeederDue\arduino_due_x\Debug\DueTimer\DueTimer.cpp.o
LOAD C:\Users\lester\AppData\Local\Temp\VMBuilds\FeederDue\arduino_due_x\Debug\LCD5110_Basic\DefaultFonts.c.o
LOAD C:\Users\lester\AppData\Local\Temp\VMBuilds\FeederDue\arduino_due_x\Debug\LCD5110_Basic\LCD5110_Basic.cpp.o
LOAD C:\Users\lester\AppData\Local\Temp\VMBuilds\FeederDue\arduino_due_x\Debug\MemoryFree\MemoryFree.cpp.o
LOAD C:\Users\lester\AppData\Local\Temp\VMBuilds\FeederDue\arduino_due_x\Debug\MemoryFree\pgmStrToRAM.cpp.o
LOAD C:\Users\lester\AppData\Local\Temp\VMBuilds\FeederDue\arduino_due_x\Debug\TinyEKF\tiny_ekf.c.o
LOAD C:\Users\lester\AppData\Local\Temp\VMBuilds\FeederDue\arduino_due_x\Debug\VM_DBG\VM_DBG.cpp.o
LOAD C:\Users\lester\AppData\Local\Temp\VMBuilds\FeederDue\arduino_due_x\Debug\VM_DBG\VM_mem_check_sam.cpp.o
LOAD C:\Users\lester\AppData\Local\Temp\VMBuilds\FeederDue\arduino_due_x\Debug\variant\variant.cpp.o
LOAD C:\Users\lester\AppData\Local\arduino15\packages\arduino\hardware\sam\1.6.11\variants\arduino_due_x/libsam_sam3x8e_gcc_rel.a
LOAD C:\Users\lester\AppData\Local\Temp\VMBuilds\FeederDue\arduino_due_x\Debug/core.a
END GROUP
LOAD c:/users/lester/appdata/local/arduino15/packages/arduino/tools/arm-none-eabi-gcc/4.8.3-2014q1/bin/../lib/gcc/arm-none-eabi/4.8.3/../../../../arm-none-eabi/lib/armv7-m\libm.a
START GROUP
LOAD c:/users/lester/appdata/local/arduino15/packages/arduino/tools/arm-none-eabi-gcc/4.8.3-2014q1/bin/../lib/gcc/arm-none-eabi/4.8.3/armv7-m\libgcc.a
LOAD c:/users/lester/appdata/local/arduino15/packages/arduino/tools/arm-none-eabi-gcc/4.8.3-2014q1/bin/../lib/gcc/arm-none-eabi/4.8.3/../../../../arm-none-eabi/lib/armv7-m\libg.a
LOAD c:/users/lester/appdata/local/arduino15/packages/arduino/tools/arm-none-eabi-gcc/4.8.3-2014q1/bin/../lib/gcc/arm-none-eabi/4.8.3/../../../../arm-none-eabi/lib/armv7-m\libc.a
END GROUP
LOAD c:/users/lester/appdata/local/arduino15/packages/arduino/tools/arm-none-eabi-gcc/4.8.3-2014q1/bin/../lib/gcc/arm-none-eabi/4.8.3/armv7-m/crtend.o
LOAD c:/users/lester/appdata/local/arduino15/packages/arduino/tools/arm-none-eabi-gcc/4.8.3-2014q1/bin/../lib/gcc/arm-none-eabi/4.8.3/armv7-m/crtn.o

.text           0x00080000    0x1bdb0
                0x00080000                . = ALIGN (0x4)
                0x00080000                _sfixed = .
 *(.vectors .vectors.*)
 .vectors       0x00080000       0xf4 C:\Users\lester\AppData\Local\arduino15\packages\arduino\hardware\sam\1.6.11\variants\arduino_due_x/libsam_sam3x8e_gcc_rel.a(startup_sam3xa.o)
                0x00080000                exception_table
 *(.text .text.* .gnu.linkonce.t.*)
 .text          0x000800f4       0x54 c:/users/lester/appdata/local/arduino15/packages/arduino/tools/arm-none-eabi-gcc/4.8.3-2014q1/bin/../lib/gcc/arm-none-eabi/4.8.3/armv7-m/crtbegin.o
 .text._ZN5FUSER5modelEPdPA4_dS0_S2_
                0x00080148       0x94 C:\Users\lester\AppData\Local\Temp\VMBuilds\FeederDue\arduino_due_x\Debug\FeederDue.cpp.o
                0x00080148                FUSER::model(double*, double (*) [4], double*, double (*) [4])
 .text._ZN5FUSERD2Ev
                0x000801dc        0xc C:\Users\lester\AppData\Local\Temp\VMBuilds\FeederDue\arduino_due_x\Debug\FeederDue.cpp.o
                0x000801dc                FUSER::~FUSER()
                0x000801dc                FUSER::~FUSER()
 .text._Z14Interupt_Powerv
                0x000801e8       0x44 C:\Users\lester\AppData\Local\Temp\VMBuilds\FeederDue\arduino_due_x\Debug\FeederDue.cpp.o
                0x000801e8                Interupt_Power()
 .text._Z20Interupt_IRprox_Haltv
                0x0008022c       0x28 C:\Users\lester\AppData\Local\Temp\VMBuilds\FeederDue\arduino_due_x\Debug\FeederDue.cpp.o
                0x0008022c                Interupt_IRprox_Halt()
 .text._Z18Interupt_IR_Detectv
                0x00080254       0x88 C:\Users\lester\AppData\Local\Temp\VMBuilds\FeederDue\arduino_due_x\Debug\FeederDue.cpp.o
                0x00080254                Interupt_IR_Detect()
 .text._Z21Interupt_TimerHandlerv
                0x000802dc       0x90 C:\Users\lester\AppData\Local\Temp\VMBuilds\FeederDue\arduino_due_x\Debug\FeederDue.cpp.o
                0x000802dc                Interupt_TimerHandler()
 .text._ZN5Print5writeEPKc
                0x0008036c       0x1e C:\Users\lester\AppData\Local\Temp\VMBuilds\FeederDue\arduino_due_x\Debug\FeederDue.cpp.o
                0x0008036c                Print::write(char const*)
 *fill*         0x0008038a        0x2 
 .text._Z9SetupPinsv
                0x0008038c      0x2dc C:\Users\lester\AppData\Local\Temp\VMBuilds\FeederDue\arduino_due_x\Debug\FeederDue.cpp.o
                0x0008038c                SetupPins()
 .text._ZN8POSTRACKC2EPci
                0x00080668       0x96 C:\Users\lester\AppData\Local\Temp\VMBuilds\FeederDue\arduino_due_x\Debug\FeederDue.cpp.o
                0x00080668                POSTRACK::POSTRACK(char*, int)
                0x00080668                POSTRACK::POSTRACK(char*, int)
 *fill*         0x000806fe        0x2 
 .text._ZN3PIDC2Eff
                0x00080700      0x170 C:\Users\lester\AppData\Local\Temp\VMBuilds\FeederDue\arduino_due_x\Debug\FeederDue.cpp.o
                0x00080700                PID::PID(float, float)
                0x00080700                PID::PID(float, float)
 .text._ZN3PID8PidResetEv
                0x00080870       0x1a C:\Users\lester\AppData\Local\Temp\VMBuilds\FeederDue\arduino_due_x\Debug\FeederDue.cpp.o
                0x00080870                PID::PidReset()
 *fill*         0x0008088a        0x2 
 .text._ZN3PID16PidSetUpdateTimeEm
                0x0008088c       0x30 C:\Users\lester\AppData\Local\Temp\VMBuilds\FeederDue\arduino_due_x\Debug\FeederDue.cpp.o
                0x0008088c                PID::PidSetUpdateTime(unsigned long)
 .text._ZN8BULLDOZEC2Ev
                0x000808bc       0x7c C:\Users\lester\AppData\Local\Temp\VMBuilds\FeederDue\arduino_due_x\Debug\FeederDue.cpp.o
                0x000808bc                BULLDOZE::BULLDOZE()
                0x000808bc                BULLDOZE::BULLDOZE()
 .text._ZN8BULLDOZE9BullResetEv
                0x00080938       0x2c C:\Users\lester\AppData\Local\Temp\VMBuilds\FeederDue\arduino_due_x\Debug\FeederDue.cpp.o
                0x00080938                BULLDOZE::BullReset()
 .text._ZN6MOVETO12GetMoveErrorEd
                0x00080964       0x44 C:\Users\lester\AppData\Local\Temp\VMBuilds\FeederDue\arduino_due_x\Debug\FeederDue.cpp.o
                0x00080964                MOVETO::GetMoveError(double)
 .text._ZN6MOVETO11MoveToResetEv
                0x000809a8       0x20 C:\Users\lester\AppData\Local\Temp\VMBuilds\FeederDue\arduino_due_x\Debug\FeederDue.cpp.o
                0x000809a8                MOVETO::MoveToReset()
 .text._ZN6REWARDC2Ev
                0x000809c8      0x134 C:\Users\lester\AppData\Local\Temp\VMBuilds\FeederDue\arduino_due_x\Debug\FeederDue.cpp.o
                0x000809c8                REWARD::REWARD()
                0x000809c8                REWARD::REWARD()
 *fill*         0x00080afc        0x4 
 .text._ZN6REWARD14CompZoneBoundsEdd
                0x00080b00      0x1a8 C:\Users\lester\AppData\Local\Temp\VMBuilds\FeederDue\arduino_due_x\Debug\FeederDue.cpp.o
                0x00080b00                REWARD::CompZoneBounds(double, double)
 .text._ZN6LOGGER8QueueLogEPcm
                0x00080ca8      0x138 C:\Users\lester\AppData\Local\Temp\VMBuilds\FeederDue\arduino_due_x\Debug\FeederDue.cpp.o
                0x00080ca8                LOGGER::QueueLog(char*, unsigned long)
 .text._ZN6LOGGER20GetLogQueueAvailableEv
                0x00080de0       0x22 C:\Users\lester\AppData\Local\Temp\VMBuilds\FeederDue\arduino_due_x\Debug\FeederDue.cpp.o
                0x00080de0                LOGGER::GetLogQueueAvailable()
 *fill*         0x00080e02        0x6 
 .text._Z9AD_Configfff
                0x00080e08      0x190 C:\Users\lester\AppData\Local\Temp\VMBuilds\FeederDue\arduino_due_x\Debug\FeederDue.cpp.o
                0x00080e08                AD_Config(float, float, float)
 .text._Z10QueueDebugPcm
                0x00080f98      0x168 C:\Users\lester\AppData\Local\Temp\VMBuilds\FeederDue\arduino_due_x\Debug\FeederDue.cpp.o
                0x00080f98                QueueDebug(char*, unsigned long)
 .text._ZN4PIXY9DebugPixyEPKciPc
                0x00081100       0xb0 C:\Users\lester\AppData\Local\Temp\VMBuilds\FeederDue\arduino_due_x\Debug\FeederDue.cpp.o
                0x00081100                PIXY::DebugPixy(char const*, int, char*)
 .text._ZN3PID8DebugPidEPKciPcS2_
                0x000811b0       0x70 C:\Users\lester\AppData\Local\Temp\VMBuilds\FeederDue\arduino_due_x\Debug\FeederDue.cpp.o
                0x000811b0                PID::DebugPid(char const*, int, char*, char*)
 .text._ZN3PID11PidCheckEKFEmPc
                0x00081220       0x48 C:\Users\lester\AppData\Local\Temp\VMBuilds\FeederDue\arduino_due_x\Debug\FeederDue.cpp.o
                0x00081220                PID::PidCheckEKF(unsigned long, char*)
 .text._ZN3PID11PidResetEKFEPc
                0x00081268       0x34 C:\Users\lester\AppData\Local\Temp\VMBuilds\FeederDue\arduino_due_x\Debug\FeederDue.cpp.o
                0x00081268                PID::PidResetEKF(char*)
 .text._ZN8BULLDOZE9DebugBullEPKciPcS2_
                0x0008129c       0x78 C:\Users\lester\AppData\Local\Temp\VMBuilds\FeederDue\arduino_due_x\Debug\FeederDue.cpp.o
                0x0008129c                BULLDOZE::DebugBull(char const*, int, char*, char*)
 .text._ZN8BULLDOZE16BullReinitializeEffPc
                0x00081314       0x80 C:\Users\lester\AppData\Local\Temp\VMBuilds\FeederDue\arduino_due_x\Debug\FeederDue.cpp.o
                0x00081314                BULLDOZE::BullReinitialize(float, float, char*)
 .text._ZN8BULLDOZE6BullOnEPc
                0x00081394       0x34 C:\Users\lester\AppData\Local\Temp\VMBuilds\FeederDue\arduino_due_x\Debug\FeederDue.cpp.o
                0x00081394                BULLDOZE::BullOn(char*)
 .text._ZN8BULLDOZE10BullResumeEPc
                0x000813c8       0x34 C:\Users\lester\AppData\Local\Temp\VMBuilds\FeederDue\arduino_due_x\Debug\FeederDue.cpp.o
                0x000813c8                BULLDOZE::BullResume(char*)
 .text._ZN6LOGGER8WriteLogEv
                0x000813fc      0x100 C:\Users\lester\AppData\Local\Temp\VMBuilds\FeederDue\arduino_due_x\Debug\FeederDue.cpp.o
                0x000813fc                LOGGER::WriteLog()
 .text._Z9DebugFlowPKciPcm
                0x000814fc       0x58 C:\Users\lester\AppData\Local\Temp\VMBuilds\FeederDue\arduino_due_x\Debug\FeederDue.cpp.o
                0x000814fc                DebugFlow(char const*, int, char*, unsigned long)
 .text._ZN3PID14PidCalibrationEv
                0x00081554      0x36c C:\Users\lester\AppData\Local\Temp\VMBuilds\FeederDue\arduino_due_x\Debug\FeederDue.cpp.o
                0x00081554                PID::PidCalibration()
 .text._ZN6REWARD9SetRewDurEi
                0x000818c0       0x40 C:\Users\lester\AppData\Local\Temp\VMBuilds\FeederDue\arduino_due_x\Debug\FeederDue.cpp.o
                0x000818c0                REWARD::SetRewDur(int)
 .text._ZN6REWARD15CheckZoneBoundsEd
                0x00081900      0x120 C:\Users\lester\AppData\Local\Temp\VMBuilds\FeederDue\arduino_due_x\Debug\FeederDue.cpp.o
                0x00081900                REWARD::CheckZoneBounds(double)
 .text._ZN6REWARD10SetRewModeEPci
                0x00081a20       0xec C:\Users\lester\AppData\Local\Temp\VMBuilds\FeederDue\arduino_due_x\Debug\FeederDue.cpp.o
                0x00081a20                REWARD::SetRewMode(char*, int)
 .text._ZN6REWARD13SetMicroStepsE11ezMicrostep
                0x00081b0c      0x120 C:\Users\lester\AppData\Local\Temp\VMBuilds\FeederDue\arduino_due_x\Debug\FeederDue.cpp.o
                0x00081b0c                REWARD::SetMicroSteps(ezMicrostep)
 .text._ZN6REWARD13ExtendFeedArmEv
                0x00081c2c       0xc4 C:\Users\lester\AppData\Local\Temp\VMBuilds\FeederDue\arduino_due_x\Debug\FeederDue.cpp.o
                0x00081c2c                REWARD::ExtendFeedArm()
 .text._ZN6REWARD14RetractFeedArmEv
                0x00081cf0       0xc0 C:\Users\lester\AppData\Local\Temp\VMBuilds\FeederDue\arduino_due_x\Debug\FeederDue.cpp.o
                0x00081cf0                REWARD::RetractFeedArm()
 .text._ZN6REWARD11RewardResetEb
                0x00081db0      0x124 C:\Users\lester\AppData\Local\Temp\VMBuilds\FeederDue\arduino_due_x\Debug\FeederDue.cpp.o
                0x00081db0                REWARD::RewardReset(bool)
 .text._Z8HardStopPcb
                0x00081ed4       0x80 C:\Users\lester\AppData\Local\Temp\VMBuilds\FeederDue\arduino_due_x\Debug\FeederDue.cpp.o
                0x00081ed4                HardStop(char*, bool)
 .text._Z14ChangeLCDlightm
                0x00081f54       0x74 C:\Users\lester\AppData\Local\Temp\VMBuilds\FeederDue\arduino_due_x\Debug\FeederDue.cpp.o
                0x00081f54                ChangeLCDlight(unsigned long)
 .text._Z14GetButtonInputv
                0x00081fc8      0x360 C:\Users\lester\AppData\Local\Temp\VMBuilds\FeederDue\arduino_due_x\Debug\FeederDue.cpp.o
                0x00081fc8                GetButtonInput()
 .text._Z12DebugWarningPKciPcm
                0x00082328       0x90 C:\Users\lester\AppData\Local\Temp\VMBuilds\FeederDue\arduino_due_x\Debug\FeederDue.cpp.o
                0x00082328                DebugWarning(char const*, int, char*, unsigned long)
 .text._ZN8POSTRACK9UpdatePosEdmb
                0x000823b8      0x408 C:\Users\lester\AppData\Local\Temp\VMBuilds\FeederDue\arduino_due_x\Debug\FeederDue.cpp.o
                0x000823b8                POSTRACK::UpdatePos(double, unsigned long, bool)
 .text._ZN8POSTRACK7SwapPosEdm
                0x000827c0       0x78 C:\Users\lester\AppData\Local\Temp\VMBuilds\FeederDue\arduino_due_x\Debug\FeederDue.cpp.o
                0x000827c0                POSTRACK::SwapPos(double, unsigned long)
 .text._Z11IRprox_Haltv
                0x00082838       0x88 C:\Users\lester\AppData\Local\Temp\VMBuilds\FeederDue\arduino_due_x\Debug\FeederDue.cpp.o
                0x00082838                IRprox_Halt()
 .text._Z11CheckSampDTv
                0x000828c0      0x188 C:\Users\lester\AppData\Local\Temp\VMBuilds\FeederDue\arduino_due_x\Debug\FeederDue.cpp.o
                0x000828c0                CheckSampDT()
 .text._Z9UpdateEKFv
                0x00082a48      0x270 C:\Users\lester\AppData\Local\Temp\VMBuilds\FeederDue\arduino_due_x\Debug\FeederDue.cpp.o
                0x00082a48                UpdateEKF()
 .text._Z10DebugErrorPKciPcm
                0x00082cb8       0x90 C:\Users\lester\AppData\Local\Temp\VMBuilds\FeederDue\arduino_due_x\Debug\FeederDue.cpp.o
                0x00082cb8                DebugError(char const*, int, char*, unsigned long)
 .text._ZN6MOVETO8CompTargEdd
                0x00082d48      0x2c0 C:\Users\lester\AppData\Local\Temp\VMBuilds\FeederDue\arduino_due_x\Debug\FeederDue.cpp.o
                0x00082d48                MOVETO::CompTarg(double, double)
 .text._ZN6MOVETO11DecelToTargEdddd
                0x00083008      0x228 C:\Users\lester\AppData\Local\Temp\VMBuilds\FeederDue\arduino_due_x\Debug\FeederDue.cpp.o
                0x00083008                MOVETO::DecelToTarg(double, double, double, double)
 .text._ZN6REWARD12CheckFeedArmEv
                0x00083230      0x274 C:\Users\lester\AppData\Local\Temp\VMBuilds\FeederDue\arduino_due_x\Debug\FeederDue.cpp.o
                0x00083230                REWARD::CheckFeedArm()
 .text._Z11QueuePacketP2R2cffftb
                0x000834a4      0x1dc C:\Users\lester\AppData\Local\Temp\VMBuilds\FeederDue\arduino_due_x\Debug\FeederDue.cpp.o
                0x000834a4                QueuePacket(R2*, char, float, float, float, unsigned short, bool)
 .text._Z11CheckResendP2R2
                0x00083680      0x170 C:\Users\lester\AppData\Local\Temp\VMBuilds\FeederDue\arduino_due_x\Debug\FeederDue.cpp.o
                0x00083680                CheckResend(R2*)
 .text._Z17DebugMotorControlPKcibPcS1_S1_
                0x000837f0       0xc4 C:\Users\lester\AppData\Local\Temp\VMBuilds\FeederDue\arduino_due_x\Debug\FeederDue.cpp.o
                0x000837f0                DebugMotorControl(char const*, int, bool, char*, char*, char*)
 .text._Z15SetMotorControlPcS_
                0x000838b4      0x100 C:\Users\lester\AppData\Local\Temp\VMBuilds\FeederDue\arduino_due_x\Debug\FeederDue.cpp.o
                0x000838b4                SetMotorControl(char*, char*)
 .text._ZN3PID6PidRunEPc
                0x000839b4       0x7c C:\Users\lester\AppData\Local\Temp\VMBuilds\FeederDue\arduino_due_x\Debug\FeederDue.cpp.o
                0x000839b4                PID::PidRun(char*)
 .text._Z14BlockMotorTilli
                0x00083a30       0x7c C:\Users\lester\AppData\Local\Temp\VMBuilds\FeederDue\arduino_due_x\Debug\FeederDue.cpp.o
                0x00083a30                BlockMotorTill(int)
 .text._Z20CheckBlockTimElapsedv
                0x00083aac      0x164 C:\Users\lester\AppData\Local\Temp\VMBuilds\FeederDue\arduino_due_x\Debug\FeederDue.cpp.o
                0x00083aac                CheckBlockTimElapsed()
 .text._Z13DebugRunSpeedPKciPcdd
                0x00083c10       0x88 C:\Users\lester\AppData\Local\Temp\VMBuilds\FeederDue\arduino_due_x\Debug\FeederDue.cpp.o
                0x00083c10                DebugRunSpeed(char const*, int, char*, double, double)
 .text._Z8RunMotorcdPc
                0x00083c98      0x198 C:\Users\lester\AppData\Local\Temp\VMBuilds\FeederDue\arduino_due_x\Debug\FeederDue.cpp.o
                0x00083c98                RunMotor(char, double, char*)
 .text._ZN3PID7PidStopEPc
                0x00083e30       0x8c C:\Users\lester\AppData\Local\Temp\VMBuilds\FeederDue\arduino_due_x\Debug\FeederDue.cpp.o
                0x00083e30                PID::PidStop(char*)
 .text._ZN3PID7PidHoldEPc
                0x00083ebc       0x3c C:\Users\lester\AppData\Local\Temp\VMBuilds\FeederDue\arduino_due_x\Debug\FeederDue.cpp.o
                0x00083ebc                PID::PidHold(char*)
 .text._ZN3PID20PidCheckMotorControlEv
                0x00083ef8       0x70 C:\Users\lester\AppData\Local\Temp\VMBuilds\FeederDue\arduino_due_x\Debug\FeederDue.cpp.o
                0x00083ef8                PID::PidCheckMotorControl()
 .text._ZN3PID9PidUpdateEv
                0x00083f68      0x278 C:\Users\lester\AppData\Local\Temp\VMBuilds\FeederDue\arduino_due_x\Debug\FeederDue.cpp.o
                0x00083f68                PID::PidUpdate()
 .text._ZN8BULLDOZE7BullRunEPc
                0x000841e0       0xa8 C:\Users\lester\AppData\Local\Temp\VMBuilds\FeederDue\arduino_due_x\Debug\FeederDue.cpp.o
                0x000841e0                BULLDOZE::BullRun(char*)
 .text._ZN8BULLDOZE8BullStopEPc
                0x00084288       0x90 C:\Users\lester\AppData\Local\Temp\VMBuilds\FeederDue\arduino_due_x\Debug\FeederDue.cpp.o
                0x00084288                BULLDOZE::BullStop(char*)
 .text._ZN8BULLDOZE7BullOffEPc
                0x00084318       0x50 C:\Users\lester\AppData\Local\Temp\VMBuilds\FeederDue\arduino_due_x\Debug\FeederDue.cpp.o
                0x00084318                BULLDOZE::BullOff(char*)
 .text._ZN8BULLDOZE8BullHoldEPc
                0x00084368       0x58 C:\Users\lester\AppData\Local\Temp\VMBuilds\FeederDue\arduino_due_x\Debug\FeederDue.cpp.o
                0x00084368                BULLDOZE::BullHold(char*)
 .text._ZN8BULLDOZE21BullCheckMotorControlEv
                0x000843c0       0x88 C:\Users\lester\AppData\Local\Temp\VMBuilds\FeederDue\arduino_due_x\Debug\FeederDue.cpp.o
                0x000843c0                BULLDOZE::BullCheckMotorControl()
 .text._ZN8BULLDOZE10UpdateBullEv
                0x00084448      0x15c C:\Users\lester\AppData\Local\Temp\VMBuilds\FeederDue\arduino_due_x\Debug\FeederDue.cpp.o
                0x00084448                BULLDOZE::UpdateBull()
 .text._Z9DebugRcvdP2R4Pcb
                0x000845a4      0x108 C:\Users\lester\AppData\Local\Temp\VMBuilds\FeederDue\arduino_due_x\Debug\FeederDue.cpp.o
                0x000845a4                DebugRcvd(R4*, char*, bool)
 .text._Z9DebugSentP2R2Pcb
                0x000846ac       0xdc C:\Users\lester\AppData\Local\Temp\VMBuilds\FeederDue\arduino_due_x\Debug\FeederDue.cpp.o
                0x000846ac                DebugSent(R2*, char*, bool)
 .text._Z8PrintLCDbPcS_c
                0x00084788       0x68 C:\Users\lester\AppData\Local\Temp\VMBuilds\FeederDue\arduino_due_x\Debug\FeederDue.cpp.o
                0x00084788                PrintLCD(bool, char*, char*, char)
 .text._Z9ManualRunc
                0x000847f0       0xe0 C:\Users\lester\AppData\Local\Temp\VMBuilds\FeederDue\arduino_due_x\Debug\FeederDue.cpp.o
                0x000847f0                ManualRun(char)
 .text._Z20OpenCloseRewSolenoidv
                0x000848d0       0x9c C:\Users\lester\AppData\Local\Temp\VMBuilds\FeederDue\arduino_due_x\Debug\FeederDue.cpp.o
                0x000848d0                OpenCloseRewSolenoid()
 .text._Z21OpenCloseEtOHSolenoidv
                0x0008496c       0xb0 C:\Users\lester\AppData\Local\Temp\VMBuilds\FeederDue\arduino_due_x\Debug\FeederDue.cpp.o
                0x0008496c                OpenCloseEtOHSolenoid()
 .text._Z8ClearLCDv
                0x00084a1c       0x1c C:\Users\lester\AppData\Local\Temp\VMBuilds\FeederDue\arduino_due_x\Debug\FeederDue.cpp.o
                0x00084a1c                ClearLCD()
 .text._ZN6REWARD6EndRewEv
                0x00084a38      0x110 C:\Users\lester\AppData\Local\Temp\VMBuilds\FeederDue\arduino_due_x\Debug\FeederDue.cpp.o
                0x00084a38                REWARD::EndRew()
 .text._Z17PrintSpecialCharscb
                0x00084b48      0x19c C:\Users\lester\AppData\Local\Temp\VMBuilds\FeederDue\arduino_due_x\Debug\FeederDue.cpp.o
                0x00084b48                PrintSpecialChars(char, bool)
 .text._Z12WaitBuffReadP2R4c
                0x00084ce4      0x1e8 C:\Users\lester\AppData\Local\Temp\VMBuilds\FeederDue\arduino_due_x\Debug\FeederDue.cpp.o
                0x00084ce4                WaitBuffRead(R4*, char)
 .text._Z22GetPrintQueueAvailablev
                0x00084ecc       0x24 C:\Users\lester\AppData\Local\Temp\VMBuilds\FeederDue\arduino_due_x\Debug\FeederDue.cpp.o
                0x00084ecc                GetPrintQueueAvailable()
 .text._Z10PrintDebugv
                0x00084ef0       0x48 C:\Users\lester\AppData\Local\Temp\VMBuilds\FeederDue\arduino_due_x\Debug\FeederDue.cpp.o
                0x00084ef0                PrintDebug()
 .text._Z12GetAD_StatustPc
                0x00084f38       0x84 C:\Users\lester\AppData\Local\Temp\VMBuilds\FeederDue\arduino_due_x\Debug\FeederDue.cpp.o
                0x00084f38                GetAD_Status(unsigned short, char*)
 .text._Z10AD_CheckOCb
                0x00084fbc      0x15c C:\Users\lester\AppData\Local\Temp\VMBuilds\FeederDue\arduino_due_x\Debug\FeederDue.cpp.o
                0x00084fbc                AD_CheckOC(bool)
 .text._Z8AD_Resetfff
                0x00085118       0xe0 C:\Users\lester\AppData\Local\Temp\VMBuilds\FeederDue\arduino_due_x\Debug\FeederDue.cpp.o
                0x00085118                AD_Reset(float, float, float)
 .text._Z9CheckEtOHv
                0x000851f8      0x124 C:\Users\lester\AppData\Local\Temp\VMBuilds\FeederDue\arduino_due_x\Debug\FeederDue.cpp.o
                0x000851f8                CheckEtOH()
 .text._Z15LogTrackingDatav
                0x0008531c      0x260 C:\Users\lester\AppData\Local\Temp\VMBuilds\FeederDue\arduino_due_x\Debug\FeederDue.cpp.o
                0x0008531c                LogTrackingData()
 .text._Z11StatusBlinkbhtb
                0x0008557c      0x110 C:\Users\lester\AppData\Local\Temp\VMBuilds\FeederDue\arduino_due_x\Debug\FeederDue.cpp.o
                0x0008557c                StatusBlink(bool, unsigned char, unsigned short, bool)
 *fill*         0x0008568c        0x4 
 .text._Z18InitializeTrackingv
                0x00085690      0x2e0 C:\Users\lester\AppData\Local\Temp\VMBuilds\FeederDue\arduino_due_x\Debug\FeederDue.cpp.o
                0x00085690                InitializeTracking()
 .text._Z9CheckLoopv
                0x00085970      0x244 C:\Users\lester\AppData\Local\Temp\VMBuilds\FeederDue\arduino_due_x\Debug\FeederDue.cpp.o
                0x00085970                CheckLoop()
 .text._Z5DoAllPcm
                0x00085bb4       0xec C:\Users\lester\AppData\Local\Temp\VMBuilds\FeederDue\arduino_due_x\Debug\FeederDue.cpp.o
                0x00085bb4                DoAll(char*, unsigned long)
 .text._ZN6LOGGER11PrintLOGGEREPcb
                0x00085ca0       0x48 C:\Users\lester\AppData\Local\Temp\VMBuilds\FeederDue\arduino_due_x\Debug\FeederDue.cpp.o
                0x00085ca0                LOGGER::PrintLOGGER(char*, bool)
 .text._ZN6LOGGER8GetReplyEm
                0x00085ce8      0x290 C:\Users\lester\AppData\Local\Temp\VMBuilds\FeederDue\arduino_due_x\Debug\FeederDue.cpp.o
                0x00085ce8                LOGGER::GetReply(unsigned long)
 .text._ZN6LOGGER11SendCommandEPcbm
                0x00085f78       0xec C:\Users\lester\AppData\Local\Temp\VMBuilds\FeederDue\arduino_due_x\Debug\FeederDue.cpp.o
                0x00085f78                LOGGER::SendCommand(char*, bool, unsigned long)
 .text._ZN6LOGGER12SetToCmdModeEv
                0x00086064       0xc4 C:\Users\lester\AppData\Local\Temp\VMBuilds\FeederDue\arduino_due_x\Debug\FeederDue.cpp.o
                0x00086064                LOGGER::SetToCmdMode()
 .text._ZN6LOGGER5SetupEv
                0x00086128       0xc8 C:\Users\lester\AppData\Local\Temp\VMBuilds\FeederDue\arduino_due_x\Debug\FeederDue.cpp.o
                0x00086128                LOGGER::Setup()
 .text._ZN6LOGGER14SetToWriteModeEPc
                0x000861f0       0xac C:\Users\lester\AppData\Local\Temp\VMBuilds\FeederDue\arduino_due_x\Debug\FeederDue.cpp.o
                0x000861f0                LOGGER::SetToWriteMode(char*)
 .text._ZN6LOGGER10OpenNewLogEv
                0x0008629c      0x234 C:\Users\lester\AppData\Local\Temp\VMBuilds\FeederDue\arduino_due_x\Debug\FeederDue.cpp.o
                0x0008629c                LOGGER::OpenNewLog()
 .text._ZN6LOGGER10StreamLogsEv
                0x000864d0      0x84c C:\Users\lester\AppData\Local\Temp\VMBuilds\FeederDue\arduino_due_x\Debug\FeederDue.cpp.o
                0x000864d0                LOGGER::StreamLogs()
 .text._Z11QuitSessionv
                0x00086d1c       0x60 C:\Users\lester\AppData\Local\Temp\VMBuilds\FeederDue\arduino_due_x\Debug\FeederDue.cpp.o
                0x00086d1c                QuitSession()
 .text._Z12RunErrorHoldPcm
                0x00086d7c      0x10c C:\Users\lester\AppData\Local\Temp\VMBuilds\FeederDue\arduino_due_x\Debug\FeederDue.cpp.o
                0x00086d7c                RunErrorHold(char*, unsigned long)
 .text._Z12CheckBatteryb
                0x00086e88      0x274 C:\Users\lester\AppData\Local\Temp\VMBuilds\FeederDue\arduino_due_x\Debug\FeederDue.cpp.o
                0x00086e88                CheckBattery(bool)
 .text.setup    0x000870fc      0x944 C:\Users\lester\AppData\Local\Temp\VMBuilds\FeederDue\arduino_due_x\Debug\FeederDue.cpp.o
                0x000870fc                setup
 .text._Z6ID_IndI2R4EicPT_
                0x00087a40       0x54 C:\Users\lester\AppData\Local\Temp\VMBuilds\FeederDue\arduino_due_x\Debug\FeederDue.cpp.o
                0x00087a40                int ID_Ind<R4>(char, R4*)
 .text._Z6ID_IndI2R2EicPT_
                0x00087a94       0x54 C:\Users\lester\AppData\Local\Temp\VMBuilds\FeederDue\arduino_due_x\Debug\FeederDue.cpp.o
                0x00087a94                int ID_Ind<R2>(char, R2*)
 .text._Z9GetSerialP2R4
                0x00087ae8      0x3c0 C:\Users\lester\AppData\Local\Temp\VMBuilds\FeederDue\arduino_due_x\Debug\FeederDue.cpp.o
                0x00087ae8                GetSerial(R4*)
 .text._Z10SendPacketP2R2
                0x00087ea8      0x298 C:\Users\lester\AppData\Local\Temp\VMBuilds\FeederDue\arduino_due_x\Debug\FeederDue.cpp.o
                0x00087ea8                SendPacket(R2*)
 .text._ZN6REWARD8StartRewEv
                0x00088140      0x184 C:\Users\lester\AppData\Local\Temp\VMBuilds\FeederDue\arduino_due_x\Debug\FeederDue.cpp.o
                0x00088140                REWARD::StartRew()
 .text._Z13CheckForStartv
                0x000882c4      0x210 C:\Users\lester\AppData\Local\Temp\VMBuilds\FeederDue\arduino_due_x\Debug\FeederDue.cpp.o
                0x000882c4                CheckForStart()
 *fill*         0x000884d4        0x4 
 .text.startup._GLOBAL__sub_I_pin
                0x000884d8      0x258 C:\Users\lester\AppData\Local\Temp\VMBuilds\FeederDue\arduino_due_x\Debug\FeederDue.cpp.o
 .text._ZN4PIXY11PixyGetWordEv
                0x00088730       0x2c C:\Users\lester\AppData\Local\Temp\VMBuilds\FeederDue\arduino_due_x\Debug\FeederDue.cpp.o
                0x00088730                PIXY::PixyGetWord()
 .text._ZN4PIXY11PixyGetByteEv
                0x0008875c       0x1c C:\Users\lester\AppData\Local\Temp\VMBuilds\FeederDue\arduino_due_x\Debug\FeederDue.cpp.o
                0x0008875c                PIXY::PixyGetByte()
 .text._ZN4PIXY14PixyCheckStartEv
                0x00088778       0xa8 C:\Users\lester\AppData\Local\Temp\VMBuilds\FeederDue\arduino_due_x\Debug\FeederDue.cpp.o
                0x00088778                PIXY::PixyCheckStart()
 .text._ZN4PIXY13PixyGetBlocksEv
                0x00088820      0x144 C:\Users\lester\AppData\Local\Temp\VMBuilds\FeederDue\arduino_due_x\Debug\FeederDue.cpp.o
                0x00088820                PIXY::PixyGetBlocks()
 *fill*         0x00088964        0x4 
 .text._ZN4PIXY10PixyUpdateEb
                0x00088968      0x2b0 C:\Users\lester\AppData\Local\Temp\VMBuilds\FeederDue\arduino_due_x\Debug\FeederDue.cpp.o
                0x00088968                PIXY::PixyUpdate(bool)
 .text._Z12HardwareTestv
                0x00088c18      0x938 C:\Users\lester\AppData\Local\Temp\VMBuilds\FeederDue\arduino_due_x\Debug\FeederDue.cpp.o
                0x00088c18                HardwareTest()
 .text.loop     0x00089550     0x1800 C:\Users\lester\AppData\Local\Temp\VMBuilds\FeederDue\arduino_due_x\Debug\FeederDue.cpp.o
                0x00089550                loop
 .text._ZN7TwoWire5writeEPKhj
                0x0008ad50       0x50 C:\Users\lester\AppData\Local\Temp\VMBuilds\FeederDue\arduino_due_x\Debug\Wire\Wire.cpp.o
                0x0008ad50                TwoWire::write(unsigned char const*, unsigned int)
 .text._ZN7TwoWire9availableEv
                0x0008ada0        0xc C:\Users\lester\AppData\Local\Temp\VMBuilds\FeederDue\arduino_due_x\Debug\Wire\Wire.cpp.o
                0x0008ada0                TwoWire::available()
 .text._ZN7TwoWire4readEv
                0x0008adac       0x1e C:\Users\lester\AppData\Local\Temp\VMBuilds\FeederDue\arduino_due_x\Debug\Wire\Wire.cpp.o
                0x0008adac                TwoWire::read()
 .text._ZN7TwoWire4peekEv
                0x0008adca       0x16 C:\Users\lester\AppData\Local\Temp\VMBuilds\FeederDue\arduino_due_x\Debug\Wire\Wire.cpp.o
                0x0008adca                TwoWire::peek()
 .text._ZN7TwoWire5flushEv
                0x0008ade0        0x2 C:\Users\lester\AppData\Local\Temp\VMBuilds\FeederDue\arduino_due_x\Debug\Wire\Wire.cpp.o
                0x0008ade0                TwoWire::flush()
 .text._ZN7TwoWire5writeEh
                0x0008ade2       0x3a C:\Users\lester\AppData\Local\Temp\VMBuilds\FeederDue\arduino_due_x\Debug\Wire\Wire.cpp.o
                0x0008ade2                TwoWire::write(unsigned char)
 .text._ZL24TWI_WaitTransferCompleteP3Twim.constprop.4
                0x0008ae1c       0x2c C:\Users\lester\AppData\Local\Temp\VMBuilds\FeederDue\arduino_due_x\Debug\Wire\Wire.cpp.o
 .text._ZL9Wire_Initv
                0x0008ae48       0x54 C:\Users\lester\AppData\Local\Temp\VMBuilds\FeederDue\arduino_due_x\Debug\Wire\Wire.cpp.o
 .text._ZL12Wire1_Deinitv
                0x0008ae9c       0x18 C:\Users\lester\AppData\Local\Temp\VMBuilds\FeederDue\arduino_due_x\Debug\Wire\Wire.cpp.o
 .text._ZL11Wire_Deinitv
                0x0008aeb4       0x18 C:\Users\lester\AppData\Local\Temp\VMBuilds\FeederDue\arduino_due_x\Debug\Wire\Wire.cpp.o
 .text._ZL10Wire1_Initv
                0x0008aecc       0x54 C:\Users\lester\AppData\Local\Temp\VMBuilds\FeederDue\arduino_due_x\Debug\Wire\Wire.cpp.o
 .text._ZN7TwoWireC2EP3TwiPFvvES3_
                0x0008af20       0x48 C:\Users\lester\AppData\Local\Temp\VMBuilds\FeederDue\arduino_due_x\Debug\Wire\Wire.cpp.o
                0x0008af20                TwoWire::TwoWire(Twi*, void (*)(), void (*)())
                0x0008af20                TwoWire::TwoWire(Twi*, void (*)(), void (*)())
 .text._ZN7TwoWire5beginEv
                0x0008af68       0x30 C:\Users\lester\AppData\Local\Temp\VMBuilds\FeederDue\arduino_due_x\Debug\Wire\Wire.cpp.o
                0x0008af68                TwoWire::begin()
 .text._ZN7TwoWire11requestFromEhhmhh
                0x0008af98       0x78 C:\Users\lester\AppData\Local\Temp\VMBuilds\FeederDue\arduino_due_x\Debug\Wire\Wire.cpp.o
                0x0008af98                TwoWire::requestFrom(unsigned char, unsigned char, unsigned long, unsigned char, unsigned char)
 .text._ZN7TwoWire11requestFromEhhh
                0x0008b010       0x12 C:\Users\lester\AppData\Local\Temp\VMBuilds\FeederDue\arduino_due_x\Debug\Wire\Wire.cpp.o
                0x0008b010                TwoWire::requestFrom(unsigned char, unsigned char, unsigned char)
 .text._ZN7TwoWire11requestFromEii
                0x0008b022        0xa C:\Users\lester\AppData\Local\Temp\VMBuilds\FeederDue\arduino_due_x\Debug\Wire\Wire.cpp.o
                0x0008b022                TwoWire::requestFrom(int, int)
 .text._ZN7TwoWire9onServiceEv
                0x0008b02c      0x118 C:\Users\lester\AppData\Local\Temp\VMBuilds\FeederDue\arduino_due_x\Debug\Wire\Wire.cpp.o
                0x0008b02c                TwoWire::onService()
 .text.TWI1_Handler
                0x0008b144        0xc C:\Users\lester\AppData\Local\Temp\VMBuilds\FeederDue\arduino_due_x\Debug\Wire\Wire.cpp.o
                0x0008b144                TWI1_Handler
 .text.TWI0_Handler
                0x0008b150        0xc C:\Users\lester\AppData\Local\Temp\VMBuilds\FeederDue\arduino_due_x\Debug\Wire\Wire.cpp.o
                0x0008b150                TWI0_Handler
 .text.startup._GLOBAL__sub_I__ZN7TwoWireC2EP3TwiPFvvES3_
                0x0008b15c       0x40 C:\Users\lester\AppData\Local\Temp\VMBuilds\FeederDue\arduino_due_x\Debug\Wire\Wire.cpp.o
 .text._ZL10SPI_0_Initv
                0x0008b19c       0x48 C:\Users\lester\AppData\Local\Temp\VMBuilds\FeederDue\arduino_due_x\Debug\SPI\SPI.cpp.o
 .text._ZN8SPIClass4initEv
                0x0008b1e4       0x36 C:\Users\lester\AppData\Local\Temp\VMBuilds\FeederDue\arduino_due_x\Debug\SPI\SPI.cpp.o
                0x0008b1e4                SPIClass::init()
 .text._ZN8SPIClass11setBitOrderEh8BitOrder
                0x0008b21a       0x1e C:\Users\lester\AppData\Local\Temp\VMBuilds\FeederDue\arduino_due_x\Debug\SPI\SPI.cpp.o
                0x0008b21a                SPIClass::setBitOrder(unsigned char, BitOrder)
 .text._ZN8SPIClass11setDataModeEhh
                0x0008b238       0x34 C:\Users\lester\AppData\Local\Temp\VMBuilds\FeederDue\arduino_due_x\Debug\SPI\SPI.cpp.o
                0x0008b238                SPIClass::setDataMode(unsigned char, unsigned char)
 .text._ZN8SPIClass15setClockDividerEhh
                0x0008b26c       0x2e C:\Users\lester\AppData\Local\Temp\VMBuilds\FeederDue\arduino_due_x\Debug\SPI\SPI.cpp.o
                0x0008b26c                SPIClass::setClockDivider(unsigned char, unsigned char)
 .text._ZN8SPIClass5beginEv
                0x0008b29a       0x22 C:\Users\lester\AppData\Local\Temp\VMBuilds\FeederDue\arduino_due_x\Debug\SPI\SPI.cpp.o
                0x0008b29a                SPIClass::begin()
 .text._ZN8SPIClass8transferEhh15SPITransferMode
                0x0008b2bc       0x5e C:\Users\lester\AppData\Local\Temp\VMBuilds\FeederDue\arduino_due_x\Debug\SPI\SPI.cpp.o
                0x0008b2bc                SPIClass::transfer(unsigned char, unsigned char, SPITransferMode)
 *fill*         0x0008b31a        0x2 
 .text.startup._GLOBAL__sub_I__ZN8SPIClassC2EP3SpimPFvvE
                0x0008b31c       0x24 C:\Users\lester\AppData\Local\Temp\VMBuilds\FeederDue\arduino_due_x\Debug\SPI\SPI.cpp.o
 .text._ZN14AutoDriver_Due8setParamEhm
                0x0008b340       0x1a C:\Users\lester\AppData\Local\Temp\VMBuilds\FeederDue\arduino_due_x\Debug\AutoDriver_Due\AutoDriverCommands_Due.cpp.o
                0x0008b340                AutoDriver_Due::setParam(unsigned char, unsigned long)
 .text._ZN14AutoDriver_Due8getParamEh
                0x0008b35a       0x1c C:\Users\lester\AppData\Local\Temp\VMBuilds\FeederDue\arduino_due_x\Debug\AutoDriver_Due\AutoDriverCommands_Due.cpp.o
                0x0008b35a                AutoDriver_Due::getParam(unsigned char)
 *fill*         0x0008b376        0x2 
 .text._ZN14AutoDriver_Due3runEhf
                0x0008b378       0x48 C:\Users\lester\AppData\Local\Temp\VMBuilds\FeederDue\arduino_due_x\Debug\AutoDriver_Due\AutoDriverCommands_Due.cpp.o
                0x0008b378                AutoDriver_Due::run(unsigned char, float)
 .text._ZN14AutoDriver_Due8resetDevEv
                0x0008b3c0        0x6 C:\Users\lester\AppData\Local\Temp\VMBuilds\FeederDue\arduino_due_x\Debug\AutoDriver_Due\AutoDriverCommands_Due.cpp.o
                0x0008b3c0                AutoDriver_Due::resetDev()
 .text._ZN14AutoDriver_Due8hardStopEv
                0x0008b3c6        0x6 C:\Users\lester\AppData\Local\Temp\VMBuilds\FeederDue\arduino_due_x\Debug\AutoDriver_Due\AutoDriverCommands_Due.cpp.o
                0x0008b3c6                AutoDriver_Due::hardStop()
 .text._ZN14AutoDriver_Due7hardHiZEv
                0x0008b3cc        0x6 C:\Users\lester\AppData\Local\Temp\VMBuilds\FeederDue\arduino_due_x\Debug\AutoDriver_Due\AutoDriverCommands_Due.cpp.o
                0x0008b3cc                AutoDriver_Due::hardHiZ()
 .text._ZN14AutoDriver_Due9getStatusEv
                0x0008b3d2       0x2c C:\Users\lester\AppData\Local\Temp\VMBuilds\FeederDue\arduino_due_x\Debug\AutoDriver_Due\AutoDriverCommands_Due.cpp.o
                0x0008b3d2                AutoDriver_Due::getStatus()
 .text._ZN14AutoDriver_Due13configSyncPinEhh
                0x0008b3fe       0x2c C:\Users\lester\AppData\Local\Temp\VMBuilds\FeederDue\arduino_due_x\Debug\AutoDriver_Due\AutoDriverConfig_Due.cpp.o
                0x0008b3fe                AutoDriver_Due::configSyncPin(unsigned char, unsigned char)
 .text._ZN14AutoDriver_Due11setMaxSpeedEf
                0x0008b42a       0x16 C:\Users\lester\AppData\Local\Temp\VMBuilds\FeederDue\arduino_due_x\Debug\AutoDriver_Due\AutoDriverConfig_Due.cpp.o
                0x0008b42a                AutoDriver_Due::setMaxSpeed(float)
 .text._ZN14AutoDriver_Due12setFullSpeedEf
                0x0008b440       0x16 C:\Users\lester\AppData\Local\Temp\VMBuilds\FeederDue\arduino_due_x\Debug\AutoDriver_Due\AutoDriverConfig_Due.cpp.o
                0x0008b440                AutoDriver_Due::setFullSpeed(float)
 .text._ZN14AutoDriver_Due6setAccEf
                0x0008b456       0x16 C:\Users\lester\AppData\Local\Temp\VMBuilds\FeederDue\arduino_due_x\Debug\AutoDriver_Due\AutoDriverConfig_Due.cpp.o
                0x0008b456                AutoDriver_Due::setAcc(float)
 .text._ZN14AutoDriver_Due6setDecEf
                0x0008b46c       0x16 C:\Users\lester\AppData\Local\Temp\VMBuilds\FeederDue\arduino_due_x\Debug\AutoDriver_Due\AutoDriverConfig_Due.cpp.o
                0x0008b46c                AutoDriver_Due::setDec(float)
 .text._ZN14AutoDriver_Due14setOCThresholdEh
                0x0008b482        0xa C:\Users\lester\AppData\Local\Temp\VMBuilds\FeederDue\arduino_due_x\Debug\AutoDriver_Due\AutoDriverConfig_Due.cpp.o
                0x0008b482                AutoDriver_Due::setOCThreshold(unsigned char)
 .text._ZN14AutoDriver_Due10setPWMFreqEii
                0x0008b48c       0x2c C:\Users\lester\AppData\Local\Temp\VMBuilds\FeederDue\arduino_due_x\Debug\AutoDriver_Due\AutoDriverConfig_Due.cpp.o
                0x0008b48c                AutoDriver_Due::setPWMFreq(int, int)
 .text._ZN14AutoDriver_Due11setSlewRateEi
                0x0008b4b8       0x22 C:\Users\lester\AppData\Local\Temp\VMBuilds\FeederDue\arduino_due_x\Debug\AutoDriver_Due\AutoDriverConfig_Due.cpp.o
                0x0008b4b8                AutoDriver_Due::setSlewRate(int)
 .text._ZN14AutoDriver_Due13setOCShutdownEi
                0x0008b4da       0x22 C:\Users\lester\AppData\Local\Temp\VMBuilds\FeederDue\arduino_due_x\Debug\AutoDriver_Due\AutoDriverConfig_Due.cpp.o
                0x0008b4da                AutoDriver_Due::setOCShutdown(int)
 .text._ZN14AutoDriver_Due14setVoltageCompEi
                0x0008b4fc       0x22 C:\Users\lester\AppData\Local\Temp\VMBuilds\FeederDue\arduino_due_x\Debug\AutoDriver_Due\AutoDriverConfig_Due.cpp.o
                0x0008b4fc                AutoDriver_Due::setVoltageComp(int)
 .text._ZN14AutoDriver_Due13setSwitchModeEi
                0x0008b51e       0x22 C:\Users\lester\AppData\Local\Temp\VMBuilds\FeederDue\arduino_due_x\Debug\AutoDriver_Due\AutoDriverConfig_Due.cpp.o
                0x0008b51e                AutoDriver_Due::setSwitchMode(int)
 .text._ZN14AutoDriver_Due10setAccKVALEh
                0x0008b540        0x8 C:\Users\lester\AppData\Local\Temp\VMBuilds\FeederDue\arduino_due_x\Debug\AutoDriver_Due\AutoDriverConfig_Due.cpp.o
                0x0008b540                AutoDriver_Due::setAccKVAL(unsigned char)
 .text._ZN14AutoDriver_Due10setDecKVALEh
                0x0008b548        0x8 C:\Users\lester\AppData\Local\Temp\VMBuilds\FeederDue\arduino_due_x\Debug\AutoDriver_Due\AutoDriverConfig_Due.cpp.o
                0x0008b548                AutoDriver_Due::setDecKVAL(unsigned char)
 .text._ZN14AutoDriver_Due10setRunKVALEh
                0x0008b550        0x8 C:\Users\lester\AppData\Local\Temp\VMBuilds\FeederDue\arduino_due_x\Debug\AutoDriver_Due\AutoDriverConfig_Due.cpp.o
                0x0008b550                AutoDriver_Due::setRunKVAL(unsigned char)
 .text._ZN14AutoDriver_Due11setHoldKVALEh
                0x0008b558        0x8 C:\Users\lester\AppData\Local\Temp\VMBuilds\FeederDue\arduino_due_x\Debug\AutoDriver_Due\AutoDriverConfig_Due.cpp.o
                0x0008b558                AutoDriver_Due::setHoldKVAL(unsigned char)
 .text._ZN14AutoDriver_Due11setLoSpdOptEb
                0x0008b560       0x24 C:\Users\lester\AppData\Local\Temp\VMBuilds\FeederDue\arduino_due_x\Debug\AutoDriver_Due\AutoDriverConfig_Due.cpp.o
                0x0008b560                AutoDriver_Due::setLoSpdOpt(bool)
 *fill*         0x0008b584        0x4 
 .text._ZN14AutoDriver_Due7accCalcEf
                0x0008b588       0x30 C:\Users\lester\AppData\Local\Temp\VMBuilds\FeederDue\arduino_due_x\Debug\AutoDriver_Due\AutoDriverSupport_Due.cpp.o
                0x0008b588                AutoDriver_Due::accCalc(float)
 .text._ZN14AutoDriver_Due7decCalcEf
                0x0008b5b8       0x30 C:\Users\lester\AppData\Local\Temp\VMBuilds\FeederDue\arduino_due_x\Debug\AutoDriver_Due\AutoDriverSupport_Due.cpp.o
                0x0008b5b8                AutoDriver_Due::decCalc(float)
 .text._ZN14AutoDriver_Due10maxSpdCalcEf
                0x0008b5e8       0x30 C:\Users\lester\AppData\Local\Temp\VMBuilds\FeederDue\arduino_due_x\Debug\AutoDriver_Due\AutoDriverSupport_Due.cpp.o
                0x0008b5e8                AutoDriver_Due::maxSpdCalc(float)
 .text._ZN14AutoDriver_Due6FSCalcEf
                0x0008b618       0x40 C:\Users\lester\AppData\Local\Temp\VMBuilds\FeederDue\arduino_due_x\Debug\AutoDriver_Due\AutoDriverSupport_Due.cpp.o
                0x0008b618                AutoDriver_Due::FSCalc(float)
 .text._ZN14AutoDriver_Due7spdCalcEf
                0x0008b658       0x40 C:\Users\lester\AppData\Local\Temp\VMBuilds\FeederDue\arduino_due_x\Debug\AutoDriver_Due\AutoDriverSupport_Due.cpp.o
                0x0008b658                AutoDriver_Due::spdCalc(float)
 .text._ZN14AutoDriver_Due7SPIXferEh
                0x0008b698       0x2c C:\Users\lester\AppData\Local\Temp\VMBuilds\FeederDue\arduino_due_x\Debug\AutoDriver_Due\AutoDriverSupport_Due.cpp.o
                0x0008b698                AutoDriver_Due::SPIXfer(unsigned char)
 .text._ZN14AutoDriver_Due9xferParamEmh
                0x0008b6c4       0x46 C:\Users\lester\AppData\Local\Temp\VMBuilds\FeederDue\arduino_due_x\Debug\AutoDriver_Due\AutoDriverSupport_Due.cpp.o
                0x0008b6c4                AutoDriver_Due::xferParam(unsigned long, unsigned char)
 .text._ZN14AutoDriver_Due12paramHandlerEhm
                0x0008b70a       0x6e C:\Users\lester\AppData\Local\Temp\VMBuilds\FeederDue\arduino_due_x\Debug\AutoDriver_Due\AutoDriverSupport_Due.cpp.o
                0x0008b70a                AutoDriver_Due::paramHandler(unsigned char, unsigned long)
 .text._ZN14AutoDriver_DueC2Eii
                0x0008b778        0xc C:\Users\lester\AppData\Local\Temp\VMBuilds\FeederDue\arduino_due_x\Debug\AutoDriver_Due\AutoDriver_Due.cpp.o
                0x0008b778                AutoDriver_Due::AutoDriver_Due(int, int)
                0x0008b778                AutoDriver_Due::AutoDriver_Due(int, int)
 .text._ZN14AutoDriver_Due9SPIConfigEv
                0x0008b784       0x80 C:\Users\lester\AppData\Local\Temp\VMBuilds\FeederDue\arduino_due_x\Debug\AutoDriver_Due\AutoDriver_Due.cpp.o
                0x0008b784                AutoDriver_Due::SPIConfig()
 .text._ZN8DueTimerC2Et
                0x0008b804        0x4 C:\Users\lester\AppData\Local\Temp\VMBuilds\FeederDue\arduino_due_x\Debug\DueTimer\DueTimer.cpp.o
                0x0008b804                DueTimer::DueTimer(unsigned short)
                0x0008b804                DueTimer::DueTimer(unsigned short)
 .text._ZN8DueTimer15attachInterruptEPFvvE
                0x0008b808       0x10 C:\Users\lester\AppData\Local\Temp\VMBuilds\FeederDue\arduino_due_x\Debug\DueTimer\DueTimer.cpp.o
                0x0008b808                DueTimer::attachInterrupt(void (*)())
 .text._ZN8DueTimer4stopEv
                0x0008b818       0x3c C:\Users\lester\AppData\Local\Temp\VMBuilds\FeederDue\arduino_due_x\Debug\DueTimer\DueTimer.cpp.o
                0x0008b818                DueTimer::stop()
 *fill*         0x0008b854        0x4 
 .text._ZN8DueTimer9bestClockEdRm
                0x0008b858      0x1a8 C:\Users\lester\AppData\Local\Temp\VMBuilds\FeederDue\arduino_due_x\Debug\DueTimer\DueTimer.cpp.o
                0x0008b858                DueTimer::bestClock(double, unsigned long&)
 .text._ZN8DueTimer12setFrequencyEd
                0x0008ba00      0x120 C:\Users\lester\AppData\Local\Temp\VMBuilds\FeederDue\arduino_due_x\Debug\DueTimer\DueTimer.cpp.o
                0x0008ba00                DueTimer::setFrequency(double)
 .text._ZN8DueTimer9setPeriodEd
                0x0008bb20       0x28 C:\Users\lester\AppData\Local\Temp\VMBuilds\FeederDue\arduino_due_x\Debug\DueTimer\DueTimer.cpp.o
                0x0008bb20                DueTimer::setPeriod(double)
 .text._ZN8DueTimer5startEd
                0x0008bb48      0x170 C:\Users\lester\AppData\Local\Temp\VMBuilds\FeederDue\arduino_due_x\Debug\DueTimer\DueTimer.cpp.o
                0x0008bb48                DueTimer::start(double)
 .text.TC0_Handler
                0x0008bcb8       0x1c C:\Users\lester\AppData\Local\Temp\VMBuilds\FeederDue\arduino_due_x\Debug\DueTimer\DueTimer.cpp.o
                0x0008bcb8                TC0_Handler
 .text.TC1_Handler
                0x0008bcd4       0x1c C:\Users\lester\AppData\Local\Temp\VMBuilds\FeederDue\arduino_due_x\Debug\DueTimer\DueTimer.cpp.o
                0x0008bcd4                TC1_Handler
 .text.TC2_Handler
                0x0008bcf0       0x1c C:\Users\lester\AppData\Local\Temp\VMBuilds\FeederDue\arduino_due_x\Debug\DueTimer\DueTimer.cpp.o
                0x0008bcf0                TC2_Handler
 .text.TC3_Handler
                0x0008bd0c       0x1c C:\Users\lester\AppData\Local\Temp\VMBuilds\FeederDue\arduino_due_x\Debug\DueTimer\DueTimer.cpp.o
                0x0008bd0c                TC3_Handler
 .text.TC4_Handler
                0x0008bd28       0x1c C:\Users\lester\AppData\Local\Temp\VMBuilds\FeederDue\arduino_due_x\Debug\DueTimer\DueTimer.cpp.o
                0x0008bd28                TC4_Handler
 .text.TC5_Handler
                0x0008bd44       0x1c C:\Users\lester\AppData\Local\Temp\VMBuilds\FeederDue\arduino_due_x\Debug\DueTimer\DueTimer.cpp.o
                0x0008bd44                TC5_Handler
 .text.TC6_Handler
                0x0008bd60       0x1c C:\Users\lester\AppData\Local\Temp\VMBuilds\FeederDue\arduino_due_x\Debug\DueTimer\DueTimer.cpp.o
                0x0008bd60                TC6_Handler
 .text.TC7_Handler
                0x0008bd7c       0x1c C:\Users\lester\AppData\Local\Temp\VMBuilds\FeederDue\arduino_due_x\Debug\DueTimer\DueTimer.cpp.o
                0x0008bd7c                TC7_Handler
 .text.TC8_Handler
                0x0008bd98       0x1c C:\Users\lester\AppData\Local\Temp\VMBuilds\FeederDue\arduino_due_x\Debug\DueTimer\DueTimer.cpp.o
                0x0008bd98                TC8_Handler
 .text.startup._GLOBAL__sub_I__ZN8DueTimer6TimersE
                0x0008bdb4       0x64 C:\Users\lester\AppData\Local\Temp\VMBuilds\FeederDue\arduino_due_x\Debug\DueTimer\DueTimer.cpp.o
 .text._ZN7LCD5110C2Eiiiii
                0x0008be18       0xa0 C:\Users\lester\AppData\Local\Temp\VMBuilds\FeederDue\arduino_due_x\Debug\LCD5110_Basic\LCD5110_Basic.cpp.o
                0x0008be18                LCD5110::LCD5110(int, int, int, int, int)
                0x0008be18                LCD5110::LCD5110(int, int, int, int, int)
 .text._ZN7LCD511010_LCD_WriteEhh
                0x0008beb8       0x6c C:\Users\lester\AppData\Local\Temp\VMBuilds\FeederDue\arduino_due_x\Debug\LCD5110_Basic\LCD5110_Basic.cpp.o
                0x0008beb8                LCD5110::_LCD_Write(unsigned char, unsigned char)
 .text._ZN7LCD51107InitLCDEi
                0x0008bf24       0xc0 C:\Users\lester\AppData\Local\Temp\VMBuilds\FeederDue\arduino_due_x\Debug\LCD5110_Basic\LCD5110_Basic.cpp.o
                0x0008bf24                LCD5110::InitLCD(int)
 .text._ZN7LCD51106clrScrEv
                0x0008bfe4       0x30 C:\Users\lester\AppData\Local\Temp\VMBuilds\FeederDue\arduino_due_x\Debug\LCD5110_Basic\LCD5110_Basic.cpp.o
                0x0008bfe4                LCD5110::clrScr()
 .text._ZN7LCD51106invertEb
                0x0008c014       0x18 C:\Users\lester\AppData\Local\Temp\VMBuilds\FeederDue\arduino_due_x\Debug\LCD5110_Basic\LCD5110_Basic.cpp.o
                0x0008c014                LCD5110::invert(bool)
 .text._ZN7LCD511011_print_charEhii
                0x0008c02c       0xbc C:\Users\lester\AppData\Local\Temp\VMBuilds\FeederDue\arduino_due_x\Debug\LCD5110_Basic\LCD5110_Basic.cpp.o
                0x0008c02c                LCD5110::_print_char(unsigned char, int, int)
 .text._ZN7LCD51105printEPcii
                0x0008c0e8       0x6e C:\Users\lester\AppData\Local\Temp\VMBuilds\FeederDue\arduino_due_x\Debug\LCD5110_Basic\LCD5110_Basic.cpp.o
                0x0008c0e8                LCD5110::print(char*, int, int)
 .text._ZN7LCD51107setFontEPh
                0x0008c156       0x22 C:\Users\lester\AppData\Local\Temp\VMBuilds\FeederDue\arduino_due_x\Debug\LCD5110_Basic\LCD5110_Basic.cpp.o
                0x0008c156                LCD5110::setFont(unsigned char*)
 .text._Z10freeMemoryv
                0x0008c178       0x14 C:\Users\lester\AppData\Local\Temp\VMBuilds\FeederDue\arduino_due_x\Debug\MemoryFree\MemoryFree.cpp.o
                0x0008c178                freeMemory()
 .text.zeros    0x0008c18c       0x1a C:\Users\lester\AppData\Local\Temp\VMBuilds\FeederDue\arduino_due_x\Debug\TinyEKF\tiny_ekf.c.o
 .text.mulmat   0x0008c1a6       0x88 C:\Users\lester\AppData\Local\Temp\VMBuilds\FeederDue\arduino_due_x\Debug\TinyEKF\tiny_ekf.c.o
 .text.transpose
                0x0008c22e       0x38 C:\Users\lester\AppData\Local\Temp\VMBuilds\FeederDue\arduino_due_x\Debug\TinyEKF\tiny_ekf.c.o
 .text.accum    0x0008c266       0x52 C:\Users\lester\AppData\Local\Temp\VMBuilds\FeederDue\arduino_due_x\Debug\TinyEKF\tiny_ekf.c.o
 .text.unpack   0x0008c2b8       0x5c C:\Users\lester\AppData\Local\Temp\VMBuilds\FeederDue\arduino_due_x\Debug\TinyEKF\tiny_ekf.c.o
 .text.ekf_init
                0x0008c314       0x56 C:\Users\lester\AppData\Local\Temp\VMBuilds\FeederDue\arduino_due_x\Debug\TinyEKF\tiny_ekf.c.o
                0x0008c314                ekf_init
 *fill*         0x0008c36a        0x2 
 .text.ekf_step
                0x0008c36c      0x544 C:\Users\lester\AppData\Local\Temp\VMBuilds\FeederDue\arduino_due_x\Debug\TinyEKF\tiny_ekf.c.o
                0x0008c36c                ekf_step
 .text._ZN16VisualMicroDebug16DBG_YieldAndWaitEmb
                0x0008c8b0       0x1a C:\Users\lester\AppData\Local\Temp\VMBuilds\FeederDue\arduino_due_x\Debug\VM_DBG\VM_DBG.cpp.o
                0x0008c8b0                VisualMicroDebug::DBG_YieldAndWait(unsigned long, bool)
 .text._ZN16VisualMicroDebug16DBG_YieldAndWaitEm
                0x0008c8ca        0x6 C:\Users\lester\AppData\Local\Temp\VMBuilds\FeederDue\arduino_due_x\Debug\VM_DBG\VM_DBG.cpp.o
                0x0008c8ca                VisualMicroDebug::DBG_YieldAndWait(unsigned long)
 .text._ZN16VisualMicroDebug14outPacketStartEb
                0x0008c8d0       0x28 C:\Users\lester\AppData\Local\Temp\VMBuilds\FeederDue\arduino_due_x\Debug\VM_DBG\VM_DBG.cpp.o
                0x0008c8d0                VisualMicroDebug::outPacketStart(bool)
 .text._ZN16VisualMicroDebug12outPacketEndEv
                0x0008c8f8        0x2 C:\Users\lester\AppData\Local\Temp\VMBuilds\FeederDue\arduino_due_x\Debug\VM_DBG\VM_DBG.cpp.o
                0x0008c8f8                VisualMicroDebug::outPacketEnd()
 .text._ZN16VisualMicroDebug5beginEP7Serial_m
                0x0008c8fa       0x2c C:\Users\lester\AppData\Local\Temp\VMBuilds\FeederDue\arduino_due_x\Debug\VM_DBG\VM_DBG.cpp.o
                0x0008c8fa                VisualMicroDebug::begin(Serial_*, unsigned long)
 .text._ZN16VisualMicroDebug4initEm
                0x0008c926        0xe C:\Users\lester\AppData\Local\Temp\VMBuilds\FeederDue\arduino_due_x\Debug\VM_DBG\VM_DBG.cpp.o
                0x0008c926                VisualMicroDebug::init(unsigned long)
 .text._ZN16VisualMicroDebug4readEv
                0x0008c934        0xe C:\Users\lester\AppData\Local\Temp\VMBuilds\FeederDue\arduino_due_x\Debug\VM_DBG\VM_DBG.cpp.o
                0x0008c934                VisualMicroDebug::read()
 .text._ZN16VisualMicroDebug9availableEv
                0x0008c942        0xe C:\Users\lester\AppData\Local\Temp\VMBuilds\FeederDue\arduino_due_x\Debug\VM_DBG\VM_DBG.cpp.o
                0x0008c942                VisualMicroDebug::available()
 .text._ZN16VisualMicroDebug16sendContinuedACKEh
                0x0008c950       0x3c C:\Users\lester\AppData\Local\Temp\VMBuilds\FeederDue\arduino_due_x\Debug\VM_DBG\VM_DBG.cpp.o
                0x0008c950                VisualMicroDebug::sendContinuedACK(unsigned char)
 .text._ZN16VisualMicroDebug9breakWaitEh
                0x0008c98c       0x54 C:\Users\lester\AppData\Local\Temp\VMBuilds\FeederDue\arduino_due_x\Debug\VM_DBG\VM_DBG.cpp.o
                0x0008c98c                VisualMicroDebug::breakWait(unsigned char)
 .text._ZN16VisualMicroDebug5startEbb
                0x0008c9e0       0x26 C:\Users\lester\AppData\Local\Temp\VMBuilds\FeederDue\arduino_due_x\Debug\VM_DBG\VM_DBG.cpp.o
                0x0008c9e0                VisualMicroDebug::start(bool, bool)
 *fill*         0x0008ca06        0x2 
 .text.startup._GLOBAL__sub_I__ZN16VisualMicroDebug16DBG_YieldAndWaitEm
                0x0008ca08       0x14 C:\Users\lester\AppData\Local\Temp\VMBuilds\FeederDue\arduino_due_x\Debug\VM_DBG\VM_DBG.cpp.o
 .text._Z11serialEventv
                0x0008ca1c        0x2 C:\Users\lester\AppData\Local\Temp\VMBuilds\FeederDue\arduino_due_x\Debug\variant\variant.cpp.o
                0x0008ca1c                serialEvent()
 *fill*         0x0008ca1e        0x2 
 .text.UART_Handler
                0x0008ca20        0xc C:\Users\lester\AppData\Local\Temp\VMBuilds\FeederDue\arduino_due_x\Debug\variant\variant.cpp.o
                0x0008ca20                UART_Handler
 .text._Z12serialEvent1v
                0x0008ca2c        0x2 C:\Users\lester\AppData\Local\Temp\VMBuilds\FeederDue\arduino_due_x\Debug\variant\variant.cpp.o
                0x0008ca2c                serialEvent1()
 .text._Z12serialEvent2v
                0x0008ca2e        0x2 C:\Users\lester\AppData\Local\Temp\VMBuilds\FeederDue\arduino_due_x\Debug\variant\variant.cpp.o
                0x0008ca2e                serialEvent2()
 .text._Z12serialEvent3v
                0x0008ca30        0x2 C:\Users\lester\AppData\Local\Temp\VMBuilds\FeederDue\arduino_due_x\Debug\variant\variant.cpp.o
                0x0008ca30                serialEvent3()
 *fill*         0x0008ca32        0x2 
 .text.USART0_Handler
                0x0008ca34        0xc C:\Users\lester\AppData\Local\Temp\VMBuilds\FeederDue\arduino_due_x\Debug\variant\variant.cpp.o
                0x0008ca34                USART0_Handler
 .text.USART1_Handler
                0x0008ca40        0xc C:\Users\lester\AppData\Local\Temp\VMBuilds\FeederDue\arduino_due_x\Debug\variant\variant.cpp.o
                0x0008ca40                USART1_Handler
 .text.USART3_Handler
                0x0008ca4c        0xc C:\Users\lester\AppData\Local\Temp\VMBuilds\FeederDue\arduino_due_x\Debug\variant\variant.cpp.o
                0x0008ca4c                USART3_Handler
 .text.init     0x0008ca58      0x128 C:\Users\lester\AppData\Local\Temp\VMBuilds\FeederDue\arduino_due_x\Debug\variant\variant.cpp.o
                0x0008ca58                init
 .text.startup._GLOBAL__sub_I_g_APinDescription
                0x0008cb80       0xd4 C:\Users\lester\AppData\Local\Temp\VMBuilds\FeederDue\arduino_due_x\Debug\variant\variant.cpp.o
 .text._Z14serialEventRunv
                0x0008cc54       0x44 C:\Users\lester\AppData\Local\Temp\VMBuilds\FeederDue\arduino_due_x\Debug\variant\variant.cpp.o
                0x0008cc54                serialEventRun()
 .text.PIO_PullUp
                0x0008cc98        0xa C:\Users\lester\AppData\Local\arduino15\packages\arduino\hardware\sam\1.6.11\variants\arduino_due_x/libsam_sam3x8e_gcc_rel.a(pio.o)
                0x0008cc98                PIO_PullUp
 .text.PIO_Get  0x0008cca2       0x14 C:\Users\lester\AppData\Local\arduino15\packages\arduino\hardware\sam\1.6.11\variants\arduino_due_x/libsam_sam3x8e_gcc_rel.a(pio.o)
                0x0008cca2                PIO_Get
 .text.PIO_SetPeripheral
                0x0008ccb6       0x26 C:\Users\lester\AppData\Local\arduino15\packages\arduino\hardware\sam\1.6.11\variants\arduino_due_x/libsam_sam3x8e_gcc_rel.a(pio.o)
                0x0008ccb6                PIO_SetPeripheral
 .text.PIO_SetInput
                0x0008ccdc       0x26 C:\Users\lester\AppData\Local\arduino15\packages\arduino\hardware\sam\1.6.11\variants\arduino_due_x/libsam_sam3x8e_gcc_rel.a(pio.o)
                0x0008ccdc                PIO_SetInput
 .text.PIO_SetOutput
                0x0008cd02       0x24 C:\Users\lester\AppData\Local\arduino15\packages\arduino\hardware\sam\1.6.11\variants\arduino_due_x/libsam_sam3x8e_gcc_rel.a(pio.o)
                0x0008cd02                PIO_SetOutput
 *fill*         0x0008cd26        0x2 
 .text.PIO_Configure
                0x0008cd28       0x64 C:\Users\lester\AppData\Local\arduino15\packages\arduino\hardware\sam\1.6.11\variants\arduino_due_x/libsam_sam3x8e_gcc_rel.a(pio.o)
                0x0008cd28                PIO_Configure
 .text.PIO_GetOutputDataStatus
                0x0008cd8c       0x14 C:\Users\lester\AppData\Local\arduino15\packages\arduino\hardware\sam\1.6.11\variants\arduino_due_x/libsam_sam3x8e_gcc_rel.a(pio.o)
                0x0008cd8c                PIO_GetOutputDataStatus
 .text.pmc_enable_upll_clock
                0x0008cda0       0x14 C:\Users\lester\AppData\Local\arduino15\packages\arduino\hardware\sam\1.6.11\variants\arduino_due_x/libsam_sam3x8e_gcc_rel.a(pmc.o)
                0x0008cda0                pmc_enable_upll_clock
 .text.pmc_enable_periph_clk
                0x0008cdb4       0x44 C:\Users\lester\AppData\Local\arduino15\packages\arduino\hardware\sam\1.6.11\variants\arduino_due_x/libsam_sam3x8e_gcc_rel.a(pmc.o)
                0x0008cdb4                pmc_enable_periph_clk
 .text.pmc_disable_periph_clk
                0x0008cdf8       0x40 C:\Users\lester\AppData\Local\arduino15\packages\arduino\hardware\sam\1.6.11\variants\arduino_due_x/libsam_sam3x8e_gcc_rel.a(pmc.o)
                0x0008cdf8                pmc_disable_periph_clk
 .text.pmc_switch_udpck_to_upllck
                0x0008ce38       0x14 C:\Users\lester\AppData\Local\arduino15\packages\arduino\hardware\sam\1.6.11\variants\arduino_due_x/libsam_sam3x8e_gcc_rel.a(pmc.o)
                0x0008ce38                pmc_switch_udpck_to_upllck
 .text.pmc_enable_udpck
                0x0008ce4c        0xc C:\Users\lester\AppData\Local\arduino15\packages\arduino\hardware\sam\1.6.11\variants\arduino_due_x/libsam_sam3x8e_gcc_rel.a(pmc.o)
                0x0008ce4c                pmc_enable_udpck
 .text.pmc_set_writeprotect
                0x0008ce58       0x1c C:\Users\lester\AppData\Local\arduino15\packages\arduino\hardware\sam\1.6.11\variants\arduino_due_x/libsam_sam3x8e_gcc_rel.a(pmc.o)
                0x0008ce58                pmc_set_writeprotect
 .text.SPI_Enable
                0x0008ce74        0x6 C:\Users\lester\AppData\Local\arduino15\packages\arduino\hardware\sam\1.6.11\variants\arduino_due_x/libsam_sam3x8e_gcc_rel.a(spi.o)
                0x0008ce74                SPI_Enable
 *fill*         0x0008ce7a        0x2 
 .text.SPI_Configure
                0x0008ce7c       0x20 C:\Users\lester\AppData\Local\arduino15\packages\arduino\hardware\sam\1.6.11\variants\arduino_due_x/libsam_sam3x8e_gcc_rel.a(spi.o)
                0x0008ce7c                SPI_Configure
 .text.SPI_ConfigureNPCS
                0x0008ce9c        0x8 C:\Users\lester\AppData\Local\arduino15\packages\arduino\hardware\sam\1.6.11\variants\arduino_due_x/libsam_sam3x8e_gcc_rel.a(spi.o)
                0x0008ce9c                SPI_ConfigureNPCS
 .text.TC_Configure
                0x0008cea4       0x38 C:\Users\lester\AppData\Local\arduino15\packages\arduino\hardware\sam\1.6.11\variants\arduino_due_x/libsam_sam3x8e_gcc_rel.a(tc.o)
                0x0008cea4                TC_Configure
 .text.TC_Start
                0x0008cedc       0x2c C:\Users\lester\AppData\Local\arduino15\packages\arduino\hardware\sam\1.6.11\variants\arduino_due_x/libsam_sam3x8e_gcc_rel.a(tc.o)
                0x0008cedc                TC_Start
 .text.TC_Stop  0x0008cf08       0x2c C:\Users\lester\AppData\Local\arduino15\packages\arduino\hardware\sam\1.6.11\variants\arduino_due_x/libsam_sam3x8e_gcc_rel.a(tc.o)
                0x0008cf08                TC_Stop
 .text.TC_GetStatus
                0x0008cf34        0x8 C:\Users\lester\AppData\Local\arduino15\packages\arduino\hardware\sam\1.6.11\variants\arduino_due_x/libsam_sam3x8e_gcc_rel.a(tc.o)
                0x0008cf34                TC_GetStatus
 .text.TC_SetRA
                0x0008cf3c        0x8 C:\Users\lester\AppData\Local\arduino15\packages\arduino\hardware\sam\1.6.11\variants\arduino_due_x/libsam_sam3x8e_gcc_rel.a(tc.o)
                0x0008cf3c                TC_SetRA
 .text.TC_SetRB
                0x0008cf44        0x8 C:\Users\lester\AppData\Local\arduino15\packages\arduino\hardware\sam\1.6.11\variants\arduino_due_x/libsam_sam3x8e_gcc_rel.a(tc.o)
                0x0008cf44                TC_SetRB
 .text.TC_SetRC
                0x0008cf4c        0x8 C:\Users\lester\AppData\Local\arduino15\packages\arduino\hardware\sam\1.6.11\variants\arduino_due_x/libsam_sam3x8e_gcc_rel.a(tc.o)
                0x0008cf4c                TC_SetRC
 .text.TWI_SetClock
                0x0008cf54       0x58 C:\Users\lester\AppData\Local\arduino15\packages\arduino\hardware\sam\1.6.11\variants\arduino_due_x/libsam_sam3x8e_gcc_rel.a(twi.o)
                0x0008cf54                TWI_SetClock
 .text.TWI_Disable
                0x0008cfac       0x2c C:\Users\lester\AppData\Local\arduino15\packages\arduino\hardware\sam\1.6.11\variants\arduino_due_x/libsam_sam3x8e_gcc_rel.a(twi.o)
                0x0008cfac                TWI_Disable
 .text.TWI_ConfigureMaster
                0x0008cfd8       0x48 C:\Users\lester\AppData\Local\arduino15\packages\arduino\hardware\sam\1.6.11\variants\arduino_due_x/libsam_sam3x8e_gcc_rel.a(twi.o)
                0x0008cfd8                TWI_ConfigureMaster
 .text.TWI_StartRead
                0x0008d020       0x70 C:\Users\lester\AppData\Local\arduino15\packages\arduino\hardware\sam\1.6.11\variants\arduino_due_x/libsam_sam3x8e_gcc_rel.a(twi.o)
                0x0008d020                TWI_StartRead
 .text.TWI_ReadByte
                0x0008d090       0x28 C:\Users\lester\AppData\Local\arduino15\packages\arduino\hardware\sam\1.6.11\variants\arduino_due_x/libsam_sam3x8e_gcc_rel.a(twi.o)
                0x0008d090                TWI_ReadByte
 .text.TWI_WriteByte
                0x0008d0b8       0x24 C:\Users\lester\AppData\Local\arduino15\packages\arduino\hardware\sam\1.6.11\variants\arduino_due_x/libsam_sam3x8e_gcc_rel.a(twi.o)
                0x0008d0b8                TWI_WriteByte
 .text.TWI_EnableIt
                0x0008d0dc       0x40 C:\Users\lester\AppData\Local\arduino15\packages\arduino\hardware\sam\1.6.11\variants\arduino_due_x/libsam_sam3x8e_gcc_rel.a(twi.o)
                0x0008d0dc                TWI_EnableIt
 .text.TWI_DisableIt
                0x0008d11c       0x40 C:\Users\lester\AppData\Local\arduino15\packages\arduino\hardware\sam\1.6.11\variants\arduino_due_x/libsam_sam3x8e_gcc_rel.a(twi.o)
                0x0008d11c                TWI_DisableIt
 .text.TWI_GetStatus
                0x0008d15c       0x28 C:\Users\lester\AppData\Local\arduino15\packages\arduino\hardware\sam\1.6.11\variants\arduino_due_x/libsam_sam3x8e_gcc_rel.a(twi.o)
                0x0008d15c                TWI_GetStatus
 .text.TWI_SendSTOPCondition
                0x0008d184       0x2c C:\Users\lester\AppData\Local\arduino15\packages\arduino\hardware\sam\1.6.11\variants\arduino_due_x/libsam_sam3x8e_gcc_rel.a(twi.o)
                0x0008d184                TWI_SendSTOPCondition
 .text.SystemInit
                0x0008d1b0       0x88 C:\Users\lester\AppData\Local\arduino15\packages\arduino\hardware\sam\1.6.11\variants\arduino_due_x/libsam_sam3x8e_gcc_rel.a(system_sam3xa.o)
                0x0008d1b0                SystemInit
 .text.Reset_Handler
                0x0008d238       0x78 C:\Users\lester\AppData\Local\arduino15\packages\arduino\hardware\sam\1.6.11\variants\arduino_due_x/libsam_sam3x8e_gcc_rel.a(startup_sam3xa.o)
                0x0008d238                Reset_Handler
 .text.adc_init
                0x0008d2b0       0x98 C:\Users\lester\AppData\Local\arduino15\packages\arduino\hardware\sam\1.6.11\variants\arduino_due_x/libsam_sam3x8e_gcc_rel.a(adc.o)
                0x0008d2b0                adc_init
 .text.adc_configure_trigger
                0x0008d348        0xe C:\Users\lester\AppData\Local\arduino15\packages\arduino\hardware\sam\1.6.11\variants\arduino_due_x/libsam_sam3x8e_gcc_rel.a(adc.o)
                0x0008d348                adc_configure_trigger
 .text.adc_configure_timing
                0x0008d356       0x1a C:\Users\lester\AppData\Local\arduino15\packages\arduino\hardware\sam\1.6.11\variants\arduino_due_x/libsam_sam3x8e_gcc_rel.a(adc.o)
                0x0008d356                adc_configure_timing
 .text.adc_start
                0x0008d370        0x6 C:\Users\lester\AppData\Local\arduino15\packages\arduino\hardware\sam\1.6.11\variants\arduino_due_x/libsam_sam3x8e_gcc_rel.a(adc.o)
                0x0008d370                adc_start
 .text.adc_enable_channel
                0x0008d376        0xa C:\Users\lester\AppData\Local\arduino15\packages\arduino\hardware\sam\1.6.11\variants\arduino_due_x/libsam_sam3x8e_gcc_rel.a(adc.o)
                0x0008d376                adc_enable_channel
 .text.adc_disable_channel
                0x0008d380        0xa C:\Users\lester\AppData\Local\arduino15\packages\arduino\hardware\sam\1.6.11\variants\arduino_due_x/libsam_sam3x8e_gcc_rel.a(adc.o)
                0x0008d380                adc_disable_channel
 .text.adc_disable_all_channel
                0x0008d38a        0x8 C:\Users\lester\AppData\Local\arduino15\packages\arduino\hardware\sam\1.6.11\variants\arduino_due_x/libsam_sam3x8e_gcc_rel.a(adc.o)
                0x0008d38a                adc_disable_all_channel
 .text.adc_get_channel_status
                0x0008d392        0xa C:\Users\lester\AppData\Local\arduino15\packages\arduino\hardware\sam\1.6.11\variants\arduino_due_x/libsam_sam3x8e_gcc_rel.a(adc.o)
                0x0008d392                adc_get_channel_status
 .text.adc_get_latest_value
                0x0008d39c        0x4 C:\Users\lester\AppData\Local\arduino15\packages\arduino\hardware\sam\1.6.11\variants\arduino_due_x/libsam_sam3x8e_gcc_rel.a(adc.o)
                0x0008d39c                adc_get_latest_value
 .text.adc_disable_interrupt
                0x0008d3a0        0x4 C:\Users\lester\AppData\Local\arduino15\packages\arduino\hardware\sam\1.6.11\variants\arduino_due_x/libsam_sam3x8e_gcc_rel.a(adc.o)
                0x0008d3a0                adc_disable_interrupt
 .text.adc_get_status
                0x0008d3a4        0x4 C:\Users\lester\AppData\Local\arduino15\packages\arduino\hardware\sam\1.6.11\variants\arduino_due_x/libsam_sam3x8e_gcc_rel.a(adc.o)
                0x0008d3a4                adc_get_status
 .text.UOTGHS_Handler
                0x0008d3a8       0x10 C:\Users\lester\AppData\Local\arduino15\packages\arduino\hardware\sam\1.6.11\variants\arduino_due_x/libsam_sam3x8e_gcc_rel.a(uotghs.o)
                0x0008d3a8                UOTGHS_Handler
 .text.__halt   0x0008d3b8        0x2 C:\Users\lester\AppData\Local\Temp\VMBuilds\FeederDue\arduino_due_x\Debug/core.a(cortex_handlers.c.o)
                0x0008d3b8                DACC_Handler
                0x0008d3b8                DebugMon_Handler
                0x0008d3b8                DMAC_Handler
                0x0008d3b8                TRNG_Handler
                0x0008d3b8                HardFault_Handler
                0x0008d3b8                NMI_Handler
                0x0008d3b8                ADC_Handler
                0x0008d3b8                SMC_Handler
                0x0008d3b8                RTT_Handler
                0x0008d3b8                EFC1_Handler
                0x0008d3b8                RTC_Handler
                0x0008d3b8                UsageFault_Handler
                0x0008d3b8                WDT_Handler
                0x0008d3b8                CAN0_Handler
                0x0008d3b8                HSMCI_Handler
                0x0008d3b8                SSC_Handler
                0x0008d3b8                EFC0_Handler
                0x0008d3b8                PMC_Handler
                0x0008d3b8                PWM_Handler
                0x0008d3b8                CAN1_Handler
                0x0008d3b8                MemManage_Handler
                0x0008d3b8                SUPC_Handler
                0x0008d3b8                USART2_Handler
                0x0008d3b8                EMAC_Handler
                0x0008d3b8                BusFault_Handler
                0x0008d3b8                RSTC_Handler
                0x0008d3b8                SPI0_Handler
 .text.SVC_Handler
                0x0008d3ba        0x4 C:\Users\lester\AppData\Local\Temp\VMBuilds\FeederDue\arduino_due_x\Debug/core.a(cortex_handlers.c.o)
                0x0008d3ba                SVC_Handler
 .text.PendSV_Handler
                0x0008d3be        0x4 C:\Users\lester\AppData\Local\Temp\VMBuilds\FeederDue\arduino_due_x\Debug/core.a(cortex_handlers.c.o)
                0x0008d3be                PendSV_Handler
 .text.SysTick_Handler
                0x0008d3c2       0x16 C:\Users\lester\AppData\Local\Temp\VMBuilds\FeederDue\arduino_due_x\Debug/core.a(cortex_handlers.c.o)
                0x0008d3c2                SysTick_Handler
 .text.__empty  0x0008d3d8        0x2 C:\Users\lester\AppData\Local\Temp\VMBuilds\FeederDue\arduino_due_x\Debug/core.a(hooks.c.o)
                0x0008d3d8                yield
 .text.__false  0x0008d3da        0x4 C:\Users\lester\AppData\Local\Temp\VMBuilds\FeederDue\arduino_due_x\Debug/core.a(hooks.c.o)
                0x0008d3da                sysTickHook
 .text.__halt   0x0008d3de        0x2 C:\Users\lester\AppData\Local\Temp\VMBuilds\FeederDue\arduino_due_x\Debug/core.a(hooks.c.o)
                0x0008d3de                svcHook
                0x0008d3de                pendSVHook
 .text._sbrk    0x0008d3e0       0x1c C:\Users\lester\AppData\Local\Temp\VMBuilds\FeederDue\arduino_due_x\Debug/core.a(syscalls_sam3.c.o)
                0x0008d3e0                _sbrk
 .text.link     0x0008d3fc        0x6 C:\Users\lester\AppData\Local\Temp\VMBuilds\FeederDue\arduino_due_x\Debug/core.a(syscalls_sam3.c.o)
                0x0008d3fc                link
 .text._close   0x0008d402        0x6 C:\Users\lester\AppData\Local\Temp\VMBuilds\FeederDue\arduino_due_x\Debug/core.a(syscalls_sam3.c.o)
                0x0008d402                _close
 .text._fstat   0x0008d408        0xa C:\Users\lester\AppData\Local\Temp\VMBuilds\FeederDue\arduino_due_x\Debug/core.a(syscalls_sam3.c.o)
                0x0008d408                _fstat
 .text._isatty  0x0008d412        0x4 C:\Users\lester\AppData\Local\Temp\VMBuilds\FeederDue\arduino_due_x\Debug/core.a(syscalls_sam3.c.o)
                0x0008d412                _isatty
 .text._lseek   0x0008d416        0x4 C:\Users\lester\AppData\Local\Temp\VMBuilds\FeederDue\arduino_due_x\Debug/core.a(syscalls_sam3.c.o)
                0x0008d416                _lseek
 .text._read    0x0008d41a        0x4 C:\Users\lester\AppData\Local\Temp\VMBuilds\FeederDue\arduino_due_x\Debug/core.a(syscalls_sam3.c.o)
                0x0008d41a                _read
 *fill*         0x0008d41e        0x2 
 .text._write   0x0008d420       0x24 C:\Users\lester\AppData\Local\Temp\VMBuilds\FeederDue\arduino_due_x\Debug/core.a(syscalls_sam3.c.o)
                0x0008d420                _write
 .text._exit    0x0008d444       0x10 C:\Users\lester\AppData\Local\Temp\VMBuilds\FeederDue\arduino_due_x\Debug/core.a(syscalls_sam3.c.o)
                0x0008d444                _exit
 .text._kill    0x0008d454        0x2 C:\Users\lester\AppData\Local\Temp\VMBuilds\FeederDue\arduino_due_x\Debug/core.a(syscalls_sam3.c.o)
                0x0008d454                _kill
 .text._getpid  0x0008d456        0x6 C:\Users\lester\AppData\Local\Temp\VMBuilds\FeederDue\arduino_due_x\Debug/core.a(syscalls_sam3.c.o)
                0x0008d456                _getpid
 .text.attachInterrupt
                0x0008d45c      0x148 C:\Users\lester\AppData\Local\Temp\VMBuilds\FeederDue\arduino_due_x\Debug/core.a(WInterrupts.c.o)
                0x0008d45c                attachInterrupt
 .text.PIOA_Handler
                0x0008d5a4       0x38 C:\Users\lester\AppData\Local\Temp\VMBuilds\FeederDue\arduino_due_x\Debug/core.a(WInterrupts.c.o)
                0x0008d5a4                PIOA_Handler
 .text.PIOB_Handler
                0x0008d5dc       0x38 C:\Users\lester\AppData\Local\Temp\VMBuilds\FeederDue\arduino_due_x\Debug/core.a(WInterrupts.c.o)
                0x0008d5dc                PIOB_Handler
 .text.PIOC_Handler
                0x0008d614       0x38 C:\Users\lester\AppData\Local\Temp\VMBuilds\FeederDue\arduino_due_x\Debug/core.a(WInterrupts.c.o)
                0x0008d614                PIOC_Handler
 .text.PIOD_Handler
                0x0008d64c       0x38 C:\Users\lester\AppData\Local\Temp\VMBuilds\FeederDue\arduino_due_x\Debug/core.a(WInterrupts.c.o)
                0x0008d64c                PIOD_Handler
 .text.millis   0x0008d684        0x4 C:\Users\lester\AppData\Local\Temp\VMBuilds\FeederDue\arduino_due_x\Debug/core.a(wiring.c.o)
                0x0008d684                millis
 .text.micros   0x0008d688       0x74 C:\Users\lester\AppData\Local\Temp\VMBuilds\FeederDue\arduino_due_x\Debug/core.a(wiring.c.o)
                0x0008d688                micros
 .text.delay    0x0008d6fc       0x1c C:\Users\lester\AppData\Local\Temp\VMBuilds\FeederDue\arduino_due_x\Debug/core.a(wiring.c.o)
                0x0008d6fc                delay
 .text.mapResolution
                0x0008d718       0x12 C:\Users\lester\AppData\Local\Temp\VMBuilds\FeederDue\arduino_due_x\Debug/core.a(wiring_analog.c.o)
 *fill*         0x0008d72a        0x2 
 .text.analogRead
                0x0008d72c       0x9c C:\Users\lester\AppData\Local\Temp\VMBuilds\FeederDue\arduino_due_x\Debug/core.a(wiring_analog.c.o)
                0x0008d72c                analogRead
 .text.analogOutputInit
                0x0008d7c8        0x2 C:\Users\lester\AppData\Local\Temp\VMBuilds\FeederDue\arduino_due_x\Debug/core.a(wiring_analog.c.o)
                0x0008d7c8                analogOutputInit
 *fill*         0x0008d7ca        0x2 
 .text.analogWrite
                0x0008d7cc      0x2c0 C:\Users\lester\AppData\Local\Temp\VMBuilds\FeederDue\arduino_due_x\Debug/core.a(wiring_analog.c.o)
                0x0008d7cc                analogWrite
 .text.pinMode  0x0008da8c      0x108 C:\Users\lester\AppData\Local\Temp\VMBuilds\FeederDue\arduino_due_x\Debug/core.a(wiring_digital.c.o)
                0x0008da8c                pinMode
 .text.digitalWrite
                0x0008db94       0x70 C:\Users\lester\AppData\Local\Temp\VMBuilds\FeederDue\arduino_due_x\Debug/core.a(wiring_digital.c.o)
                0x0008db94                digitalWrite
 .text.digitalRead
                0x0008dc04       0x44 C:\Users\lester\AppData\Local\Temp\VMBuilds\FeederDue\arduino_due_x\Debug/core.a(wiring_digital.c.o)
                0x0008dc04                digitalRead
 .text.__cxa_pure_virtual
                0x0008dc48        0x2 C:\Users\lester\AppData\Local\Temp\VMBuilds\FeederDue\arduino_due_x\Debug/core.a(abi.cpp.o)
                0x0008dc48                __cxa_pure_virtual
 .text.initVariant
                0x0008dc4a        0x2 C:\Users\lester\AppData\Local\Temp\VMBuilds\FeederDue\arduino_due_x\Debug/core.a(main.cpp.o)
                0x0008dc4a                initVariant
 .text.startup.main
                0x0008dc4c       0x38 C:\Users\lester\AppData\Local\Temp\VMBuilds\FeederDue\arduino_due_x\Debug/core.a(main.cpp.o)
                0x0008dc4c                main
 .text._ZN5Print5writeEPKhj
                0x0008dc84       0x22 C:\Users\lester\AppData\Local\Temp\VMBuilds\FeederDue\arduino_due_x\Debug/core.a(Print.cpp.o)
                0x0008dc84                Print::write(unsigned char const*, unsigned int)
 .text._ZN5Print5printEmi.part.3
                0x0008dca6        0xc C:\Users\lester\AppData\Local\Temp\VMBuilds\FeederDue\arduino_due_x\Debug/core.a(Print.cpp.o)
 .text._ZN5Print5printEPKc
                0x0008dcb2        0x8 C:\Users\lester\AppData\Local\Temp\VMBuilds\FeederDue\arduino_due_x\Debug/core.a(Print.cpp.o)
                0x0008dcb2                Print::print(char const*)
 .text._ZN5Print5printEc
                0x0008dcba        0xa C:\Users\lester\AppData\Local\Temp\VMBuilds\FeederDue\arduino_due_x\Debug/core.a(Print.cpp.o)
                0x0008dcba                Print::print(char)
 .text._ZN5Print11printNumberEmh
                0x0008dcc4       0x3e C:\Users\lester\AppData\Local\Temp\VMBuilds\FeederDue\arduino_due_x\Debug/core.a(Print.cpp.o)
                0x0008dcc4                Print::printNumber(unsigned long, unsigned char)
 .text._ZN5Print5printEmi
                0x0008dd02        0xc C:\Users\lester\AppData\Local\Temp\VMBuilds\FeederDue\arduino_due_x\Debug/core.a(Print.cpp.o)
                0x0008dd02                Print::print(unsigned long, int)
 .text._ZN5Print5printEhi
                0x0008dd0e        0x4 C:\Users\lester\AppData\Local\Temp\VMBuilds\FeederDue\arduino_due_x\Debug/core.a(Print.cpp.o)
                0x0008dd0e                Print::print(unsigned char, int)
 *fill*         0x0008dd12        0x2 
 .text.initiateReset
                0x0008dd14        0xc C:\Users\lester\AppData\Local\Temp\VMBuilds\FeederDue\arduino_due_x\Debug/core.a(Reset.cpp.o)
                0x0008dd14                initiateReset
 .text.cancelReset
                0x0008dd20       0x10 C:\Users\lester\AppData\Local\Temp\VMBuilds\FeederDue\arduino_due_x\Debug/core.a(Reset.cpp.o)
                0x0008dd20                cancelReset
 .text.tickReset
                0x0008dd30       0x20 C:\Users\lester\AppData\Local\Temp\VMBuilds\FeederDue\arduino_due_x\Debug/core.a(Reset.cpp.o)
                0x0008dd30                tickReset
 .text._ZN10RingBufferC2Ev
                0x0008dd50       0x1c C:\Users\lester\AppData\Local\Temp\VMBuilds\FeederDue\arduino_due_x\Debug/core.a(RingBuffer.cpp.o)
                0x0008dd50                RingBuffer::RingBuffer()
                0x0008dd50                RingBuffer::RingBuffer()
 .text._ZN10RingBuffer10store_charEh
                0x0008dd6c       0x1e C:\Users\lester\AppData\Local\Temp\VMBuilds\FeederDue\arduino_due_x\Debug/core.a(RingBuffer.cpp.o)
                0x0008dd6c                RingBuffer::store_char(unsigned char)
 .text._ZN9UARTClasscvbEv
                0x0008dd8a        0x4 C:\Users\lester\AppData\Local\Temp\VMBuilds\FeederDue\arduino_due_x\Debug/core.a(UARTClass.cpp.o)
                0x0008dd8a                UARTClass::operator bool()
 .text._ZN9UARTClass9availableEv
                0x0008dd8e       0x12 C:\Users\lester\AppData\Local\Temp\VMBuilds\FeederDue\arduino_due_x\Debug/core.a(UARTClass.cpp.o)
                0x0008dd8e                UARTClass::available()
 .text._ZN9UARTClass4peekEv
                0x0008dda0       0x1c C:\Users\lester\AppData\Local\Temp\VMBuilds\FeederDue\arduino_due_x\Debug/core.a(UARTClass.cpp.o)
                0x0008dda0                UARTClass::peek()
 .text._ZN9UARTClass4readEv
                0x0008ddbc       0x2a C:\Users\lester\AppData\Local\Temp\VMBuilds\FeederDue\arduino_due_x\Debug/core.a(UARTClass.cpp.o)
                0x0008ddbc                UARTClass::read()
 .text._ZN9UARTClass5flushEv
                0x0008dde6       0x18 C:\Users\lester\AppData\Local\Temp\VMBuilds\FeederDue\arduino_due_x\Debug/core.a(UARTClass.cpp.o)
                0x0008dde6                UARTClass::flush()
 *fill*         0x0008ddfe        0x2 
 .text._ZN9UARTClass5writeEh
                0x0008de00       0x58 C:\Users\lester\AppData\Local\Temp\VMBuilds\FeederDue\arduino_due_x\Debug/core.a(UARTClass.cpp.o)
                0x0008de00                UARTClass::write(unsigned char)
 .text._ZN9UARTClass3endEv
                0x0008de58       0x3c C:\Users\lester\AppData\Local\Temp\VMBuilds\FeederDue\arduino_due_x\Debug/core.a(UARTClass.cpp.o)
                0x0008de58                UARTClass::end()
 .text._ZN9UARTClassC2EP4Uart4IRQnmP10RingBufferS4_
                0x0008de94       0x24 C:\Users\lester\AppData\Local\Temp\VMBuilds\FeederDue\arduino_due_x\Debug/core.a(UARTClass.cpp.o)
                0x0008de94                UARTClass::UARTClass(Uart*, IRQn, unsigned long, RingBuffer*, RingBuffer*)
                0x0008de94                UARTClass::UARTClass(Uart*, IRQn, unsigned long, RingBuffer*, RingBuffer*)
 .text._ZN9UARTClass4initEmm
                0x0008deb8       0x70 C:\Users\lester\AppData\Local\Temp\VMBuilds\FeederDue\arduino_due_x\Debug/core.a(UARTClass.cpp.o)
                0x0008deb8                UARTClass::init(unsigned long, unsigned long)
 .text._ZN9UARTClass5beginEm
                0x0008df28        0x8 C:\Users\lester\AppData\Local\Temp\VMBuilds\FeederDue\arduino_due_x\Debug/core.a(UARTClass.cpp.o)
                0x0008df28                UARTClass::begin(unsigned long)
 .text._ZN9UARTClass17availableForWriteEv
                0x0008df30       0x1e C:\Users\lester\AppData\Local\Temp\VMBuilds\FeederDue\arduino_due_x\Debug/core.a(UARTClass.cpp.o)
                0x0008df30                UARTClass::availableForWrite()
 .text._ZN9UARTClass10IrqHandlerEv
                0x0008df4e       0x5a C:\Users\lester\AppData\Local\Temp\VMBuilds\FeederDue\arduino_due_x\Debug/core.a(UARTClass.cpp.o)
                0x0008df4e                UARTClass::IrqHandler()
 .text._ZN10USARTClass5beginEm
                0x0008dfa8        0x8 C:\Users\lester\AppData\Local\Temp\VMBuilds\FeederDue\arduino_due_x\Debug/core.a(USARTClass.cpp.o)
                0x0008dfa8                USARTClass::begin(unsigned long)
 .text._ZN10USARTClassC2EP5Usart4IRQnmP10RingBufferS4_
                0x0008dfb0       0x24 C:\Users\lester\AppData\Local\Temp\VMBuilds\FeederDue\arduino_due_x\Debug/core.a(USARTClass.cpp.o)
                0x0008dfb0                USARTClass::USARTClass(Usart*, IRQn, unsigned long, RingBuffer*, RingBuffer*)
                0x0008dfb0                USARTClass::USARTClass(Usart*, IRQn, unsigned long, RingBuffer*, RingBuffer*)
 .text._watchdogDefaultSetup
                0x0008dfd4        0xc C:\Users\lester\AppData\Local\Temp\VMBuilds\FeederDue\arduino_due_x\Debug/core.a(watchdog.cpp.o)
                0x0008dfd4                _watchdogDefaultSetup
                0x0008dfd4                watchdogSetup()
 .text._ZN7Serial_9availableEv
                0x0008dfe0       0x18 C:\Users\lester\AppData\Local\Temp\VMBuilds\FeederDue\arduino_due_x\Debug/core.a(CDC.cpp.o)
                0x0008dfe0                Serial_::available()
 .text._ZN7Serial_17availableForWriteEv
                0x0008dff8        0x6 C:\Users\lester\AppData\Local\Temp\VMBuilds\FeederDue\arduino_due_x\Debug/core.a(CDC.cpp.o)
                0x0008dff8                Serial_::availableForWrite()
 *fill*         0x0008dffe        0x2 
 .text._ZN7Serial_4peekEv
                0x0008e000       0x20 C:\Users\lester\AppData\Local\Temp\VMBuilds\FeederDue\arduino_due_x\Debug/core.a(CDC.cpp.o)
                0x0008e000                Serial_::peek()
 .text._ZN7Serial_5writeEh
                0x0008e020       0x16 C:\Users\lester\AppData\Local\Temp\VMBuilds\FeederDue\arduino_due_x\Debug/core.a(CDC.cpp.o)
                0x0008e020                Serial_::write(unsigned char)
 *fill*         0x0008e036        0x2 
 .text._ZN7Serial_4readEv
                0x0008e038       0x44 C:\Users\lester\AppData\Local\Temp\VMBuilds\FeederDue\arduino_due_x\Debug/core.a(CDC.cpp.o)
                0x0008e038                Serial_::read()
 .text._ZN7Serial_5flushEv
                0x0008e07c        0x6 C:\Users\lester\AppData\Local\Temp\VMBuilds\FeederDue\arduino_due_x\Debug/core.a(CDC.cpp.o)
                0x0008e07c                Serial_::flush()
 *fill*         0x0008e082        0x2 
 .text._ZN7Serial_6acceptEv
                0x0008e084       0x70 C:\Users\lester\AppData\Local\Temp\VMBuilds\FeederDue\arduino_due_x\Debug/core.a(CDC.cpp.o)
                0x0008e084                Serial_::accept()
 .text._ZN7Serial_5writeEPKhj
                0x0008e0f4       0x2c C:\Users\lester\AppData\Local\Temp\VMBuilds\FeederDue\arduino_due_x\Debug/core.a(CDC.cpp.o)
                0x0008e0f4                Serial_::write(unsigned char const*, unsigned int)
 .text._Z16CDC_GetInterfacePh
                0x0008e120       0x14 C:\Users\lester\AppData\Local\Temp\VMBuilds\FeederDue\arduino_due_x\Debug/core.a(CDC.cpp.o)
                0x0008e120                CDC_GetInterface(unsigned char*)
 .text._Z21CDC_GetOtherInterfacePh
                0x0008e134       0x14 C:\Users\lester\AppData\Local\Temp\VMBuilds\FeederDue\arduino_due_x\Debug/core.a(CDC.cpp.o)
                0x0008e134                CDC_GetOtherInterface(unsigned char*)
 .text._Z9CDC_SetupR8USBSetup
                0x0008e148       0x78 C:\Users\lester\AppData\Local\Temp\VMBuilds\FeederDue\arduino_due_x\Debug/core.a(CDC.cpp.o)
                0x0008e148                CDC_Setup(USBSetup&)
 .text._ZN7Serial_5beginEm
                0x0008e1c0        0x2 C:\Users\lester\AppData\Local\Temp\VMBuilds\FeederDue\arduino_due_x\Debug/core.a(CDC.cpp.o)
                0x0008e1c0                Serial_::begin(unsigned long)
 *fill*         0x0008e1c2        0x2 
 .text._ZN7Serial_cvbEv
                0x0008e1c4       0x28 C:\Users\lester\AppData\Local\Temp\VMBuilds\FeederDue\arduino_due_x\Debug/core.a(CDC.cpp.o)
                0x0008e1c4                Serial_::operator bool()
 .text.startup._GLOBAL__sub_I_cdc_rx_buffer
                0x0008e1ec       0x1c C:\Users\lester\AppData\Local\Temp\VMBuilds\FeederDue\arduino_due_x\Debug/core.a(CDC.cpp.o)
 .text.unlikely._ZL11USB_SendZlpv
                0x0008e208       0x20 C:\Users\lester\AppData\Local\Temp\VMBuilds\FeederDue\arduino_due_x\Debug/core.a(USBCore.cpp.o)
 .text._Z14USBD_Availablem
                0x0008e228       0x2c C:\Users\lester\AppData\Local\Temp\VMBuilds\FeederDue\arduino_due_x\Debug/core.a(USBCore.cpp.o)
                0x0008e228                USBD_Available(unsigned long)
 .text._Z9USBD_RecvmPvm
                0x0008e254       0x7c C:\Users\lester\AppData\Local\Temp\VMBuilds\FeederDue\arduino_due_x\Debug/core.a(USBCore.cpp.o)
                0x0008e254                USBD_Recv(unsigned long, void*, unsigned long)
 .text._Z9USBD_Recvm
                0x0008e2d0       0x22 C:\Users\lester\AppData\Local\Temp\VMBuilds\FeederDue\arduino_due_x\Debug/core.a(USBCore.cpp.o)
                0x0008e2d0                USBD_Recv(unsigned long)
 *fill*         0x0008e2f2        0x2 
 .text._Z9USBD_SendmPKvm
                0x0008e2f4       0x4c C:\Users\lester\AppData\Local\Temp\VMBuilds\FeederDue\arduino_due_x\Debug/core.a(USBCore.cpp.o)
                0x0008e2f4                USBD_Send(unsigned long, void const*, unsigned long)
 .text._Z16USBD_SendControlhPKvm
                0x0008e340       0x40 C:\Users\lester\AppData\Local\Temp\VMBuilds\FeederDue\arduino_due_x\Debug/core.a(USBCore.cpp.o)
                0x0008e340                USBD_SendControl(unsigned char, void const*, unsigned long)
 .text.unlikely._ZL24USB_SendStringDescriptorPKhi
                0x0008e380       0x64 C:\Users\lester\AppData\Local\Temp\VMBuilds\FeederDue\arduino_due_x\Debug/core.a(USBCore.cpp.o)
 .text._Z16USBD_RecvControlPvm
                0x0008e3e4       0x1c C:\Users\lester\AppData\Local\Temp\VMBuilds\FeederDue\arduino_due_x\Debug/core.a(USBCore.cpp.o)
                0x0008e3e4                USBD_RecvControl(void*, unsigned long)
 .text._Z26USBD_ClassInterfaceRequestR8USBSetup
                0x0008e400       0x1e C:\Users\lester\AppData\Local\Temp\VMBuilds\FeederDue\arduino_due_x\Debug/core.a(USBCore.cpp.o)
                0x0008e400                USBD_ClassInterfaceRequest(USBSetup&)
 .text._Z19USBD_SendInterfacesv
                0x0008e41e       0x22 C:\Users\lester\AppData\Local\Temp\VMBuilds\FeederDue\arduino_due_x\Debug/core.a(USBCore.cpp.o)
                0x0008e41e                USBD_SendInterfaces()
 .text._Z24USBD_SendOtherInterfacesv
                0x0008e440       0x22 C:\Users\lester\AppData\Local\Temp\VMBuilds\FeederDue\arduino_due_x\Debug/core.a(USBCore.cpp.o)
                0x0008e440                USBD_SendOtherInterfaces()
 .text._Z10USBD_Flushm
                0x0008e462       0x16 C:\Users\lester\AppData\Local\Temp\VMBuilds\FeederDue\arduino_due_x\Debug/core.a(USBCore.cpp.o)
                0x0008e462                USBD_Flush(unsigned long)
 .text._ZN10USBDevice_C2Ev
                0x0008e478       0x24 C:\Users\lester\AppData\Local\Temp\VMBuilds\FeederDue\arduino_due_x\Debug/core.a(USBCore.cpp.o)
                0x0008e478                USBDevice_::USBDevice_()
                0x0008e478                USBDevice_::USBDevice_()
 .text._ZN10USBDevice_6attachEv
                0x0008e49c       0x20 C:\Users\lester\AppData\Local\Temp\VMBuilds\FeederDue\arduino_due_x\Debug/core.a(USBCore.cpp.o)
                0x0008e49c                USBDevice_::attach()
 .text.startup._GLOBAL__sub_I_EndPoints
                0x0008e4bc        0xc C:\Users\lester\AppData\Local\Temp\VMBuilds\FeederDue\arduino_due_x\Debug/core.a(USBCore.cpp.o)
 .text._ZL7USB_ISRv
                0x0008e4c8      0x454 C:\Users\lester\AppData\Local\Temp\VMBuilds\FeederDue\arduino_due_x\Debug/core.a(USBCore.cpp.o)
 .text._ZN13PluggableUSB_12getInterfaceEPh
                0x0008e91c       0x28 C:\Users\lester\AppData\Local\Temp\VMBuilds\FeederDue\arduino_due_x\Debug/core.a(PluggableUSB.cpp.o)
                0x0008e91c                PluggableUSB_::getInterface(unsigned char*)
 .text._ZN13PluggableUSB_13getDescriptorER8USBSetup
                0x0008e944       0x1c C:\Users\lester\AppData\Local\Temp\VMBuilds\FeederDue\arduino_due_x\Debug/core.a(PluggableUSB.cpp.o)
                0x0008e944                PluggableUSB_::getDescriptor(USBSetup&)
 .text._ZN13PluggableUSB_12getShortNameEPc