Archive member included because of file (symbol)

C:\Users\lester\AppData\Local\arduino15\packages\arduino\hardware\sam\1.6.11\variants\arduino_due_x/libsam_sam3x8e_gcc_rel.a(pio.o)
                              C:\Users\lester\AppData\Local\Temp\VMBuilds\CheetahDue\arduino_due_x\Release\variant\variant.cpp.o (PIO_Configure)
C:\Users\lester\AppData\Local\arduino15\packages\arduino\hardware\sam\1.6.11\variants\arduino_due_x/libsam_sam3x8e_gcc_rel.a(pmc.o)
                              C:\Users\lester\AppData\Local\Temp\VMBuilds\CheetahDue\arduino_due_x\Release\variant\variant.cpp.o (pmc_enable_periph_clk)
C:\Users\lester\AppData\Local\arduino15\packages\arduino\hardware\sam\1.6.11\variants\arduino_due_x/libsam_sam3x8e_gcc_rel.a(system_sam3xa.o)
                              C:\Users\lester\AppData\Local\Temp\VMBuilds\CheetahDue\arduino_due_x\Release\variant\variant.cpp.o (SystemInit)
C:\Users\lester\AppData\Local\arduino15\packages\arduino\hardware\sam\1.6.11\variants\arduino_due_x/libsam_sam3x8e_gcc_rel.a(startup_sam3xa.o)
                              (Reset_Handler)
C:\Users\lester\AppData\Local\arduino15\packages\arduino\hardware\sam\1.6.11\variants\arduino_due_x/libsam_sam3x8e_gcc_rel.a(adc.o)
                              C:\Users\lester\AppData\Local\Temp\VMBuilds\CheetahDue\arduino_due_x\Release\variant\variant.cpp.o (adc_init)
C:\Users\lester\AppData\Local\arduino15\packages\arduino\hardware\sam\1.6.11\variants\arduino_due_x/libsam_sam3x8e_gcc_rel.a(uotghs.o)
                              C:\Users\lester\AppData\Local\arduino15\packages\arduino\hardware\sam\1.6.11\variants\arduino_due_x/libsam_sam3x8e_gcc_rel.a(startup_sam3xa.o) (UOTGHS_Handler)
C:\Users\lester\AppData\Local\Temp\VMBuilds\CheetahDue\arduino_due_x\Release/core.a(cortex_handlers.c.o)
                              C:\Users\lester\AppData\Local\arduino15\packages\arduino\hardware\sam\1.6.11\variants\arduino_due_x/libsam_sam3x8e_gcc_rel.a(startup_sam3xa.o) (NMI_Handler)
C:\Users\lester\AppData\Local\Temp\VMBuilds\CheetahDue\arduino_due_x\Release/core.a(hooks.c.o)
                              C:\Users\lester\AppData\Local\Temp\VMBuilds\CheetahDue\arduino_due_x\Release/core.a(cortex_handlers.c.o) (sysTickHook)
C:\Users\lester\AppData\Local\Temp\VMBuilds\CheetahDue\arduino_due_x\Release/core.a(syscalls_sam3.c.o)
                              (_sbrk)
C:\Users\lester\AppData\Local\Temp\VMBuilds\CheetahDue\arduino_due_x\Release/core.a(WInterrupts.c.o)
                              C:\Users\lester\AppData\Local\Temp\VMBuilds\CheetahDue\arduino_due_x\Release\CheetahDue.cpp.o (attachInterrupt)
C:\Users\lester\AppData\Local\Temp\VMBuilds\CheetahDue\arduino_due_x\Release/core.a(wiring.c.o)
                              C:\Users\lester\AppData\Local\Temp\VMBuilds\CheetahDue\arduino_due_x\Release\CheetahDue.cpp.o (millis)
C:\Users\lester\AppData\Local\Temp\VMBuilds\CheetahDue\arduino_due_x\Release/core.a(wiring_analog.c.o)
                              C:\Users\lester\AppData\Local\Temp\VMBuilds\CheetahDue\arduino_due_x\Release\variant\variant.cpp.o (analogOutputInit)
C:\Users\lester\AppData\Local\Temp\VMBuilds\CheetahDue\arduino_due_x\Release/core.a(wiring_digital.c.o)
                              C:\Users\lester\AppData\Local\Temp\VMBuilds\CheetahDue\arduino_due_x\Release\CheetahDue.cpp.o (pinMode)
C:\Users\lester\AppData\Local\Temp\VMBuilds\CheetahDue\arduino_due_x\Release/core.a(main.cpp.o)
                              c:/users/lester/appdata/local/arduino15/packages/arduino/tools/arm-none-eabi-gcc/4.8.3-2014q1/bin/../lib/gcc/arm-none-eabi/4.8.3/../../../../arm-none-eabi/lib/armv7-m/crt0.o (main)
C:\Users\lester\AppData\Local\Temp\VMBuilds\CheetahDue\arduino_due_x\Release/core.a(new.cpp.o)
                              C:\Users\lester\AppData\Local\Temp\VMBuilds\CheetahDue\arduino_due_x\Release\CheetahDue.cpp.o (operator new[](unsigned int))
C:\Users\lester\AppData\Local\Temp\VMBuilds\CheetahDue\arduino_due_x\Release/core.a(Print.cpp.o)
                              C:\Users\lester\AppData\Local\Temp\VMBuilds\CheetahDue\arduino_due_x\Release\CheetahDue.cpp.o (Print::print(char const*))
C:\Users\lester\AppData\Local\Temp\VMBuilds\CheetahDue\arduino_due_x\Release/core.a(Reset.cpp.o)
                              C:\Users\lester\AppData\Local\Temp\VMBuilds\CheetahDue\arduino_due_x\Release/core.a(cortex_handlers.c.o) (tickReset)
C:\Users\lester\AppData\Local\Temp\VMBuilds\CheetahDue\arduino_due_x\Release/core.a(RingBuffer.cpp.o)
                              C:\Users\lester\AppData\Local\Temp\VMBuilds\CheetahDue\arduino_due_x\Release\variant\variant.cpp.o (RingBuffer::RingBuffer())
C:\Users\lester\AppData\Local\Temp\VMBuilds\CheetahDue\arduino_due_x\Release/core.a(UARTClass.cpp.o)
                              C:\Users\lester\AppData\Local\Temp\VMBuilds\CheetahDue\arduino_due_x\Release\variant\variant.cpp.o (UARTClass::available())
C:\Users\lester\AppData\Local\Temp\VMBuilds\CheetahDue\arduino_due_x\Release/core.a(USARTClass.cpp.o)
[...]
Memory Configuration

Name             Origin             Length             Attributes
rom              0x00080000         0x00080000         xr
sram0            0x20000000         0x00010000         xrw
sram1            0x20080000         0x00008000         xrw
ram              0x20070000         0x00018000         xrw
*default*        0x00000000         0xffffffff

Linker script and memory map

LOAD c:/users/lester/appdata/local/arduino15/packages/arduino/tools/arm-none-eabi-gcc/4.8.3-2014q1/bin/../lib/gcc/arm-none-eabi/4.8.3/armv7-m/crti.o
LOAD c:/users/lester/appdata/local/arduino15/packages/arduino/tools/arm-none-eabi-gcc/4.8.3-2014q1/bin/../lib/gcc/arm-none-eabi/4.8.3/armv7-m/crtbegin.o
LOAD c:/users/lester/appdata/local/arduino15/packages/arduino/tools/arm-none-eabi-gcc/4.8.3-2014q1/bin/../lib/gcc/arm-none-eabi/4.8.3/../../../../arm-none-eabi/lib/armv7-m/crt0.o
START GROUP
LOAD C:\Users\lester\AppData\Local\Temp\VMBuilds\CheetahDue\arduino_due_x\Release\CheetahDue.cpp.o
LOAD C:\Users\lester\AppData\Local\Temp\VMBuilds\CheetahDue\arduino_due_x\Release\MemoryFree\MemoryFree.cpp.o
LOAD C:\Users\lester\AppData\Local\Temp\VMBuilds\CheetahDue\arduino_due_x\Release\MemoryFree\pgmStrToRAM.cpp.o
LOAD C:\Users\lester\AppData\Local\Temp\VMBuilds\CheetahDue\arduino_due_x\Release\variant\variant.cpp.o
LOAD C:\Users\lester\AppData\Local\arduino15\packages\arduino\hardware\sam\1.6.11\variants\arduino_due_x/libsam_sam3x8e_gcc_rel.a
LOAD C:\Users\lester\AppData\Local\Temp\VMBuilds\CheetahDue\arduino_due_x\Release/core.a
END GROUP
LOAD c:/users/lester/appdata/local/arduino15/packages/arduino/tools/arm-none-eabi-gcc/4.8.3-2014q1/bin/../lib/gcc/arm-none-eabi/4.8.3/../../../../arm-none-eabi/lib/armv7-m\libm.a
START GROUP
LOAD c:/users/lester/appdata/local/arduino15/packages/arduino/tools/arm-none-eabi-gcc/4.8.3-2014q1/bin/../lib/gcc/arm-none-eabi/4.8.3/armv7-m\libgcc.a
LOAD c:/users/lester/appdata/local/arduino15/packages/arduino/tools/arm-none-eabi-gcc/4.8.3-2014q1/bin/../lib/gcc/arm-none-eabi/4.8.3/../../../../arm-none-eabi/lib/armv7-m\libg.a
LOAD c:/users/lester/appdata/local/arduino15/packages/arduino/tools/arm-none-eabi-gcc/4.8.3-2014q1/bin/../lib/gcc/arm-none-eabi/4.8.3/../../../../arm-none-eabi/lib/armv7-m\libc.a
END GROUP
LOAD c:/users/lester/appdata/local/arduino15/packages/arduino/tools/arm-none-eabi-gcc/4.8.3-2014q1/bin/../lib/gcc/arm-none-eabi/4.8.3/armv7-m/crtend.o
LOAD c:/users/lester/appdata/local/arduino15/packages/arduino/tools/arm-none-eabi-gcc/4.8.3-2014q1/bin/../lib/gcc/arm-none-eabi/4.8.3/armv7-m/crtn.o

.text           0x00080000     0xe7c8
                0x00080000                . = ALIGN (0x4)
                0x00080000                _sfixed = .
 *(.vectors .vectors.*)
 .vectors       0x00080000       0xf4 C:\Users\lester\AppData\Local\arduino15\packages\arduino\hardware\sam\1.6.11\variants\arduino_due_x/libsam_sam3x8e_gcc_rel.a(startup_sam3xa.o)
                0x00080000                exception_table
 *(.text .text.* .gnu.linkonce.t.*)
 .text          0x000800f4       0x54 c:/users/lester/appdata/local/arduino15/packages/arduino/tools/arm-none-eabi-gcc/4.8.3-2014q1/bin/../lib/gcc/arm-none-eabi/4.8.3/armv7-m/crtbegin.o
 .text._ZN3VECItED2Ev
                0x00080148       0x18 C:\Users\lester\AppData\Local\Temp\VMBuilds\CheetahDue\arduino_due_x\Release\CheetahDue.cpp.o
                0x00080148                VEC<unsigned short>::~VEC()
                0x00080148                VEC<unsigned short>::~VEC()
 .text._ZN5DEBUGD2Ev
                0x00080160       0x16 C:\Users\lester\AppData\Local\Temp\VMBuilds\CheetahDue\arduino_due_x\Release\CheetahDue.cpp.o
                0x00080160                DEBUG::~DEBUG()
                0x00080160                DEBUG::~DEBUG()
 *fill*         0x00080176        0x2 
 .text._ZN3VECIhED2Ev
                0x00080178       0x18 C:\Users\lester\AppData\Local\Temp\VMBuilds\CheetahDue\arduino_due_x\Release\CheetahDue.cpp.o
                0x00080178                VEC<unsigned char>::~VEC()
                0x00080178                VEC<unsigned char>::~VEC()
 .text._ZN3VECIfED2Ev
                0x00080190       0x18 C:\Users\lester\AppData\Local\Temp\VMBuilds\CheetahDue\arduino_due_x\Release\CheetahDue.cpp.o
                0x00080190                VEC<float>::~VEC()
                0x00080190                VEC<float>::~VEC()
 .text._ZN3VECIcED2Ev
                0x000801a8       0x18 C:\Users\lester\AppData\Local\Temp\VMBuilds\CheetahDue\arduino_due_x\Release\CheetahDue.cpp.o
                0x000801a8                VEC<char>::~VEC()
                0x000801a8                VEC<char>::~VEC()
 .text._ZN6A4_COMI9UARTClassED2Ev
                0x000801c0       0x2e C:\Users\lester\AppData\Local\Temp\VMBuilds\CheetahDue\arduino_due_x\Release\CheetahDue.cpp.o
                0x000801c0                A4_COM<UARTClass>::~A4_COM()
                0x000801c0                A4_COM<UARTClass>::~A4_COM()
 .text._ZN6A4_COMI10USARTClassED2Ev
                0x000801ee       0x2e C:\Users\lester\AppData\Local\Temp\VMBuilds\CheetahDue\arduino_due_x\Release\CheetahDue.cpp.o
                0x000801ee                A4_COM<USARTClass>::~A4_COM()
                0x000801ee                A4_COM<USARTClass>::~A4_COM()
 .text._ZN3VECImED2Ev
                0x0008021c       0x18 C:\Users\lester\AppData\Local\Temp\VMBuilds\CheetahDue\arduino_due_x\Release\CheetahDue.cpp.o
                0x0008021c                VEC<unsigned long>::~VEC()
                0x0008021c                VEC<unsigned long>::~VEC()
 .text._ZN3VECIbED2Ev
                0x00080234       0x18 C:\Users\lester\AppData\Local\Temp\VMBuilds\CheetahDue\arduino_due_x\Release\CheetahDue.cpp.o
                0x00080234                VEC<bool>::~VEC()
                0x00080234                VEC<bool>::~VEC()
 .text._ZN3VECIiED2Ev
                0x0008024c       0x18 C:\Users\lester\AppData\Local\Temp\VMBuilds\CheetahDue\arduino_due_x\Release\CheetahDue.cpp.o
                0x0008024c                VEC<int>::~VEC()
                0x0008024c                VEC<int>::~VEC()
 .text._ZN6A2_COMI9UARTClassED2Ev
                0x00080264       0x5e C:\Users\lester\AppData\Local\Temp\VMBuilds\CheetahDue\arduino_due_x\Release\CheetahDue.cpp.o
                0x00080264                A2_COM<UARTClass>::~A2_COM()
                0x00080264                A2_COM<UARTClass>::~A2_COM()
 .text._ZN6A2_COMI10USARTClassED2Ev
                0x000802c2       0x5e C:\Users\lester\AppData\Local\Temp\VMBuilds\CheetahDue\arduino_due_x\Release\CheetahDue.cpp.o
                0x000802c2                A2_COM<USARTClass>::~A2_COM()
                0x000802c2                A2_COM<USARTClass>::~A2_COM()
 .text._ZN3VECItED0Ev
                0x00080320       0x12 C:\Users\lester\AppData\Local\Temp\VMBuilds\CheetahDue\arduino_due_x\Release\CheetahDue.cpp.o
                0x00080320                VEC<unsigned short>::~VEC()
 .text._ZN3VECIhED0Ev
                0x00080332       0x12 C:\Users\lester\AppData\Local\Temp\VMBuilds\CheetahDue\arduino_due_x\Release\CheetahDue.cpp.o
                0x00080332                VEC<unsigned char>::~VEC()
 .text._ZN3VECIfED0Ev
                0x00080344       0x12 C:\Users\lester\AppData\Local\Temp\VMBuilds\CheetahDue\arduino_due_x\Release\CheetahDue.cpp.o
                0x00080344                VEC<float>::~VEC()
 .text._ZN3VECIcED0Ev
                0x00080356       0x12 C:\Users\lester\AppData\Local\Temp\VMBuilds\CheetahDue\arduino_due_x\Release\CheetahDue.cpp.o
                0x00080356                VEC<char>::~VEC()
 .text._ZN3VECImED0Ev
                0x00080368       0x12 C:\Users\lester\AppData\Local\Temp\VMBuilds\CheetahDue\arduino_due_x\Release\CheetahDue.cpp.o
                0x00080368                VEC<unsigned long>::~VEC()
 .text._ZN3VECIbED0Ev
                0x0008037a       0x12 C:\Users\lester\AppData\Local\Temp\VMBuilds\CheetahDue\arduino_due_x\Release\CheetahDue.cpp.o
                0x0008037a                VEC<bool>::~VEC()
 .text._ZN3VECIiED0Ev
                0x0008038c       0x12 C:\Users\lester\AppData\Local\Temp\VMBuilds\CheetahDue\arduino_due_x\Release\CheetahDue.cpp.o
                0x0008038c                VEC<int>::~VEC()
 *fill*         0x0008039e        0x2 
 .text._Z15Interrupt_Northv
                0x000803a0       0x64 C:\Users\lester\AppData\Local\Temp\VMBuilds\CheetahDue\arduino_due_x\Release\CheetahDue.cpp.o
                0x000803a0                Interrupt_North()
 .text._Z14Interrupt_Westv
                0x00080404       0x64 C:\Users\lester\AppData\Local\Temp\VMBuilds\CheetahDue\arduino_due_x\Release\CheetahDue.cpp.o
                0x00080404                Interrupt_West()
 .text._Z15Interrupt_Southv
                0x00080468       0x64 C:\Users\lester\AppData\Local\Temp\VMBuilds\CheetahDue\arduino_due_x\Release\CheetahDue.cpp.o
                0x00080468                Interrupt_South()
 .text._Z14Interrupt_Eastv
                0x000804cc       0x64 C:\Users\lester\AppData\Local\Temp\VMBuilds\CheetahDue\arduino_due_x\Release\CheetahDue.cpp.o
                0x000804cc                Interrupt_East()
 .text._Z9SetupPinsv
                0x00080530      0x114 C:\Users\lester\AppData\Local\Temp\VMBuilds\CheetahDue\arduino_due_x\Release\CheetahDue.cpp.o
                0x00080530                SetupPins()
 .text._ZN5DEBUG5PrintEv
                0x00080644       0x50 C:\Users\lester\AppData\Local\Temp\VMBuilds\CheetahDue\arduino_due_x\Release\CheetahDue.cpp.o
                0x00080644                DEBUG::Print()
 .text._ZN5DEBUG22GetPrintQueueAvailableEv
                0x00080694       0x24 C:\Users\lester\AppData\Local\Temp\VMBuilds\CheetahDue\arduino_due_x\Release\CheetahDue.cpp.o
                0x00080694                DEBUG::GetPrintQueueAvailable()
 .text._ZN5DEBUG12FormatBinaryEj
                0x000806b8       0x68 C:\Users\lester\AppData\Local\Temp\VMBuilds\CheetahDue\arduino_due_x\Release\CheetahDue.cpp.o
                0x000806b8                DEBUG::FormatBinary(unsigned int)
 .text._ZN5DEBUG12sprintf_safeEtPcS0_z
                0x00080720       0xa8 C:\Users\lester\AppData\Local\Temp\VMBuilds\CheetahDue\arduino_due_x\Release\CheetahDue.cpp.o
                0x00080720                DEBUG::sprintf_safe(unsigned short, char*, char*, ...)
 .text._ZN5DEBUG15FormatTimestampEm
                0x000807c8       0x64 C:\Users\lester\AppData\Local\Temp\VMBuilds\CheetahDue\arduino_due_x\Release\CheetahDue.cpp.o
                0x000807c8                DEBUG::FormatTimestamp(unsigned long)
 .text._ZN5DEBUG5QueueEPcmS0_PKci
                0x0008082c      0x180 C:\Users\lester\AppData\Local\Temp\VMBuilds\CheetahDue\arduino_due_x\Release\CheetahDue.cpp.o
                0x0008082c                DEBUG::Queue(char*, unsigned long, char*, char const*, int)
 .text._ZN5DEBUG10DB_LogSendEPc
                0x000809ac       0x30 C:\Users\lester\AppData\Local\Temp\VMBuilds\CheetahDue\arduino_due_x\Release\CheetahDue.cpp.o
                0x000809ac                DEBUG::DB_LogSend(char*)
 .text._ZN5DEBUG11strcat_safeEttPctS0_
                0x000809dc       0x88 C:\Users\lester\AppData\Local\Temp\VMBuilds\CheetahDue\arduino_due_x\Release\CheetahDue.cpp.o
                0x000809dc                DEBUG::strcat_safe(unsigned short, unsigned short, char*, unsigned short, char*)
 .text._Z8QueueLogPcmS_PKci
                0x00080a64      0x15c C:\Users\lester\AppData\Local\Temp\VMBuilds\CheetahDue\arduino_due_x\Release\CheetahDue.cpp.o
                0x00080a64                QueueLog(char*, unsigned long, char*, char const*, int)
 .text._ZN5DEBUG10DB_GeneralEPKciPcm
                0x00080bc0       0x48 C:\Users\lester\AppData\Local\Temp\VMBuilds\CheetahDue\arduino_due_x\Release\CheetahDue.cpp.o
                0x00080bc0                DEBUG::DB_General(char const*, int, char*, unsigned long)
 .text._ZN5DEBUG9DB_PinMapEv
                0x00080c08      0x340 C:\Users\lester\AppData\Local\Temp\VMBuilds\CheetahDue\arduino_due_x\Release\CheetahDue.cpp.o
                0x00080c08                DEBUG::DB_PinMap()
 .text._ZN5DEBUG13DB_SendQueuedEPcm
                0x00080f48       0x6c C:\Users\lester\AppData\Local\Temp\VMBuilds\CheetahDue\arduino_due_x\Release\CheetahDue.cpp.o
                0x00080f48                DEBUG::DB_SendQueued(char*, unsigned long)
 .text._ZN5DEBUG7DB_RcvdEPcS0_bh
                0x00080fb4       0xc0 C:\Users\lester\AppData\Local\Temp\VMBuilds\CheetahDue\arduino_due_x\Release\CheetahDue.cpp.o
                0x00080fb4                DEBUG::DB_Rcvd(char*, char*, bool, unsigned char)
 .text._ZN5DEBUG7DB_SentEPcS0_bh
                0x00081074       0xa8 C:\Users\lester\AppData\Local\Temp\VMBuilds\CheetahDue\arduino_due_x\Release\CheetahDue.cpp.o
                0x00081074                DEBUG::DB_Sent(char*, char*, bool, unsigned char)
 .text._Z7SendLogv
                0x0008111c      0x1d0 C:\Users\lester\AppData\Local\Temp\VMBuilds\CheetahDue\arduino_due_x\Release\CheetahDue.cpp.o
                0x0008111c                SendLog()
 .text._Z13GetSetByteBitPhib
                0x000812ec       0x18 C:\Users\lester\AppData\Local\Temp\VMBuilds\CheetahDue\arduino_due_x\Release\CheetahDue.cpp.o
                0x000812ec                GetSetByteBit(unsigned char*, int, bool)
 .text._Z11GetPortWordmPii
                0x00081304       0x1a C:\Users\lester\AppData\Local\Temp\VMBuilds\CheetahDue\arduino_due_x\Release\CheetahDue.cpp.o
                0x00081304                GetPortWord(unsigned long, int*, int)
 *fill*         0x0008131e        0x2 
 .text._Z7SetPortmm
                0x00081320       0x14 C:\Users\lester\AppData\Local\Temp\VMBuilds\CheetahDue\arduino_due_x\Release\CheetahDue.cpp.o
                0x00081320                SetPort(unsigned long, unsigned long)
 .text._Z8StartRewv
                0x00081334       0xc0 C:\Users\lester\AppData\Local\Temp\VMBuilds\CheetahDue\arduino_due_x\Release\CheetahDue.cpp.o
                0x00081334                StartRew()
 .text._Z6EndRewv
                0x000813f4       0x80 C:\Users\lester\AppData\Local\Temp\VMBuilds\CheetahDue\arduino_due_x\Release\CheetahDue.cpp.o
                0x000813f4                EndRew()
 .text._Z12HardwareTesti
                0x00081474      0x2dc C:\Users\lester\AppData\Local\Temp\VMBuilds\CheetahDue\arduino_due_x\Release\CheetahDue.cpp.o
                0x00081474                HardwareTest(int)
 .text._Z5SetIRii10SETIRSTATEb
                0x00081750       0x90 C:\Users\lester\AppData\Local\Temp\VMBuilds\CheetahDue\arduino_due_x\Release\CheetahDue.cpp.o
                0x00081750                SetIR(int, int, SETIRSTATE, bool)
 .text._Z11StatusBlinkv
                0x000817e0       0x3a C:\Users\lester\AppData\Local\Temp\VMBuilds\CheetahDue\arduino_due_x\Release\CheetahDue.cpp.o
                0x000817e0                StatusBlink()
 *fill*         0x0008181a        0x2 
 .text._Z12IR_SyncPulsev
                0x0008181c       0x8c C:\Users\lester\AppData\Local\Temp\VMBuilds\CheetahDue\arduino_due_x\Release\CheetahDue.cpp.o
                0x0008181c                IR_SyncPulse()
 .text._Z8ResetTTLv
                0x000818a8      0x248 C:\Users\lester\AppData\Local\Temp\VMBuilds\CheetahDue\arduino_due_x\Release\CheetahDue.cpp.o
                0x000818a8                ResetTTL()
 .text._ZN3VECItEC2Eji
                0x00081af0       0x3c C:\Users\lester\AppData\Local\Temp\VMBuilds\CheetahDue\arduino_due_x\Release\CheetahDue.cpp.o
                0x00081af0                VEC<unsigned short>::VEC(unsigned int, int)
                0x00081af0                VEC<unsigned short>::VEC(unsigned int, int)
 .text._ZN5DEBUGC2Ev
                0x00081b2c       0x6c C:\Users\lester\AppData\Local\Temp\VMBuilds\CheetahDue\arduino_due_x\Release\CheetahDue.cpp.o
                0x00081b2c                DEBUG::DEBUG()
                0x00081b2c                DEBUG::DEBUG()
 .text._ZN3VECItEixEj
                0x00081b98       0x80 C:\Users\lester\AppData\Local\Temp\VMBuilds\CheetahDue\arduino_due_x\Release\CheetahDue.cpp.o
                0x00081b98                VEC<unsigned short>::operator[](unsigned int)
 .text._ZN5DEBUG10DB_WarningEPKciPcm
                0x00081c18       0x68 C:\Users\lester\AppData\Local\Temp\VMBuilds\CheetahDue\arduino_due_x\Release\CheetahDue.cpp.o
                0x00081c18                DEBUG::DB_Warning(char const*, int, char*, unsigned long)
 .text._ZN5DEBUG8PrintAllEm
                0x00081c80       0x7c C:\Users\lester\AppData\Local\Temp\VMBuilds\CheetahDue\arduino_due_x\Release\CheetahDue.cpp.o
                0x00081c80                DEBUG::PrintAll(unsigned long)
 .text.setup    0x00081cfc      0x2ec C:\Users\lester\AppData\Local\Temp\VMBuilds\CheetahDue\arduino_due_x\Release\CheetahDue.cpp.o
                0x00081cfc                setup
 .text._ZN5DEBUG8DB_ErrorEPKciPcm
                0x00081fe8       0x68 C:\Users\lester\AppData\Local\Temp\VMBuilds\CheetahDue\arduino_due_x\Release\CheetahDue.cpp.o
                0x00081fe8                DEBUG::DB_Error(char const*, int, char*, unsigned long)
 .text._ZN5DEBUG9CheckLoopEv
                0x00082050       0xd4 C:\Users\lester\AppData\Local\Temp\VMBuilds\CheetahDue\arduino_due_x\Release\CheetahDue.cpp.o
                0x00082050                DEBUG::CheckLoop()
 .text._Z12WaitBuffReadc
                0x00082124      0x224 C:\Users\lester\AppData\Local\Temp\VMBuilds\CheetahDue\arduino_due_x\Release\CheetahDue.cpp.o
                0x00082124                WaitBuffRead(char)
 .text._ZN5DEBUG9DoSummaryEv
                0x00082348      0x224 C:\Users\lester\AppData\Local\Temp\VMBuilds\CheetahDue\arduino_due_x\Release\CheetahDue.cpp.o
                0x00082348                DEBUG::DoSummary()
 .text._ZN3VECIhEixEj
                0x0008256c       0x80 C:\Users\lester\AppData\Local\Temp\VMBuilds\CheetahDue\arduino_due_x\Release\CheetahDue.cpp.o
                0x0008256c                VEC<unsigned char>::operator[](unsigned int)
 .text._ZN3VECIcEixEj
                0x000825ec       0x80 C:\Users\lester\AppData\Local\Temp\VMBuilds\CheetahDue\arduino_due_x\Release\CheetahDue.cpp.o
                0x000825ec                VEC<char>::operator[](unsigned int)
 .text._ZN3VECIfEC2Eji
                0x0008266c       0x3c C:\Users\lester\AppData\Local\Temp\VMBuilds\CheetahDue\arduino_due_x\Release\CheetahDue.cpp.o
                0x0008266c                VEC<float>::VEC(unsigned int, int)
                0x0008266c                VEC<float>::VEC(unsigned int, int)
 .text._ZN3VECIfEixEj
                0x000826a8       0x80 C:\Users\lester\AppData\Local\Temp\VMBuilds\CheetahDue\arduino_due_x\Release\CheetahDue.cpp.o
                0x000826a8                VEC<float>::operator[](unsigned int)
 .text._Z6ID_IndI6A2_COMI10USARTClassEEicPT_
                0x00082728       0x78 C:\Users\lester\AppData\Local\Temp\VMBuilds\CheetahDue\arduino_due_x\Release\CheetahDue.cpp.o
                0x00082728                int ID_Ind<A2_COM<USARTClass> >(char, A2_COM<USARTClass>*)
 .text._ZN3VECImEixEj
                0x000827a0       0x80 C:\Users\lester\AppData\Local\Temp\VMBuilds\CheetahDue\arduino_due_x\Release\CheetahDue.cpp.o
                0x000827a0                VEC<unsigned long>::operator[](unsigned int)
 .text._Z11QueuePacketcffftbbb
                0x00082820      0x2b0 C:\Users\lester\AppData\Local\Temp\VMBuilds\CheetahDue\arduino_due_x\Release\CheetahDue.cpp.o
                0x00082820                QueuePacket(char, float, float, float, unsigned short, bool, bool, bool)
 .text._Z9GetSerialv
                0x00082ad0      0x568 C:\Users\lester\AppData\Local\Temp\VMBuilds\CheetahDue\arduino_due_x\Release\CheetahDue.cpp.o
                0x00082ad0                GetSerial()
 .text._Z10SendPacketv
                0x00083038      0x328 C:\Users\lester\AppData\Local\Temp\VMBuilds\CheetahDue\arduino_due_x\Release\CheetahDue.cpp.o
                0x00083038                SendPacket()
 .text._Z11QuitSessionv
                0x00083360       0xbc C:\Users\lester\AppData\Local\Temp\VMBuilds\CheetahDue\arduino_due_x\Release\CheetahDue.cpp.o
                0x00083360                QuitSession()
 .text._ZN5DEBUG12RunErrorHoldEPcm
                0x0008341c       0xc0 C:\Users\lester\AppData\Local\Temp\VMBuilds\CheetahDue\arduino_due_x\Release\CheetahDue.cpp.o
                0x0008341c                DEBUG::RunErrorHold(char*, unsigned long)
 .text._Z17CheckForHandshakev
                0x000834dc      0x2dc C:\Users\lester\AppData\Local\Temp\VMBuilds\CheetahDue\arduino_due_x\Release\CheetahDue.cpp.o
                0x000834dc                CheckForHandshake()
 .text.loop     0x000837b8      0x600 C:\Users\lester\AppData\Local\Temp\VMBuilds\CheetahDue\arduino_due_x\Release\CheetahDue.cpp.o
                0x000837b8                loop
 .text._ZN3VECIcEC2EjiPKc
                0x00083db8       0x28 C:\Users\lester\AppData\Local\Temp\VMBuilds\CheetahDue\arduino_due_x\Release\CheetahDue.cpp.o
                0x00083db8                VEC<char>::VEC(unsigned int, int, char const*)
                0x00083db8                VEC<char>::VEC(unsigned int, int, char const*)
 .text._ZN3VECItEC2EjiPKt
                0x00083de0       0x34 C:\Users\lester\AppData\Local\Temp\VMBuilds\CheetahDue\arduino_due_x\Release\CheetahDue.cpp.o
                0x00083de0                VEC<unsigned short>::VEC(unsigned int, int, unsigned short const*)
                0x00083de0                VEC<unsigned short>::VEC(unsigned int, int, unsigned short const*)
 .text._ZN3VECImEC2Eji
                0x00083e14       0x3c C:\Users\lester\AppData\Local\Temp\VMBuilds\CheetahDue\arduino_due_x\Release\CheetahDue.cpp.o
                0x00083e14                VEC<unsigned long>::VEC(unsigned int, int)
                0x00083e14                VEC<unsigned long>::VEC(unsigned int, int)
 .text._ZN3VECIbEC2Eji
                0x00083e50       0x30 C:\Users\lester\AppData\Local\Temp\VMBuilds\CheetahDue\arduino_due_x\Release\CheetahDue.cpp.o
                0x00083e50                VEC<bool>::VEC(unsigned int, int)
                0x00083e50                VEC<bool>::VEC(unsigned int, int)
 .text._ZN3VECIiEC2Eji
                0x00083e80       0x3c C:\Users\lester\AppData\Local\Temp\VMBuilds\CheetahDue\arduino_due_x\Release\CheetahDue.cpp.o
                0x00083e80                VEC<int>::VEC(unsigned int, int)
                0x00083e80                VEC<int>::VEC(unsigned int, int)
 .text.startup._GLOBAL__sub_I_pin
                0x00083ebc      0x3e8 C:\Users\lester\AppData\Local\Temp\VMBuilds\CheetahDue\arduino_due_x\Release\CheetahDue.cpp.o
 .text._Z10freeMemoryv
                0x000842a4       0x14 C:\Users\lester\AppData\Local\Temp\VMBuilds\CheetahDue\arduino_due_x\Release\MemoryFree\MemoryFree.cpp.o
                0x000842a4                freeMemory()
 .text._Z11serialEventv
                0x000842b8        0x2 C:\Users\lester\AppData\Local\Temp\VMBuilds\CheetahDue\arduino_due_x\Release\variant\variant.cpp.o
                0x000842b8                serialEvent()
 *fill*         0x000842ba        0x2 
 .text.UART_Handler
                0x000842bc        0xc C:\Users\lester\AppData\Local\Temp\VMBuilds\CheetahDue\arduino_due_x\Release\variant\variant.cpp.o
                0x000842bc                UART_Handler
 .text._Z12serialEvent1v
                0x000842c8        0x2 C:\Users\lester\AppData\Local\Temp\VMBuilds\CheetahDue\arduino_due_x\Release\variant\variant.cpp.o
                0x000842c8                serialEvent1()
 .text._Z12serialEvent2v
                0x000842ca        0x2 C:\Users\lester\AppData\Local\Temp\VMBuilds\CheetahDue\arduino_due_x\Release\variant\variant.cpp.o
                0x000842ca                serialEvent2()
 .text._Z12serialEvent3v
                0x000842cc        0x2 C:\Users\lester\AppData\Local\Temp\VMBuilds\CheetahDue\arduino_due_x\Release\variant\variant.cpp.o
                0x000842cc                serialEvent3()
 *fill*         0x000842ce        0x2 
 .text.USART0_Handler
                0x000842d0        0xc C:\Users\lester\AppData\Local\Temp\VMBuilds\CheetahDue\arduino_due_x\Release\variant\variant.cpp.o
                0x000842d0                USART0_Handler
 .text.USART1_Handler
                0x000842dc        0xc C:\Users\lester\AppData\Local\Temp\VMBuilds\CheetahDue\arduino_due_x\Release\variant\variant.cpp.o
                0x000842dc                USART1_Handler
 .text.USART3_Handler
                0x000842e8        0xc C:\Users\lester\AppData\Local\Temp\VMBuilds\CheetahDue\arduino_due_x\Release\variant\variant.cpp.o
                0x000842e8                USART3_Handler
 .text.init     0x000842f4      0x128 C:\Users\lester\AppData\Local\Temp\VMBuilds\CheetahDue\arduino_due_x\Release\variant\variant.cpp.o
                0x000842f4                init
 .text.startup._GLOBAL__sub_I_g_APinDescription
                0x0008441c       0xd4 C:\Users\lester\AppData\Local\Temp\VMBuilds\CheetahDue\arduino_due_x\Release\variant\variant.cpp.o
 .text._Z14serialEventRunv
                0x000844f0       0x44 C:\Users\lester\AppData\Local\Temp\VMBuilds\CheetahDue\arduino_due_x\Release\variant\variant.cpp.o
                0x000844f0                serialEventRun()
 .text.PIO_PullUp
                0x00084534        0xa C:\Users\lester\AppData\Local\arduino15\packages\arduino\hardware\sam\1.6.11\variants\arduino_due_x/libsam_sam3x8e_gcc_rel.a(pio.o)
                0x00084534                PIO_PullUp
 .text.PIO_Get  0x0008453e       0x14 C:\Users\lester\AppData\Local\arduino15\packages\arduino\hardware\sam\1.6.11\variants\arduino_due_x/libsam_sam3x8e_gcc_rel.a(pio.o)
                0x0008453e                PIO_Get
 .text.PIO_SetPeripheral
                0x00084552       0x26 C:\Users\lester\AppData\Local\arduino15\packages\arduino\hardware\sam\1.6.11\variants\arduino_due_x/libsam_sam3x8e_gcc_rel.a(pio.o)
                0x00084552                PIO_SetPeripheral
 .text.PIO_SetInput
                0x00084578       0x26 C:\Users\lester\AppData\Local\arduino15\packages\arduino\hardware\sam\1.6.11\variants\arduino_due_x/libsam_sam3x8e_gcc_rel.a(pio.o)
                0x00084578                PIO_SetInput
 .text.PIO_SetOutput
                0x0008459e       0x24 C:\Users\lester\AppData\Local\arduino15\packages\arduino\hardware\sam\1.6.11\variants\arduino_due_x/libsam_sam3x8e_gcc_rel.a(pio.o)
                0x0008459e                PIO_SetOutput
 *fill*         0x000845c2        0x2 
 .text.PIO_Configure
                0x000845c4       0x64 C:\Users\lester\AppData\Local\arduino15\packages\arduino\hardware\sam\1.6.11\variants\arduino_due_x/libsam_sam3x8e_gcc_rel.a(pio.o)
                0x000845c4                PIO_Configure
 .text.PIO_GetOutputDataStatus
                0x00084628       0x14 C:\Users\lester\AppData\Local\arduino15\packages\arduino\hardware\sam\1.6.11\variants\arduino_due_x/libsam_sam3x8e_gcc_rel.a(pio.o)
                0x00084628                PIO_GetOutputDataStatus
 .text.pmc_enable_upll_clock
                0x0008463c       0x14 C:\Users\lester\AppData\Local\arduino15\packages\arduino\hardware\sam\1.6.11\variants\arduino_due_x/libsam_sam3x8e_gcc_rel.a(pmc.o)
                0x0008463c                pmc_enable_upll_clock
 .text.pmc_enable_periph_clk
                0x00084650       0x44 C:\Users\lester\AppData\Local\arduino15\packages\arduino\hardware\sam\1.6.11\variants\arduino_due_x/libsam_sam3x8e_gcc_rel.a(pmc.o)
                0x00084650                pmc_enable_periph_clk
 .text.pmc_disable_periph_clk
                0x00084694       0x40 C:\Users\lester\AppData\Local\arduino15\packages\arduino\hardware\sam\1.6.11\variants\arduino_due_x/libsam_sam3x8e_gcc_rel.a(pmc.o)
                0x00084694                pmc_disable_periph_clk
 .text.pmc_switch_udpck_to_upllck
                0x000846d4       0x14 C:\Users\lester\AppData\Local\arduino15\packages\arduino\hardware\sam\1.6.11\variants\arduino_due_x/libsam_sam3x8e_gcc_rel.a(pmc.o)
                0x000846d4                pmc_switch_udpck_to_upllck
 .text.pmc_enable_udpck
                0x000846e8        0xc C:\Users\lester\AppData\Local\arduino15\packages\arduino\hardware\sam\1.6.11\variants\arduino_due_x/libsam_sam3x8e_gcc_rel.a(pmc.o)
                0x000846e8                pmc_enable_udpck
 .text.SystemInit
                0x000846f4       0x88 C:\Users\lester\AppData\Local\arduino15\packages\arduino\hardware\sam\1.6.11\variants\arduino_due_x/libsam_sam3x8e_gcc_rel.a(system_sam3xa.o)
                0x000846f4                SystemInit
 .text.Reset_Handler
                0x0008477c       0x78 C:\Users\lester\AppData\Local\arduino15\packages\arduino\hardware\sam\1.6.11\variants\arduino_due_x/libsam_sam3x8e_gcc_rel.a(startup_sam3xa.o)
                0x0008477c                Reset_Handler
 .text.adc_init
                0x000847f4       0x98 C:\Users\lester\AppData\Local\arduino15\packages\arduino\hardware\sam\1.6.11\variants\arduino_due_x/libsam_sam3x8e_gcc_rel.a(adc.o)
                0x000847f4                adc_init
 .text.adc_configure_trigger
                0x0008488c        0xe C:\Users\lester\AppData\Local\arduino15\packages\arduino\hardware\sam\1.6.11\variants\arduino_due_x/libsam_sam3x8e_gcc_rel.a(adc.o)
                0x0008488c                adc_configure_trigger
 .text.adc_configure_timing
                0x0008489a       0x1a C:\Users\lester\AppData\Local\arduino15\packages\arduino\hardware\sam\1.6.11\variants\arduino_due_x/libsam_sam3x8e_gcc_rel.a(adc.o)
                0x0008489a                adc_configure_timing
 .text.adc_disable_channel
                0x000848b4        0xa C:\Users\lester\AppData\Local\arduino15\packages\arduino\hardware\sam\1.6.11\variants\arduino_due_x/libsam_sam3x8e_gcc_rel.a(adc.o)
                0x000848b4                adc_disable_channel
 .text.adc_disable_all_channel
                0x000848be        0x8 C:\Users\lester\AppData\Local\arduino15\packages\arduino\hardware\sam\1.6.11\variants\arduino_due_x/libsam_sam3x8e_gcc_rel.a(adc.o)
                0x000848be                adc_disable_all_channel
 .text.adc_disable_interrupt
                0x000848c6        0x4 C:\Users\lester\AppData\Local\arduino15\packages\arduino\hardware\sam\1.6.11\variants\arduino_due_x/libsam_sam3x8e_gcc_rel.a(adc.o)
                0x000848c6                adc_disable_interrupt
 *fill*         0x000848ca        0x2 
 .text.UOTGHS_Handler
                0x000848cc       0x10 C:\Users\lester\AppData\Local\arduino15\packages\arduino\hardware\sam\1.6.11\variants\arduino_due_x/libsam_sam3x8e_gcc_rel.a(uotghs.o)
                0x000848cc                UOTGHS_Handler
 .text.__halt   0x000848dc        0x2 C:\Users\lester\AppData\Local\Temp\VMBuilds\CheetahDue\arduino_due_x\Release/core.a(cortex_handlers.c.o)
                0x000848dc                DACC_Handler
                0x000848dc                DebugMon_Handler
                0x000848dc                DMAC_Handler
                0x000848dc                TRNG_Handler
                0x000848dc                HardFault_Handler
                0x000848dc                TC2_Handler
                0x000848dc                TWI1_Handler
                0x000848dc                NMI_Handler
                0x000848dc                TC7_Handler
                0x000848dc                ADC_Handler
                0x000848dc                SMC_Handler
                0x000848dc                RTT_Handler
                0x000848dc                EFC1_Handler
                0x000848dc                RTC_Handler
                0x000848dc                UsageFault_Handler
                0x000848dc                TC6_Handler
                0x000848dc                WDT_Handler
                0x000848dc                CAN0_Handler
                0x000848dc                TC4_Handler
                0x000848dc                TC1_Handler
                0x000848dc                HSMCI_Handler
                0x000848dc                TC3_Handler
                0x000848dc                TWI0_Handler
                0x000848dc                SSC_Handler
                0x000848dc                EFC0_Handler
                0x000848dc                PMC_Handler
                0x000848dc                PWM_Handler
                0x000848dc                CAN1_Handler
                0x000848dc                MemManage_Handler
                0x000848dc                SUPC_Handler
                0x000848dc                TC8_Handler
                0x000848dc                USART2_Handler
                0x000848dc                EMAC_Handler
                0x000848dc                BusFault_Handler
                0x000848dc                RSTC_Handler
                0x000848dc                TC0_Handler
                0x000848dc                TC5_Handler
                0x000848dc                SPI0_Handler
 .text.SVC_Handler
                0x000848de        0x4 C:\Users\lester\AppData\Local\Temp\VMBuilds\CheetahDue\arduino_due_x\Release/core.a(cortex_handlers.c.o)
                0x000848de                SVC_Handler
 .text.PendSV_Handler
                0x000848e2        0x4 C:\Users\lester\AppData\Local\Temp\VMBuilds\CheetahDue\arduino_due_x\Release/core.a(cortex_handlers.c.o)
                0x000848e2                PendSV_Handler
 .text.SysTick_Handler
                0x000848e6       0x16 C:\Users\lester\AppData\Local\Temp\VMBuilds\CheetahDue\arduino_due_x\Release/core.a(cortex_handlers.c.o)
                0x000848e6                SysTick_Handler
 .text.__empty  0x000848fc        0x2 C:\Users\lester\AppData\Local\Temp\VMBuilds\CheetahDue\arduino_due_x\Release/core.a(hooks.c.o)
                0x000848fc                yield
 .text.__false  0x000848fe        0x4 C:\Users\lester\AppData\Local\Temp\VMBuilds\CheetahDue\arduino_due_x\Release/core.a(hooks.c.o)
                0x000848fe                sysTickHook
 .text.__halt   0x00084902        0x2 C:\Users\lester\AppData\Local\Temp\VMBuilds\CheetahDue\arduino_due_x\Release/core.a(hooks.c.o)
                0x00084902                svcHook
                0x00084902                pendSVHook
 .text._sbrk    0x00084904       0x1c C:\Users\lester\AppData\Local\Temp\VMBuilds\CheetahDue\arduino_due_x\Release/core.a(syscalls_sam3.c.o)
                0x00084904                _sbrk
 .text.link     0x00084920        0x6 C:\Users\lester\AppData\Local\Temp\VMBuilds\CheetahDue\arduino_due_x\Release/core.a(syscalls_sam3.c.o)
                0x00084920                link
 .text._close   0x00084926        0x6 C:\Users\lester\AppData\Local\Temp\VMBuilds\CheetahDue\arduino_due_x\Release/core.a(syscalls_sam3.c.o)
                0x00084926                _close
 .text._fstat   0x0008492c        0xa C:\Users\lester\AppData\Local\Temp\VMBuilds\CheetahDue\arduino_due_x\Release/core.a(syscalls_sam3.c.o)
                0x0008492c                _fstat
 .text._isatty  0x00084936        0x4 C:\Users\lester\AppData\Local\Temp\VMBuilds\CheetahDue\arduino_due_x\Release/core.a(syscalls_sam3.c.o)
                0x00084936                _isatty
 .text._lseek   0x0008493a        0x4 C:\Users\lester\AppData\Local\Temp\VMBuilds\CheetahDue\arduino_due_x\Release/core.a(syscalls_sam3.c.o)
                0x0008493a                _lseek
 .text._read    0x0008493e        0x4 C:\Users\lester\AppData\Local\Temp\VMBuilds\CheetahDue\arduino_due_x\Release/core.a(syscalls_sam3.c.o)
                0x0008493e                _read
 *fill*         0x00084942        0x2 
 .text._write   0x00084944       0x24 C:\Users\lester\AppData\Local\Temp\VMBuilds\CheetahDue\arduino_due_x\Release/core.a(syscalls_sam3.c.o)
                0x00084944                _write
 .text._exit    0x00084968       0x10 C:\Users\lester\AppData\Local\Temp\VMBuilds\CheetahDue\arduino_due_x\Release/core.a(syscalls_sam3.c.o)
                0x00084968                _exit
 .text._kill    0x00084978        0x2 C:\Users\lester\AppData\Local\Temp\VMBuilds\CheetahDue\arduino_due_x\Release/core.a(syscalls_sam3.c.o)
                0x00084978                _kill
 .text._getpid  0x0008497a        0x6 C:\Users\lester\AppData\Local\Temp\VMBuilds\CheetahDue\arduino_due_x\Release/core.a(syscalls_sam3.c.o)
                0x0008497a                _getpid
 .text.attachInterrupt
                0x00084980      0x148 C:\Users\lester\AppData\Local\Temp\VMBuilds\CheetahDue\arduino_due_x\Release/core.a(WInterrupts.c.o)
                0x00084980                attachInterrupt
 .text.PIOA_Handler
                0x00084ac8       0x38 C:\Users\lester\AppData\Local\Temp\VMBuilds\CheetahDue\arduino_due_x\Release/core.a(WInterrupts.c.o)
                0x00084ac8                PIOA_Handler
 .text.PIOB_Handler
                0x00084b00       0x38 C:\Users\lester\AppData\Local\Temp\VMBuilds\CheetahDue\arduino_due_x\Release/core.a(WInterrupts.c.o)
                0x00084b00                PIOB_Handler
 .text.PIOC_Handler
                0x00084b38       0x38 C:\Users\lester\AppData\Local\Temp\VMBuilds\CheetahDue\arduino_due_x\Release/core.a(WInterrupts.c.o)
                0x00084b38                PIOC_Handler
 .text.PIOD_Handler
                0x00084b70       0x38 C:\Users\lester\AppData\Local\Temp\VMBuilds\CheetahDue\arduino_due_x\Release/core.a(WInterrupts.c.o)
                0x00084b70                PIOD_Handler
 .text.millis   0x00084ba8        0x4 C:\Users\lester\AppData\Local\Temp\VMBuilds\CheetahDue\arduino_due_x\Release/core.a(wiring.c.o)
                0x00084ba8                millis
 .text.delay    0x00084bac       0x1c C:\Users\lester\AppData\Local\Temp\VMBuilds\CheetahDue\arduino_due_x\Release/core.a(wiring.c.o)
                0x00084bac                delay
 .text.analogOutputInit
                0x00084bc8        0x2 C:\Users\lester\AppData\Local\Temp\VMBuilds\CheetahDue\arduino_due_x\Release/core.a(wiring_analog.c.o)
                0x00084bc8                analogOutputInit
 *fill*         0x00084bca        0x2 
 .text.pinMode  0x00084bcc      0x108 C:\Users\lester\AppData\Local\Temp\VMBuilds\CheetahDue\arduino_due_x\Release/core.a(wiring_digital.c.o)
                0x00084bcc                pinMode
 .text.digitalWrite
                0x00084cd4       0x70 C:\Users\lester\AppData\Local\Temp\VMBuilds\CheetahDue\arduino_due_x\Release/core.a(wiring_digital.c.o)
                0x00084cd4                digitalWrite
 .text.digitalRead
                0x00084d44       0x44 C:\Users\lester\AppData\Local\Temp\VMBuilds\CheetahDue\arduino_due_x\Release/core.a(wiring_digital.c.o)
                0x00084d44                digitalRead
 .text.initVariant
                0x00084d88        0x2 C:\Users\lester\AppData\Local\Temp\VMBuilds\CheetahDue\arduino_due_x\Release/core.a(main.cpp.o)
                0x00084d88                initVariant
 *fill*         0x00084d8a        0x2 
 .text.startup.main
                0x00084d8c       0x38 C:\Users\lester\AppData\Local\Temp\VMBuilds\CheetahDue\arduino_due_x\Release/core.a(main.cpp.o)
                0x00084d8c                main
 .text._Znaj    0x00084dc4        0x4 C:\Users\lester\AppData\Local\Temp\VMBuilds\CheetahDue\arduino_due_x\Release/core.a(new.cpp.o)
                0x00084dc4                operator new[](unsigned int)
 .text._ZdlPv   0x00084dc8        0x4 C:\Users\lester\AppData\Local\Temp\VMBuilds\CheetahDue\arduino_due_x\Release/core.a(new.cpp.o)
                0x00084dc8                operator delete(void*)
 .text._ZdaPv   0x00084dcc        0x4 C:\Users\lester\AppData\Local\Temp\VMBuilds\CheetahDue\arduino_due_x\Release/core.a(new.cpp.o)
                0x00084dcc                operator delete[](void*)
 .text._ZN5Print5writeEPKhj
                0x00084dd0       0x22 C:\Users\lester\AppData\Local\Temp\VMBuilds\CheetahDue\arduino_due_x\Release/core.a(Print.cpp.o)
                0x00084dd0                Print::write(unsigned char const*, unsigned int)
 .text._ZN5Print5writeEPKc
                0x00084df2       0x1e C:\Users\lester\AppData\Local\Temp\VMBuilds\CheetahDue\arduino_due_x\Release/core.a(Print.cpp.o)
                0x00084df2                Print::write(char const*)
 .text._ZN5Print5printEPKc
                0x00084e10        0x8 C:\Users\lester\AppData\Local\Temp\VMBuilds\CheetahDue\arduino_due_x\Release/core.a(Print.cpp.o)
                0x00084e10                Print::print(char const*)
 .text.initiateReset
                0x00084e18        0xc C:\Users\lester\AppData\Local\Temp\VMBuilds\CheetahDue\arduino_due_x\Release/core.a(Reset.cpp.o)
                0x00084e18                initiateReset
 .text.cancelReset
                0x00084e24       0x10 C:\Users\lester\AppData\Local\Temp\VMBuilds\CheetahDue\arduino_due_x\Release/core.a(Reset.cpp.o)
                0x00084e24                cancelReset
 .text.tickReset
                0x00084e34       0x20 C:\Users\lester\AppData\Local\Temp\VMBuilds\CheetahDue\arduino_due_x\Release/core.a(Reset.cpp.o)
                0x00084e34                tickReset
 .text._ZN10RingBufferC2Ev
                0x00084e54       0x1c C:\Users\lester\AppData\Local\Temp\VMBuilds\CheetahDue\arduino_due_x\Release/core.a(RingBuffer.cpp.o)
                0x00084e54                RingBuffer::RingBuffer()
                0x00084e54                RingBuffer::RingBuffer()
 .text._ZN10RingBuffer10store_charEh
                0x00084e70       0x28 C:\Users\lester\AppData\Local\Temp\VMBuilds\CheetahDue\arduino_due_x\Release/core.a(RingBuffer.cpp.o)
                0x00084e70                RingBuffer::store_char(unsigned char)
 .text._ZN9UARTClasscvbEv
                0x00084e98        0x4 C:\Users\lester\AppData\Local\Temp\VMBuilds\CheetahDue\arduino_due_x\Release/core.a(UARTClass.cpp.o)
                0x00084e98                UARTClass::operator bool()
 .text._ZN9UARTClass9availableEv
                0x00084e9c       0x1e C:\Users\lester\AppData\Local\Temp\VMBuilds\CheetahDue\arduino_due_x\Release/core.a(UARTClass.cpp.o)
                0x00084e9c                UARTClass::available()
 .text._ZN9UARTClass4peekEv
                0x00084eba       0x1c C:\Users\lester\AppData\Local\Temp\VMBuilds\CheetahDue\arduino_due_x\Release/core.a(UARTClass.cpp.o)
                0x00084eba                UARTClass::peek()
 .text._ZN9UARTClass4readEv
                0x00084ed6       0x34 C:\Users\lester\AppData\Local\Temp\VMBuilds\CheetahDue\arduino_due_x\Release/core.a(UARTClass.cpp.o)
                0x00084ed6                UARTClass::read()
 .text._ZN9UARTClass5flushEv
                0x00084f0a       0x18 C:\Users\lester\AppData\Local\Temp\VMBuilds\CheetahDue\arduino_due_x\Release/core.a(UARTClass.cpp.o)
                0x00084f0a                UARTClass::flush()
 .text._ZN9UARTClass5writeEh
                0x00084f22       0x4c C:\Users\lester\AppData\Local\Temp\VMBuilds\CheetahDue\arduino_due_x\Release/core.a(UARTClass.cpp.o)
                0x00084f22                UARTClass::write(unsigned char)
 *fill*         0x00084f6e        0x2 
 .text._ZN9UARTClass3endEv
                0x00084f70       0x3c C:\Users\lester\AppData\Local\Temp\VMBuilds\CheetahDue\arduino_due_x\Release/core.a(UARTClass.cpp.o)
                0x00084f70                UARTClass::end()
 .text._ZN9UARTClassC2EP4Uart4IRQnmP10RingBufferS4_
                0x00084fac       0x24 C:\Users\lester\AppData\Local\Temp\VMBuilds\CheetahDue\arduino_due_x\Release/core.a(UARTClass.cpp.o)
                0x00084fac                UARTClass::UARTClass(Uart*, IRQn, unsigned long, RingBuffer*, RingBuffer*)
                0x00084fac                UARTClass::UARTClass(Uart*, IRQn, unsigned long, RingBuffer*, RingBuffer*)
 .text._ZN9UARTClass4initEmm
                0x00084fd0       0x70 C:\Users\lester\AppData\Local\Temp\VMBuilds\CheetahDue\arduino_due_x\Release/core.a(UARTClass.cpp.o)
                0x00084fd0                UARTClass::init(unsigned long, unsigned long)
 .text._ZN9UARTClass5beginEm
                0x00085040        0x8 C:\Users\lester\AppData\Local\Temp\VMBuilds\CheetahDue\arduino_due_x\Release/core.a(UARTClass.cpp.o)
                0x00085040                UARTClass::begin(unsigned long)
 .text._ZN9UARTClass17availableForWriteEv
                0x00085048       0x1e C:\Users\lester\AppData\Local\Temp\VMBuilds\CheetahDue\arduino_due_x\Release/core.a(UARTClass.cpp.o)
                0x00085048                UARTClass::availableForWrite()
 .text._ZN9UARTClass10IrqHandlerEv
                0x00085066       0x62 C:\Users\lester\AppData\Local\Temp\VMBuilds\CheetahDue\arduino_due_x\Release/core.a(UARTClass.cpp.o)
                0x00085066                UARTClass::IrqHandler()
 .text._ZN10USARTClass5beginEm
                0x000850c8        0x8 C:\Users\lester\AppData\Local\Temp\VMBuilds\CheetahDue\arduino_due_x\Release/core.a(USARTClass.cpp.o)
                0x000850c8                USARTClass::begin(unsigned long)
 .text._ZN10USARTClassC2EP5Usart4IRQnmP10RingBufferS4_
                0x000850d0       0x24 C:\Users\lester\AppData\Local\Temp\VMBuilds\CheetahDue\arduino_due_x\Release/core.a(USARTClass.cpp.o)
                0x000850d0                USARTClass::USARTClass(Usart*, IRQn, unsigned long, RingBuffer*, RingBuffer*)
                0x000850d0                USARTClass::USARTClass(Usart*, IRQn, unsigned long, RingBuffer*, RingBuffer*)
 .text._watchdogDefaultSetup
                0x000850f4        0xc C:\Users\lester\AppData\Local\Temp\VMBuilds\CheetahDue\arduino_due_x\Release/core.a(watchdog.cpp.o)
                0x000850f4                _watchdogDefaultSetup
                0x000850f4                watchdogSetup()
 .text._ZN7Serial_9availableEv
                0x00085100       0x18 C:\Users\lester\AppData\Local\Temp\VMBuilds\CheetahDue\arduino_due_x\Release/core.a(CDC.cpp.o)
                0x00085100                Serial_::available()
 .text._ZN7Serial_17availableForWriteEv
                0x00085118        0x6 C:\Users\lester\AppData\Local\Temp\VMBuilds\CheetahDue\arduino_due_x\Release/core.a(CDC.cpp.o)
                0x00085118                Serial_::availableForWrite()
 *fill*         0x0008511e        0x2 
 .text._ZN7Serial_4peekEv
                0x00085120       0x20 C:\Users\lester\AppData\Local\Temp\VMBuilds\CheetahDue\arduino_due_x\Release/core.a(CDC.cpp.o)
                0x00085120                Serial_::peek()
 .text._ZN7Serial_5writeEh
                0x00085140       0x16 C:\Users\lester\AppData\Local\Temp\VMBuilds\CheetahDue\arduino_due_x\Release/core.a(CDC.cpp.o)
                0x00085140                Serial_::write(unsigned char)
 *fill*         0x00085156        0x2 
 .text._ZN7Serial_4readEv
                0x00085158       0x44 C:\Users\lester\AppData\Local\Temp\VMBuilds\CheetahDue\arduino_due_x\Release/core.a(CDC.cpp.o)
                0x00085158                Serial_::read()
 .text._ZN7Serial_5flushEv
                0x0008519c        0x6 C:\Users\lester\AppData\Local\Temp\VMBuilds\CheetahDue\arduino_due_x\Release/core.a(CDC.cpp.o)
                0x0008519c                Serial_::flush()
 *fill*         0x000851a2        0x2 
 .text._ZN7Serial_6acceptEv
                0x000851a4       0x70 C:\Users\lester\AppData\Local\Temp\VMBuilds\CheetahDue\arduino_due_x\Release/core.a(CDC.cpp.o)
                0x000851a4                Serial_::accept()
 .text._ZN7Serial_5writeEPKhj
                0x00085214       0x2c C:\Users\lester\AppData\Local\Temp\VMBuilds\CheetahDue\arduino_due_x\Release/core.a(CDC.cpp.o)
                0x00085214                Serial_::write(unsigned char const*, unsigned int)
 .text._Z16CDC_GetInterfacePh
                0x00085240       0x14 C:\Users\lester\AppData\Local\Temp\VMBuilds\CheetahDue\arduino_due_x\Release/core.a(CDC.cpp.o)
                0x00085240                CDC_GetInterface(unsigned char*)
 .text._Z21CDC_GetOtherInterfacePh
                0x00085254       0x14 C:\Users\lester\AppData\Local\Temp\VMBuilds\CheetahDue\arduino_due_x\Release/core.a(CDC.cpp.o)
                0x00085254                CDC_GetOtherInterface(unsigned char*)
 .text._Z9CDC_SetupR8USBSetup
                0x00085268       0x78 C:\Users\lester\AppData\Local\Temp\VMBuilds\CheetahDue\arduino_due_x\Release/core.a(CDC.cpp.o)
                0x00085268                CDC_Setup(USBSetup&)
 .text._ZN7Serial_5beginEm
                0x000852e0        0x2 C:\Users\lester\AppData\Local\Temp\VMBuilds\CheetahDue\arduino_due_x\Release/core.a(CDC.cpp.o)
                0x000852e0                Serial_::begin(unsigned long)
 *fill*         0x000852e2        0x2 
 .text.startup._GLOBAL__sub_I_cdc_rx_buffer
                0x000852e4       0x1c C:\Users\lester\AppData\Local\Temp\VMBuilds\CheetahDue\arduino_due_x\Release/core.a(CDC.cpp.o)
 .text.unlikely._ZL11USB_SendZlpv
                0x00085300       0x20 C:\Users\lester\AppData\Local\Temp\VMBuilds\CheetahDue\arduino_due_x\Release/core.a(USBCore.cpp.o)
 .text._Z14USBD_Availablem
                0x00085320       0x2c C:\Users\lester\AppData\Local\Temp\VMBuilds\CheetahDue\arduino_due_x\Release/core.a(USBCore.cpp.o)
                0x00085320                USBD_Available(unsigned long)
 .text._Z9USBD_RecvmPvm
                0x0008534c       0x7c C:\Users\lester\AppData\Local\Temp\VMBuilds\CheetahDue\arduino_due_x\Release/core.a(USBCore.cpp.o)
                0x0008534c                USBD_Recv(unsigned long, void*, unsigned long)
 .text._Z9USBD_Recvm
                0x000853c8       0x22 C:\Users\lester\AppData\Local\Temp\VMBuilds\CheetahDue\arduino_due_x\Release/core.a(USBCore.cpp.o)
                0x000853c8                USBD_Recv(unsigned long)
 *fill*         0x000853ea        0x2 
 .text._Z9USBD_SendmPKvm
                0x000853ec       0x4c C:\Users\lester\AppData\Local\Temp\VMBuilds\CheetahDue\arduino_due_x\Release/core.a(USBCore.cpp.o)
                0x000853ec                USBD_Send(unsigned long, void const*, unsigned long)
 .text._Z16USBD_SendControlhPKvm
                0x00085438       0x40 C:\Users\lester\AppData\Local\Temp\VMBuilds\CheetahDue\arduino_due_x\Release/core.a(USBCore.cpp.o)
                0x00085438                USBD_SendControl(unsigned char, void const*, unsigned long)
 .text.unlikely._ZL24USB_SendStringDescriptorPKhi
                0x00085478       0x64 C:\Users\lester\AppData\Local\Temp\VMBuilds\CheetahDue\arduino_due_x\Release/core.a(USBCore.cpp.o)
 .text._Z16USBD_RecvControlPvm
                0x000854dc       0x1c C:\Users\lester\AppData\Local\Temp\VMBuilds\CheetahDue\arduino_due_x\Release/core.a(USBCore.cpp.o)
                0x000854dc                USBD_RecvControl(void*, unsigned long)
 .text._Z26USBD_ClassInterfaceRequestR8USBSetup
                0x000854f8       0x1e C:\Users\lester\AppData\Local\Temp\VMBuilds\CheetahDue\arduino_due_x\Release/core.a(USBCore.cpp.o)
                0x000854f8                USBD_ClassInterfaceRequest(USBSetup&)
 .text._Z19USBD_SendInterfacesv
                0x00085516       0x22 C:\Users\lester\AppData\Local\Temp\VMBuilds\CheetahDue\arduino_due_x\Release/core.a(USBCore.cpp.o)
                0x00085516                USBD_SendInterfaces()
 .text._Z24USBD_SendOtherInterfacesv
                0x00085538       0x22 C:\Users\lester\AppData\Local\Temp\VMBuilds\CheetahDue\arduino_due_x\Release/core.a(USBCore.cpp.o)
                0x00085538                USBD_SendOtherInterfaces()
 .text._Z10USBD_Flushm
                0x0008555a       0x16 C:\Users\lester\AppData\Local\Temp\VMBuilds\CheetahDue\arduino_due_x\Release/core.a(USBCore.cpp.o)
                0x0008555a                USBD_Flush(unsigned long)
 .text._ZN10USBDevice_C2Ev
                0x00085570       0x24 C:\Users\lester\AppData\Local\Temp\VMBuilds\CheetahDue\arduino_due_x\Release/core.a(USBCore.cpp.o)
                0x00085570                USBDevice_::USBDevice_()
                0x00085570                USBDevice_::USBDevice_()
 .text._ZN10USBDevice_6attachEv
                0x00085594       0x20 C:\Users\lester\AppData\Local\Temp\VMBuilds\CheetahDue\arduino_due_x\Release/core.a(USBCore.cpp.o)
                0x00085594                USBDevice_::attach()
 .text.startup._GLOBAL__sub_I_EndPoints
                0x000855b4        0xc C:\Users\lester\AppData\Local\Temp\VMBuilds\CheetahDue\arduino_due_x\Release/core.a(USBCore.cpp.o)
 .text._ZL7USB_ISRv
                0x000855c0      0x454 C:\Users\lester\AppData\Local\Temp\VMBuilds\CheetahDue\arduino_due_x\Release/core.a(USBCore.cpp.o)
 .text._ZN13PluggableUSB_12getInterfaceEPh
                0x00085a14       0x28 C:\Users\lester\AppData\Local\Temp\VMBuilds\CheetahDue\arduino_due_x\Release/core.a(PluggableUSB.cpp.o)
                0x00085a14                PluggableUSB_::getInterface(unsigned char*)
 .text._ZN13PluggableUSB_13getDescriptorER8USBSetup
                0x00085a3c       0x1c C:\Users\lester\AppData\Local\Temp\VMBuilds\CheetahDue\arduino_due_x\Release/core.a(PluggableUSB.cpp.o)
                0x00085a3c                PluggableUSB_::getDescriptor(USBSetup&)
 .text._ZN13PluggableUSB_12getShortNameEPc
                0x00085a58       0x1c C:\Users\lester\AppData\Local\Temp\VMBuilds\CheetahDue\arduino_due_x\Release/core.a(PluggableUSB.cpp.o)
                0x00085a58                PluggableUSB_::getShortName(char*)
 .text._ZN13PluggableUSB_5setupER8USBSetup
                0x00085a74       0x20 C:\Users\lester\AppData\Local\Temp\VMBuilds\CheetahDue\arduino_due_x\Release/core.a(PluggableUSB.cpp.o)
                0x00085a74                PluggableUSB_::setup(USBSetup&)
 .text._Z12PluggableUSBv
                0x00085a94       0x28 C:\Users\lester\AppData\Local\Temp\VMBuilds\CheetahDue\arduino_due_x\Release/core.a(PluggableUSB.cpp.o)
                0x00085a94                PluggableUSB()
 .text.TimeTick_Increment
                0x00085abc       0x10 C:\Users\lester\AppData\Local\arduino15\packages\arduino\hardware\sam\1.6.11\variants\arduino_due_x/libsam_sam3x8e_gcc_rel.a(timetick.o)
                0x00085abc                TimeTick_Increment
 .text.GetTickCount
                0x00085acc        0xc C:\Users\lester\AppData\Local\arduino15\packages\arduino\hardware\sam\1.6.11\variants\arduino_due_x/libsam_sam3x8e_gcc_rel.a(timetick.o)
                0x00085acc                GetTickCount
 .text.WDT_Disable
                0x00085ad8        0x8 C:\Users\lester\AppData\Local\arduino15\packages\arduino\hardware\sam\1.6.11\variants\arduino_due_x/libsam_sam3x8e_gcc_rel.a(wdt.o)
                0x00085ad8                WDT_Disable
 .text.UDD_SetStack
                0x00085ae0        0xc C:\Users\lester\AppData\Local\arduino15\packages\arduino\hardware\sam\1.6.11\variants\arduino_due_x/libsam_sam3x8e_gcc_rel.a(uotghs_device.o)
                0x00085ae0                UDD_SetStack
 .text.UDD_Init
                0x00085aec       0xd0 C:\Users\lester\AppData\Local\arduino15\packages\arduino\hardware\sam\1.6.11\variants\arduino_due_x/libsam_sam3x8e_gcc_rel.a(uotghs_device.o)
                0x00085aec                UDD_Init
 .text.UDD_Attach
                0x00085bbc       0x50 C:\Users\lester\AppData\Local\arduino15\packages\arduino\hardware\sam\1.6.11\variants\arduino_due_x/libsam_sam3x8e_gcc_rel.a(uotghs_device.o)
                0x00085bbc                UDD_Attach
 .text.UDD_InitEP
                0x00085c0c       0x2c C:\Users\lester\AppData\Local\arduino15\packages\arduino\hardware\sam\1.6.11\variants\arduino_due_x/libsam_sam3x8e_gcc_rel.a(uotghs_device.o)
                0x00085c0c                UDD_InitEP
 .text.UDD_InitEndpoints
                0x00085c38       0x3c C:\Users\lester\AppData\Local\arduino15\packages\arduino\hardware\sam\1.6.11\variants\arduino_due_x/libsam_sam3x8e_gcc_rel.a(uotghs_device.o)
                0x00085c38                UDD_InitEndpoints
 .text.UDD_WaitIN
                0x00085c74       0x10 C:\Users\lester\AppData\Local\arduino15\packages\arduino\hardware\sam\1.6.11\variants\arduino_due_x/libsam_sam3x8e_gcc_rel.a(uotghs_device.o)
                0x00085c74                UDD_WaitIN
 .text.UDD_WaitOUT
                0x00085c84       0x10 C:\Users\lester\AppData\Local\arduino15\packages\arduino\hardware\sam\1.6.11\variants\arduino_due_x/libsam_sam3x8e_gcc_rel.a(uotghs_device.o)
                0x00085c84                UDD_WaitOUT
 .text.UDD_ClearIN
                0x00085c94       0x18 C:\Users\lester\AppData\Local\arduino15\packages\arduino\hardware\sam\1.6.11\variants\arduino_due_x/libsam_sam3x8e_gcc_rel.a(uotghs_device.o)
                0x00085c94                UDD_ClearIN
 .text.UDD_ClearOUT
                0x00085cac       0x18 C:\Users\lester\AppData\Local\arduino15\packages\arduino\hardware\sam\1.6.11\variants\arduino_due_x/libsam_sam3x8e_gcc_rel.a(uotghs_device.o)
                0x00085cac                UDD_ClearOUT
 .text.UDD_ReceivedSetupInt
                0x00085cc4       0x10 C:\Users\lester\AppData\Local\arduino15\packages\arduino\hardware\sam\1.6.11\variants\arduino_due_x/libsam_sam3x8e_gcc_rel.a(uotghs_device.o)
                0x00085cc4                UDD_ReceivedSetupInt
 .text.UDD_ClearSetupInt
                0x00085cd4       0x10 C:\Users\lester\AppData\Local\arduino15\packages\arduino\hardware\sam\1.6.11\variants\arduino_due_x/libsam_sam3x8e_gcc_rel.a(uotghs_device.o)
                0x00085cd4                UDD_ClearSetupInt
 .text.UDD_Send
                0x00085ce4       0x88 C:\Users\lester\AppData\Local\arduino15\packages\arduino\hardware\sam\1.6.11\variants\arduino_due_x/libsam_sam3x8e_gcc_rel.a(uotghs_device.o)
                0x00085ce4                UDD_Send
 .text.UDD_Send8
                0x00085d6c       0x24 C:\Users\lester\AppData\Local\arduino15\packages\arduino\hardware\sam\1.6.11\variants\arduino_due_x/libsam_sam3x8e_gcc_rel.a(uotghs_device.o)
                0x00085d6c                UDD_Send8
 .text.UDD_Recv8
                0x00085d90       0x28 C:\Users\lester\AppData\Local\arduino15\packages\arduino\hardware\sam\1.6.11\variants\arduino_due_x/libsam_sam3x8e_gcc_rel.a(uotghs_device.o)
                0x00085d90                UDD_Recv8
 .text.UDD_Recv
                0x00085db8       0x34 C:\Users\lester\AppData\Local\arduino15\packages\arduino\hardware\sam\1.6.11\variants\arduino_due_x/libsam_sam3x8e_gcc_rel.a(uotghs_device.o)
                0x00085db8                UDD_Recv
 .text.UDD_Stall
                0x00085dec       0x14 C:\Users\lester\AppData\Local\arduino15\packages\arduino\hardware\sam\1.6.11\variants\arduino_due_x/libsam_sam3x8e_gcc_rel.a(uotghs_device.o)
                0x00085dec                UDD_Stall
 .text.UDD_FifoByteCount
                0x00085e00       0x14 C:\Users\lester\AppData\Local\arduino15\packages\arduino\hardware\sam\1.6.11\variants\arduino_due_x/libsam_sam3x8e_gcc_rel.a(uotghs_device.o)
                0x00085e00                UDD_FifoByteCount
 .text.UDD_ReleaseRX
                0x00085e14       0x28 C:\Users\lester\AppData\Local\arduino15\packages\arduino\hardware\sam\1.6.11\variants\arduino_due_x/libsam_sam3x8e_gcc_rel.a(uotghs_device.o)
                0x00085e14                UDD_ReleaseRX
 .text.UDD_ReleaseTX
                0x00085e3c       0x28 C:\Users\lester\AppData\Local\arduino15\packages\arduino\hardware\sam\1.6.11\variants\arduino_due_x/libsam_sam3x8e_gcc_rel.a(uotghs_device.o)
                0x00085e3c                UDD_ReleaseTX
 .text.UDD_SetAddress
                0x00085e64       0x20 C:\Users\lester\AppData\Local\arduino15\packages\arduino\hardware\sam\1.6.11\variants\arduino_due_x/libsam_sam3x8e_gcc_rel.a(uotghs_device.o)
                0x00085e64                UDD_SetAddress
 .text.__fpclassifyd
                0x00085e84       0x50 c:/users/lester/appdata/local/arduino15/packages/arduino/tools/arm-none-eabi-gcc/4.8.3-2014q1/bin/../lib/gcc/arm-none-eabi/4.8.3/../../../../arm-none-eabi/lib/armv7-m\libm.a(lib_a-s_fpclassify.o)
                0x00085e84                __fpclassifyd
 .text          0x00085ed4      0x370 c:/users/lester/appdata/local/arduino15/packages/arduino/tools/arm-none-eabi-gcc/4.8.3-2014q1/bin/../lib/gcc/arm-none-eabi/4.8.3/armv7-m\libgcc.a(_arm_addsubdf3.o)
                0x00085ed4                __aeabi_drsub
                0x00085edc                __aeabi_dsub
                0x00085edc                __subdf3
                0x00085ee0                __aeabi_dadd
                0x00085ee0                __adddf3
                0x00086158                __floatunsidf
                0x00086158                __aeabi_ui2d
                0x00086178                __floatsidf
                0x00086178                __aeabi_i2d
                0x0008619c                __aeabi_f2d
                0x0008619c                __extendsfdf2
                0x000861d8                __floatundidf
                0x000861d8                __aeabi_ul2d
                0x000861e8                __floatdidf
                0x000861e8                __aeabi_l2d
 .text          0x00086244      0x424 c:/users/lester/appdata/local/arduino15/packages/arduino/tools/arm-none-eabi-gcc/4.8.3-2014q1/bin/../lib/gcc/arm-none-eabi/4.8.3/armv7-m\libgcc.a(_arm_muldivdf3.o)
                0x00086244                __aeabi_dmul
                0x00086244                __muldf3
                0x00086498                __divdf3
                0x00086498                __aeabi_ddiv
 .text          0x00086668      0x110 c:/users/lester/appdata/local/arduino15/packages/arduino/tools/arm-none-eabi-gcc/4.8.3-2014q1/bin/../lib/gcc/arm-none-eabi/4.8.3/armv7-m\libgcc.a(_arm_cmpdf2.o)
                0x00086668                __gtdf2
                0x00086668                __gedf2
                0x00086670                __ltdf2
                0x00086670                __ledf2
                0x00086678                __nedf2
                0x00086678                __eqdf2
                0x00086678                __cmpdf2
                0x000866f4                __aeabi_cdrcmple
                0x00086704                __aeabi_cdcmpeq
                0x00086704                __aeabi_cdcmple
                0x00086714                __aeabi_dcmpeq
                0x00086728                __aeabi_dcmplt
                0x0008673c                __aeabi_dcmple
                0x00086750                __aeabi_dcmpge
                0x00086764                __aeabi_dcmpgt
 .text          0x00086778      0x21c c:/users/lester/appdata/local/arduino15/packages/arduino/tools/arm-none-eabi-gcc/4.8.3-2014q1/bin/../lib/gcc/arm-none-eabi/4.8.3/armv7-m\libgcc.a(_arm_addsubsf3.o)
                0x00086778                __aeabi_frsub
                0x00086780                __subsf3
                0x00086780                __aeabi_fsub
                0x00086784                __aeabi_fadd
                0x00086784                __addsf3
                0x000868e4                __aeabi_ui2f
                0x000868e4                __floatunsisf
                0x000868ec                __aeabi_i2f
                0x000868ec                __floatsisf
                0x00086908                __aeabi_ul2f
                0x00086908                __floatundisf
                0x00086918                __aeabi_l2f
                0x00086918                __floatdisf
 .text          0x00086994      0x2a0 c:/users/lester/appdata/local/arduino15/packages/arduino/tools/arm-none-eabi-gcc/4.8.3-2014q1/bin/../lib/gcc/arm-none-eabi/4.8.3/armv7-m\libgcc.a(_arm_muldivsf3.o)
                0x00086994                __mulsf3
                0x00086994                __aeabi_fmul
                0x00086afc                __aeabi_fdiv
                0x00086afc                __divsf3
 .text          0x00086c34       0xec c:/users/lester/appdata/local/arduino15/packages/arduino/tools/arm-none-eabi-gcc/4.8.3-2014q1/bin/../lib/gcc/arm-none-eabi/4.8.3/armv7-m\libgcc.a(_arm_cmpsf2.o)
                0x00086c34                __gesf2
                0x00086c34                __gtsf2
                0x00086c3c                __lesf2
                0x00086c3c                __ltsf2
                0x00086c44                __nesf2
                0x00086c44                __eqsf2
                0x00086c44                __cmpsf2
                0x00086ca4                __aeabi_cfrcmple
                0x00086cac                __aeabi_cfcmpeq
                0x00086cac                __aeabi_cfcmple
                0x00086cbc                __aeabi_fcmpeq
                0x00086cd0                __aeabi_fcmplt
                0x00086ce4                __aeabi_fcmple
                0x00086cf8                __aeabi_fcmpge
                0x00086d0c                __aeabi_fcmpgt
 .text          0x00086d20       0x4c c:/users/lester/appdata/local/arduino15/packages/arduino/tools/arm-none-eabi-gcc/4.8.3-2014q1/bin/../lib/gcc/arm-none-eabi/4.8.3/armv7-m\libgcc.a(_arm_fixsfsi.o)
                0x00086d20                __aeabi_f2iz
                0x00086d20                __fixsfsi
 .text          0x00086d6c       0x40 c:/users/lester/appdata/local/arduino15/packages/arduino/tools/arm-none-eabi-gcc/4.8.3-2014q1/bin/../lib/gcc/arm-none-eabi/4.8.3/armv7-m\libgcc.a(_arm_fixunssfsi.o)
                0x00086d6c                __fixunssfsi
                0x00086d6c                __aeabi_f2uiz
 .text.__aeabi_atexit
                0x00086dac        0xc c:/users/lester/appdata/local/arduino15/packages/arduino/tools/arm-none-eabi-gcc/4.8.3-2014q1/bin/../lib/gcc/arm-none-eabi/4.8.3/../../../../arm-none-eabi/lib/armv7-m\libg.a(lib_a-aeabi_atexit.o)
                0x00086dac                __aeabi_atexit
 .text.__cxa_atexit
                0x00086db8       0x14 c:/users/lester/appdata/local/arduino15/packages/arduino/tools/arm-none-eabi-gcc/4.8.3-2014q1/bin/../lib/gcc/arm-none-eabi/4.8.3/../../../../arm-none-eabi/lib/armv7-m\libg.a(lib_a-cxa_atexit.o)
                0x00086db8                __cxa_atexit
 .text.__libc_init_array
                0x00086dcc       0x50 c:/users/lester/appdata/local/arduino15/packages/arduino/tools/arm-none-eabi-gcc/4.8.3-2014q1/bin/../lib/gcc/arm-none-eabi/4.8.3/../../../../arm-none-eabi/lib/armv7-m\libg.a(lib_a-init.o)
                0x00086dcc                __libc_init_array
 .text.iprintf  0x00086e1c       0x28 c:/users/lester/appdata/local/arduino15/packages/arduino/tools/arm-none-eabi-gcc/4.8.3-2014q1/bin/../lib/gcc/arm-none-eabi/4.8.3/../../../../arm-none-eabi/lib/armv7-m\libg.a(lib_a-iprintf.o)
                0x00086e1c                iprintf
 .text.malloc   0x00086e44       0x10 c:/users/lester/appdata/local/arduino15/packages/arduino/tools/arm-none-eabi-gcc/4.8.3-2014q1/bin/../lib/gcc/arm-none-eabi/4.8.3/../../../../arm-none-eabi/lib/armv7-m\libg.a(lib_a-malloc.o)
                0x00086e44                malloc
 .text.free     0x00086e54       0x10 c:/users/lester/appdata/local/arduino15/packages/arduino/tools/arm-none-eabi-gcc/4.8.3-2014q1/bin/../lib/gcc/arm-none-eabi/4.8.3/../../../../arm-none-eabi/lib/armv7-m\libg.a(lib_a-malloc.o)
                0x00086e54                free
 .text._malloc_r
                0x00086e64      0x538 c:/users/lester/appdata/local/arduino15/packages/arduino/tools/arm-none-eabi-gcc/4.8.3-2014q1/bin/../lib/gcc/arm-none-eabi/4.8.3/../../../../arm-none-eabi/lib/armv7-m\libg.a(lib_a-mallocr.o)
                0x00086e64                _malloc_r
 .text          0x0008739c       0xec c:/users/lester/appdata/local/arduino15/packages/arduino/tools/arm-none-eabi-gcc/4.8.3-2014q1/bin/../lib/gcc/arm-none-eabi/4.8.3/../../../../arm-none-eabi/lib/armv7-m\libg.a(lib_a-memcpy.o)
                0x0008739c                memcpy
 .text.memset   0x00087488       0x94 c:/users/lester/appdata/local/arduino15/packages/arduino/tools/arm-none-eabi-gcc/4.8.3-2014q1/bin/../lib/gcc/arm-none-eabi/4.8.3/../../../../arm-none-eabi/lib/armv7-m\libg.a(lib_a-memset.o)
                0x00087488                memset
 .text.__malloc_lock
                0x0008751c        0x4 c:/users/lester/appdata/local/arduino15/packages/arduino/tools/arm-none-eabi-gcc/4.8.3-2014q1/bin/../lib/gcc/arm-none-eabi/4.8.3/../../../../arm-none-eabi/lib/armv7-m\libg.a(lib_a-mlock.o)
                0x0008751c                __malloc_lock
 .text.__malloc_unlock
                0x00087520        0x4 c:/users/lester/appdata/local/arduino15/packages/arduino/tools/arm-none-eabi-gcc/4.8.3-2014q1/bin/../lib/gcc/arm-none-eabi/4.8.3/../../../../arm-none-eabi/lib/armv7-m\libg.a(lib_a-mlock.o)
                0x00087520                __malloc_unlock
 .text._sbrk_r  0x00087524       0x24 c:/users/lester/appdata/local/arduino15/packages/arduino/tools/arm-none-eabi-gcc/4.8.3-2014q1/bin/../lib/gcc/arm-none-eabi/4.8.3/../../../../arm-none-eabi/lib/armv7-m\libg.a(lib_a-sbrkr.o)
                0x00087524                _sbrk_r
 .text.sprintf  0x00087548       0x4c c:/users/lester/appdata/local/arduino15/packages/arduino/tools/arm-none-eabi-gcc/4.8.3-2014q1/bin/../lib/gcc/arm-none-eabi/4.8.3/../../../../arm-none-eabi/lib/armv7-m\libg.a(lib_a-sprintf.o)
                0x00087548                sprintf
 .text.strcat   0x00087594       0x4c c:/users/lester/appdata/local/arduino15/packages/arduino/tools/arm-none-eabi-gcc/4.8.3-2014q1/bin/../lib/gcc/arm-none-eabi/4.8.3/../../../../arm-none-eabi/lib/armv7-m\libg.a(lib_a-strcat.o)
                0x00087594                strcat
 .text          0x000875e0      0x23c c:/users/lester/appdata/local/arduino15/packages/arduino/tools/arm-none-eabi-gcc/4.8.3-2014q1/bin/../lib/gcc/arm-none-eabi/4.8.3/../../../../arm-none-eabi/lib/armv7-m\libg.a(lib_a-strcmp.o)
                0x000875e0                strcmp
 .text.strcpy   0x0008781c       0xbc c:/users/lester/appdata/local/arduino15/packages/arduino/tools/arm-none-eabi-gcc/4.8.3-2014q1/bin/../lib/gcc/arm-none-eabi/4.8.3/../../../../arm-none-eabi/lib/armv7-m\libg.a(lib_a-strcpy.o)
                0x0008781c                strcpy
 .text.strlen   0x000878d8       0x60 c:/users/lester/appdata/local/arduino15/packages/arduino/tools/arm-none-eabi-gcc/4.8.3-2014q1/bin/../lib/gcc/arm-none-eabi/4.8.3/../../../../arm-none-eabi/lib/armv7-m\libg.a(lib_a-strlen.o)
                0x000878d8                strlen
 .text._svfprintf_r
                0x00087938     0x14e0 c:/users/lester/appdata/local/arduino15/packages/arduino/tools/arm-none-eabi-gcc/4.8.3-2014q1/bin/../lib/gcc/arm-none-eabi/4.8.3/../../../../arm-none-eabi/lib/armv7-m\libg.a(lib_a-svfprintf.o)
                0x00087938                _svfprintf_r
 .text.kill     0x00088e18       0x10 c:/users/lester/appdata/local/arduino15/packages/arduino/tools/arm-none-eabi-gcc/4.8.3-2014q1/bin/../lib/gcc/arm-none-eabi/4.8.3/../../../../arm-none-eabi/lib/armv7-m\libg.a(lib_a-syskill.o)
                0x00088e18                kill
 .text.sbrk     0x00088e28       0x10 c:/users/lester/appdata/local/arduino15/packages/arduino/tools/arm-none-eabi-gcc/4.8.3-2014q1/bin/../lib/gcc/arm-none-eabi/4.8.3/../../../../arm-none-eabi/lib/armv7-m\libg.a(lib_a-syssbrk.o)
                0x00088e28                sbrk
 .text.__sprint_r.part.0
                0x00088e38       0x78 c:/users/lester/appdata/local/arduino15/packages/arduino/tools/arm-none-eabi-gcc/4.8.3-2014q1/bin/../lib/gcc/arm-none-eabi/4.8.3/../../../../arm-none-eabi/lib/armv7-m\libg.a(lib_a-vfiprintf.o)
 .text._vfiprintf_r
                0x00088eb0      0xc54 c:/users/lester/appdata/local/arduino15/packages/arduino/tools/arm-none-eabi-gcc/4.8.3-2014q1/bin/../lib/gcc/arm-none-eabi/4.8.3/../../../../arm-none-eabi/lib/armv7-m\libg.a(lib_a-vfiprintf.o)
                0x00088eb0                _vfiprintf_r
 .text.__sbprintf
                0x00089b04       0x7c c:/users/lester/appdata/local/arduino15/packages/arduino/tools/arm-none-eabi-gcc/4.8.3-2014q1/bin/../lib/gcc/arm-none-eabi/4.8.3/../../../../arm-none-eabi/lib/armv7-m\libg.a(lib_a-vfiprintf.o)
 .text._vsnprintf_r
                0x00089b80       0x54 c:/users/lester/appdata/local/arduino15/packages/arduino/tools/arm-none-eabi-gcc/4.8.3-2014q1/bin/../lib/gcc/arm-none-eabi/4.8.3/../../../../arm-none-eabi/lib/armv7-m\libg.a(lib_a-vsnprintf.o)
                0x00089b80                _vsnprintf_r
 .text.vsnprintf
                0x00089bd4       0x24 c:/users/lester/appdata/local/arduino15/packages/arduino/tools/arm-none-eabi-gcc/4.8.3-2014q1/bin/../lib/gcc/arm-none-eabi/4.8.3/../../../../arm-none-eabi/lib/armv7-m\libg.a(lib_a-vsnprintf.o)
                0x00089bd4                vsnprintf
 .text.__swsetup_r
                0x00089bf8       0xc4 c:/users/lester/appdata/local/arduino15/packages/arduino/tools/arm-none-eabi-gcc/4.8.3-2014q1/bin/../lib/gcc/arm-none-eabi/4.8.3/../../../../arm-none-eabi/lib/armv7-m\libg.a(lib_a-wsetup.o)
                0x00089bf8                __swsetup_r
 .text.__register_exitproc
                0x00089cbc       0xa8 c:/users/lester/appdata/local/arduino15/packages/arduino/tools/arm-none-eabi-gcc/4.8.3-2014q1/bin/../lib/gcc/arm-none-eabi/4.8.3/../../../../arm-none-eabi/lib/armv7-m\libg.a(lib_a-__atexit.o)
                0x00089cbc                __register_exitproc
 .text.startup.register_fini
                0x00089d64       0x14 c:/users/lester/appdata/local/arduino15/packages/arduino/tools/arm-none-eabi-gcc/4.8.3-2014q1/bin/../lib/gcc/arm-none-eabi/4.8.3/../../../../arm-none-eabi/lib/armv7-m\libg.a(lib_a-__call_atexit.o)
 .text.atexit   0x00089d78        0xc c:/users/lester/appdata/local/arduino15/packages/arduino/tools/arm-none-eabi-gcc/4.8.3-2014q1/bin/../lib/gcc/arm-none-eabi/4.8.3/../../../../arm-none-eabi/lib/armv7-m\libg.a(lib_a-atexit.o)
                0x00089d78                atexit
 .text.quorem   0x00089d84      0x134 c:/users/lester/appdata/local/arduino15/packages/arduino/tools/arm-none-eabi-gcc/4.8.3-2014q1/bin/../lib/gcc/arm-none-eabi/4.8.3/../../../../arm-none-eabi/lib/armv7-m\libg.a(lib_a-dtoa.o)
 .text._dtoa_r  0x00089eb8      0xe38 c:/users/lester/appdata/local/arduino15/packages/arduino/tools/arm-none-eabi-gcc/4.8.3-2014q1/bin/../lib/gcc/arm-none-eabi/4.8.3/../../../../arm-none-eabi/lib/armv7-m\libg.a(lib_a-dtoa.o)
                0x00089eb8                _dtoa_r
 .text.__sflush_r
                0x0008acf0      0x148 c:/users/lester/appdata/local/arduino15/packages/arduino/tools/arm-none-eabi-gcc/4.8.3-2014q1/bin/../lib/gcc/arm-none-eabi/4.8.3/../../../../arm-none-eabi/lib/armv7-m\libg.a(lib_a-fflush.o)
                0x0008acf0                __sflush_r
 .text._fflush_r
                0x0008ae38       0x2c c:/users/lester/appdata/local/arduino15/packages/arduino/tools/arm-none-eabi-gcc/4.8.3-2014q1/bin/../lib/gcc/arm-none-eabi/4.8.3/../../../../arm-none-eabi/lib/armv7-m\libg.a(lib_a-fflush.o)
                0x0008ae38                _fflush_r
 .text._cleanup_r
                0x0008ae64        0xc c:/users/lester/appdata/local/arduino15/packages/arduino/tools/arm-none-eabi-gcc/4.8.3-2014q1/bin/../lib/gcc/arm-none-eabi/4.8.3/../../../../arm-none-eabi/lib/armv7-m\libg.a(lib_a-findfp.o)
                0x0008ae64                _cleanup_r
 .text.__sinit  0x0008ae70       0xf4 c:/users/lester/appdata/local/arduino15/packages/arduino/tools/arm-none-eabi-gcc/4.8.3-2014q1/bin/../lib/gcc/arm-none-eabi/4.8.3/../../../../arm-none-eabi/lib/armv7-m\libg.a(lib_a-findfp.o)
                0x0008ae70                __sinit
 .text.__sfp_lock_acquire
                0x0008af64        0x4 c:/users/lester/appdata/local/arduino15/packages/arduino/tools/arm-none-eabi-gcc/4.8.3-2014q1/bin/../lib/gcc/arm-none-eabi/4.8.3/../../../../arm-none-eabi/lib/armv7-m\libg.a(lib_a-findfp.o)
                0x0008af64                __sfp_lock_acquire
 .text.__sfp_lock_release
                0x0008af68        0x4 c:/users/lester/appdata/local/arduino15/packages/arduino/tools/arm-none-eabi-gcc/4.8.3-2014q1/bin/../lib/gcc/arm-none-eabi/4.8.3/../../../../arm-none-eabi/lib/armv7-m\libg.a(lib_a-findfp.o)
                0x0008af68                __sfp_lock_release
 .text.__libc_fini_array
                0x0008af6c       0x30 c:/users/lester/appdata/local/arduino15/packages/arduino/tools/arm-none-eabi-gcc/4.8.3-2014q1/bin/../lib/gcc/arm-none-eabi/4.8.3/../../../../arm-none-eabi/lib/armv7-m\libg.a(lib_a-fini.o)
                0x0008af6c                __libc_fini_array
 .text._fputwc_r
                0x0008af9c       0xc0 c:/users/lester/appdata/local/arduino15/packages/arduino/tools/arm-none-eabi-gcc/4.8.3-2014q1/bin/../lib/gcc/arm-none-eabi/4.8.3/../../../../arm-none-eabi/lib/armv7-m\libg.a(lib_a-fputwc.o)
                0x0008af9c                _fputwc_r
 .text._malloc_trim_r
                0x0008b05c       0x9c c:/users/lester/appdata/local/arduino15/packages/arduino/tools/arm-none-eabi-gcc/4.8.3-2014q1/bin/../lib/gcc/arm-none-eabi/4.8.3/../../../../arm-none-eabi/lib/armv7-m\libg.a(lib_a-freer.o)
                0x0008b05c                _malloc_trim_r
 .text._free_r  0x0008b0f8      0x198 c:/users/lester/appdata/local/arduino15/packages/arduino/tools/arm-none-eabi-gcc/4.8.3-2014q1/bin/../lib/gcc/arm-none-eabi/4.8.3/../../../../arm-none-eabi/lib/armv7-m\libg.a(lib_a-freer.o)
                0x0008b0f8                _free_r
 .text.__sfvwrite_r
                0x0008b290      0x314 c:/users/lester/appdata/local/arduino15/packages/arduino/tools/arm-none-eabi-gcc/4.8.3-2014q1/bin/../lib/gcc/arm-none-eabi/4.8.3/../../../../arm-none-eabi/lib/armv7-m\libg.a(lib_a-fvwrite.o)
                0x0008b290                __sfvwrite_r
 .text._fwalk   0x0008b5a4       0x48 c:/users/lester/appdata/local/arduino15/packages/arduino/tools/arm-none-eabi-gcc/4.8.3-2014q1/bin/../lib/gcc/arm-none-eabi/4.8.3/../../../../arm-none-eabi/lib/armv7-m\libg.a(lib_a-fwalk.o)
                0x0008b5a4                _fwalk
 .text.__locale_charset
                0x0008b5ec        0x8 c:/users/lester/appdata/local/arduino15/packages/arduino/tools/arm-none-eabi-gcc/4.8.3-2014q1/bin/../lib/gcc/arm-none-eabi/4.8.3/../../../../arm-none-eabi/lib/armv7-m\libg.a(lib_a-locale.o)
                0x0008b5ec                __locale_charset
 .text.__locale_mb_cur_max
                0x0008b5f4        0xc c:/users/lester/appdata/local/arduino15/packages/arduino/tools/arm-none-eabi-gcc/4.8.3-2014q1/bin/../lib/gcc/arm-none-eabi/4.8.3/../../../../arm-none-eabi/lib/armv7-m\libg.a(lib_a-locale.o)
                0x0008b5f4                __locale_mb_cur_max
 .text._localeconv_r
                0x0008b600        0x8 c:/users/lester/appdata/local/arduino15/packages/arduino/tools/arm-none-eabi-gcc/4.8.3-2014q1/bin/../lib/gcc/arm-none-eabi/4.8.3/../../../../arm-none-eabi/lib/armv7-m\libg.a(lib_a-locale.o)
                0x0008b600                _localeconv_r
 .text.__smakebuf_r
                0x0008b608       0xe0 c:/users/lester/appdata/local/arduino15/packages/arduino/tools/arm-none-eabi-gcc/4.8.3-2014q1/bin/../lib/gcc/arm-none-eabi/4.8.3/../../../../arm-none-eabi/lib/armv7-m\libg.a(lib_a-makebuf.o)
                0x0008b608                __smakebuf_r
 .text.memchr   0x0008b6e8       0x94 c:/users/lester/appdata/local/arduino15/packages/arduino/tools/arm-none-eabi-gcc/4.8.3-2014q1/bin/../lib/gcc/arm-none-eabi/4.8.3/../../../../arm-none-eabi/lib/armv7-m\libg.a(lib_a-memchr-stub.o)
                0x0008b6e8                memchr
 .text.memmove  0x0008b77c       0xcc c:/users/lester/appdata/local/arduino15/packages/arduino/tools/arm-none-eabi-gcc/4.8.3-2014q1/bin/../lib/gcc/arm-none-eabi/4.8.3/../../../../arm-none-eabi/lib/armv7-m\libg.a(lib_a-memmove.o)
                0x0008b77c                memmove
 .text._Balloc  0x0008b848       0x4c c:/users/lester/appdata/local/arduino15/packages/arduino/tools/arm-none-eabi-gcc/4.8.3-2014q1/bin/../lib/gcc/arm-none-eabi/4.8.3/../../../../arm-none-eabi/lib/armv7-m\libg.a(lib_a-mprec.o)
                0x0008b848                _Balloc
 .text._Bfree   0x0008b894       0x14 c:/users/lester/appdata/local/arduino15/packages/arduino/tools/arm-none-eabi-gcc/4.8.3-2014q1/bin/../lib/gcc/arm-none-eabi/4.8.3/../../../../arm-none-eabi/lib/armv7-m\libg.a(lib_a-mprec.o)
                0x0008b894                _Bfree
 .text.__multadd
                0x0008b8a8       0x94 c:/users/lester/appdata/local/arduino15/packages/arduino/tools/arm-none-eabi-gcc/4.8.3-2014q1/bin/../lib/gcc/arm-none-eabi/4.8.3/../../../../arm-none-eabi/lib/armv7-m\libg.a(lib_a-mprec.o)
                0x0008b8a8                __multadd
 .text.__hi0bits
                0x0008b93c       0x40 c:/users/lester/appdata/local/arduino15/packages/arduino/tools/arm-none-eabi-gcc/4.8.3-2014q1/bin/../lib/gcc/arm-none-eabi/4.8.3/../../../../arm-none-eabi/lib/armv7-m\libg.a(lib_a-mprec.o)
                0x0008b93c                __hi0bits
 .text.__lo0bits
                0x0008b97c       0x5c c:/users/lester/appdata/local/arduino15/packages/arduino/tools/arm-none-eabi-gcc/4.8.3-2014q1/bin/../lib/gcc/arm-none-eabi/4.8.3/../../../../arm-none-eabi/lib/armv7-m\libg.a(lib_a-mprec.o)
                0x0008b97c                __lo0bits
 .text.__i2b    0x0008b9d8       0x14 c:/users/lester/appdata/local/arduino15/packages/arduino/tools/arm-none-eabi-gcc/4.8.3-2014q1/bin/../lib/gcc/arm-none-eabi/4.8.3/../../../../arm-none-eabi/lib/armv7-m\libg.a(lib_a-mprec.o)
                0x0008b9d8                __i2b
 .text.__multiply
                0x0008b9ec      0x13c c:/users/lester/appdata/local/arduino15/packages/arduino/tools/arm-none-eabi-gcc/4.8.3-2014q1/bin/../lib/gcc/arm-none-eabi/4.8.3/../../../../arm-none-eabi/lib/armv7-m\libg.a(lib_a-mprec.o)
                0x0008b9ec                __multiply
 .text.__pow5mult
                0x0008bb28       0x9c c:/users/lester/appdata/local/arduino15/packages/arduino/tools/arm-none-eabi-gcc/4.8.3-2014q1/bin/../lib/gcc/arm-none-eabi/4.8.3/../../../../arm-none-eabi/lib/armv7-m\libg.a(lib_a-mprec.o)
                0x0008bb28                __pow5mult
 .text.__lshift
                0x0008bbc4       0xbc c:/users/lester/appdata/local/arduino15/packages/arduino/tools/arm-none-eabi-gcc/4.8.3-2014q1/bin/../lib/gcc/arm-none-eabi/4.8.3/../../../../arm-none-eabi/lib/armv7-m\libg.a(lib_a-mprec.o)
                0x0008bbc4                __lshift
 .text.__mcmp   0x0008bc80       0x48 c:/users/lester/appdata/local/arduino15/packages/arduino/tools/arm-none-eabi-gcc/4.8.3-2014q1/bin/../lib/gcc/arm-none-eabi/4.8.3/../../../../arm-none-eabi/lib/armv7-m\libg.a(lib_a-mprec.o)
                0x0008bc80                __mcmp
 .text.__mdiff  0x0008bcc8       0xd8 c:/users/lester/appdata/local/arduino15/packages/arduino/tools/arm-none-eabi-gcc/4.8.3-2014q1/bin/../lib/gcc/arm-none-eabi/4.8.3/../../../../arm-none-eabi/lib/armv7-m\libg.a(lib_a-mprec.o)
                0x0008bcc8                __mdiff
 .text.__d2b    0x0008bda0       0xbc c:/users/lester/appdata/local/arduino15/packages/arduino/tools/arm-none-eabi-gcc/4.8.3-2014q1/bin/../lib/gcc/arm-none-eabi/4.8.3/../../../../arm-none-eabi/lib/armv7-m\libg.a(lib_a-mprec.o)
                0x0008bda0                __d2b
 .text._realloc_r
                0x0008be5c      0x3c0 c:/users/lester/appdata/local/arduino15/packages/arduino/tools/arm-none-eabi-gcc/4.8.3-2014q1/bin/../lib/gcc/arm-none-eabi/4.8.3/../../../../arm-none-eabi/lib/armv7-m\libg.a(lib_a-reallocr.o)
                0x0008be5c                _realloc_r
 .text._kill_r  0x0008c21c       0x28 c:/users/lester/appdata/local/arduino15/packages/arduino/tools/arm-none-eabi-gcc/4.8.3-2014q1/bin/../lib/gcc/arm-none-eabi/4.8.3/../../../../arm-none-eabi/lib/armv7-m\libg.a(lib_a-signalr.o)
                0x0008c21c                _kill_r
 .text.__sread  0x0008c244       0x24 c:/users/lester/appdata/local/arduino15/packages/arduino/tools/arm-none-eabi-gcc/4.8.3-2014q1/bin/../lib/gcc/arm-none-eabi/4.8.3/../../../../arm-none-eabi/lib/armv7-m\libg.a(lib_a-stdio.o)
                0x0008c244                __sread
 .text.__swrite
                0x0008c268       0x38 c:/users/lester/appdata/local/arduino15/packages/arduino/tools/arm-none-eabi-gcc/4.8.3-2014q1/bin/../lib/gcc/arm-none-eabi/4.8.3/../../../../arm-none-eabi/lib/armv7-m\libg.a(lib_a-stdio.o)
                0x0008c268                __swrite
 .text.__sseek  0x0008c2a0       0x20 c:/users/lester/appdata/local/arduino15/packages/arduino/tools/arm-none-eabi-gcc/4.8.3-2014q1/bin/../lib/gcc/arm-none-eabi/4.8.3/../../../../arm-none-eabi/lib/armv7-m\libg.a(lib_a-stdio.o)
                0x0008c2a0                __sseek
 .text.__sclose
                0x0008c2c0        0x8 c:/users/lester/appdata/local/arduino15/packages/arduino/tools/arm-none-eabi-gcc/4.8.3-2014q1/bin/../lib/gcc/arm-none-eabi/4.8.3/../../../../arm-none-eabi/lib/armv7-m\libg.a(lib_a-stdio.o)
                0x0008c2c0                __sclose
 .text.__ssprint_r
                0x0008c2c8      0x100 c:/users/lester/appdata/local/arduino15/packages/arduino/tools/arm-none-eabi-gcc/4.8.3-2014q1/bin/../lib/gcc/arm-none-eabi/4.8.3/../../../../arm-none-eabi/lib/armv7-m\libg.a(lib_a-svfiprintf.o)
                0x0008c2c8                __ssprint_r
 .text.__swbuf_r
                0x0008c3c8       0xa8 c:/users/lester/appdata/local/arduino15/packages/arduino/tools/arm-none-eabi-gcc/4.8.3-2014q1/bin/../lib/gcc/arm-none-eabi/4.8.3/../../../../arm-none-eabi/lib/armv7-m\libg.a(lib_a-wbuf.o)
                0x0008c3c8                __swbuf_r
 .text._wcrtomb_r
                0x0008c470       0x50 c:/users/lester/appdata/local/arduino15/packages/arduino/tools/arm-none-eabi-gcc/4.8.3-2014q1/bin/../lib/gcc/arm-none-eabi/4.8.3/../../../../arm-none-eabi/lib/armv7-m\libg.a(lib_a-wcrtomb.o)
                0x0008c470                _wcrtomb_r
 .text.__ascii_wctomb
                0x0008c4c0       0x1c c:/users/lester/appdata/local/arduino15/packages/arduino/tools/arm-none-eabi-gcc/4.8.3-2014q1/bin/../lib/gcc/arm-none-eabi/4.8.3/../../../../arm-none-eabi/lib/armv7-m\libg.a(lib_a-wctomb_r.o)
                0x0008c4c0                __ascii_wctomb
 .text._write_r
                0x0008c4dc       0x28 c:/users/lester/appdata/local/arduino15/packages/arduino/tools/arm-none-eabi-gcc/4.8.3-2014q1/bin/../lib/gcc/arm-none-eabi/4.8.3/../../../../arm-none-eabi/lib/armv7-m\libg.a(lib_a-writer.o)
                0x0008c4dc                _write_r
 .text._calloc_r
                0x0008c504       0x60 c:/users/lester/appdata/local/arduino15/packages/arduino/tools/arm-none-eabi-gcc/4.8.3-2014q1/bin/../lib/gcc/arm-none-eabi/4.8.3/../../../../arm-none-eabi/lib/armv7-m\libg.a(lib_a-callocr.o)
                0x0008c504                _calloc_r
 .text._close_r
                0x0008c564       0x24 c:/users/lester/appdata/local/arduino15/packages/arduino/tools/arm-none-eabi-gcc/4.8.3-2014q1/bin/../lib/gcc/arm-none-eabi/4.8.3/../../../../arm-none-eabi/lib/armv7-m\libg.a(lib_a-closer.o)
                0x0008c564                _close_r
 .text._fclose_r
                0x0008c588       0x80 c:/users/lester/appdata/local/arduino15/packages/arduino/tools/arm-none-eabi-gcc/4.8.3-2014q1/bin/../lib/gcc/arm-none-eabi/4.8.3/../../../../arm-none-eabi/lib/armv7-m\libg.a(lib_a-fclose.o)
                0x0008c588                _fclose_r
 .text.fclose   0x0008c608       0x10 c:/users/lester/appdata/local/arduino15/packages/arduino/tools/arm-none-eabi-gcc/4.8.3-2014q1/bin/../lib/gcc/arm-none-eabi/4.8.3/../../../../arm-none-eabi/lib/armv7-m\libg.a(lib_a-fclose.o)
                0x0008c608                fclose
 .text._fstat_r
                0x0008c618       0x28 c:/users/lester/appdata/local/arduino15/packages/arduino/tools/arm-none-eabi-gcc/4.8.3-2014q1/bin/../lib/gcc/arm-none-eabi/4.8.3/../../../../arm-none-eabi/lib/armv7-m\libg.a(lib_a-fstatr.o)
                0x0008c618                _fstat_r
 .text._isatty_r
                0x0008c640       0x24 c:/users/lester/appdata/local/arduino15/packages/arduino/tools/arm-none-eabi-gcc/4.8.3-2014q1/bin/../lib/gcc/arm-none-eabi/4.8.3/../../../../arm-none-eabi/lib/armv7-m\libg.a(lib_a-isattyr.o)
                0x0008c640                _isatty_r
 .text._lseek_r
                0x0008c664       0x28 c:/users/lester/appdata/local/arduino15/packages/arduino/tools/arm-none-eabi-gcc/4.8.3-2014q1/bin/../lib/gcc/arm-none-eabi/4.8.3/../../../../arm-none-eabi/lib/armv7-m\libg.a(lib_a-lseekr.o)
                0x0008c664                _lseek_r
 .text._read_r  0x0008c68c       0x28 c:/users/lester/appdata/local/arduino15/packages/arduino/tools/arm-none-eabi-gcc/4.8.3-2014q1/bin/../lib/gcc/arm-none-eabi/4.8.3/../../../../arm-none-eabi/lib/armv7-m\libg.a(lib_a-readr.o)
                0x0008c68c                _read_r
 .text          0x0008c6b4       0x50 c:/users/lester/appdata/local/arduino15/packages/arduino/tools/arm-none-eabi-gcc/4.8.3-2014q1/bin/../lib/gcc/arm-none-eabi/4.8.3/armv7-m\libgcc.a(_arm_fixdfsi.o)
                0x0008c6b4                __aeabi_d2iz
                0x0008c6b4                __fixdfsi
 .text          0x0008c704       0x2c c:/users/lester/appdata/local/arduino15/packages/arduino/tools/arm-none-eabi-gcc/4.8.3-2014q1/bin/../lib/gcc/arm-none-eabi/4.8.3/armv7-m\libgcc.a(_aeabi_uldivmod.o)
                0x0008c704                __aeabi_uldivmod
 .text          0x0008c730       0x60 c:/users/lester/appdata/local/arduino15/packages/arduino/tools/arm-none-eabi-gcc/4.8.3-2014q1/bin/../lib/gcc/arm-none-eabi/4.8.3/armv7-m\libgcc.a(bpabi.o)
                0x0008c730                __gnu_ldivmod_helper
                0x0008c760                __gnu_uldivmod_helper
 .text          0x0008c790        0x4 c:/users/lester/appdata/local/arduino15/packages/arduino/tools/arm-none-eabi-gcc/4.8.3-2014q1/bin/../lib/gcc/arm-none-eabi/4.8.3/armv7-m\libgcc.a(_dvmd_tls.o)
                0x0008c790                __aeabi_idiv0
                0x0008c790                __aeabi_ldiv0
 .text          0x0008c794      0x2a0 c:/users/lester/appdata/local/arduino15/packages/arduino/tools/arm-none-eabi-gcc/4.8.3-2014q1/bin/../lib/gcc/arm-none-eabi/4.8.3/armv7-m\libgcc.a(_divdi3.o)
                0x0008c794                __divdi3
 .text          0x0008ca34      0x290 c:/users/lester/appdata/local/arduino15/packages/arduino/tools/arm-none-eabi-gcc/4.8.3-2014q1/bin/../lib/gcc/arm-none-eabi/4.8.3/armv7-m\libgcc.a(_udivdi3.o)
                0x0008ca34                __udivdi3
 *(.glue_7t)
 .glue_7t       0x00000000        0x0 linker stubs
 *(.glue_7)
 .glue_7        0x00000000        0x0 linker stubs
 *(.rodata .rodata* .gnu.linkonce.r.*)
 *fill*         0x0008ccc4        0x4 
 .rodata._ZTV3VECIcE
                0x0008ccc8       0x10 C:\Users\lester\AppData\Local\Temp\VMBuilds\CheetahDue\arduino_due_x\Release\CheetahDue.cpp.o
                0x0008ccc8                vtable for VEC<char>
 .rodata._ZTV3VECItE
                0x0008ccd8       0x10 C:\Users\lester\AppData\Local\Temp\VMBuilds\CheetahDue\arduino_due_x\Release\CheetahDue.cpp.o
                0x0008ccd8                vtable for VEC<unsigned short>
 .rodata._ZTV3VECIfE
                0x0008cce8       0x10 C:\Users\lester\AppData\Local\Temp\VMBuilds\CheetahDue\arduino_due_x\Release\CheetahDue.cpp.o
                0x0008cce8                vtable for VEC<float>
 .rodata._ZTV3VECImE
                0x0008ccf8       0x10 C:\Users\lester\AppData\Local\Temp\VMBuilds\CheetahDue\arduino_due_x\Release\CheetahDue.cpp.o
                0x0008ccf8                vtable for VEC<unsigned long>
 .rodata._ZTV3VECIbE
                0x0008cd08       0x10 C:\Users\lester\AppData\Local\Temp\VMBuilds\CheetahDue\arduino_due_x\Release\CheetahDue.cpp.o
                0x0008cd08                vtable for VEC<bool>
 .rodata._ZTV3VECIiE
                0x0008cd18       0x10 C:\Users\lester\AppData\Local\Temp\VMBuilds\CheetahDue\arduino_due_x\Release\CheetahDue.cpp.o
                0x0008cd18                vtable for VEC<int>
 .rodata._ZTV3VECIhE
                0x0008cd28       0x10 C:\Users\lester\AppData\Local\Temp\VMBuilds\CheetahDue\arduino_due_x\Release\CheetahDue.cpp.o
                0x0008cd28                vtable for VEC<unsigned char>
 .rodata        0x0008cd38        0xe C:\Users\lester\AppData\Local\Temp\VMBuilds\CheetahDue\arduino_due_x\Release\CheetahDue.cpp.o
 .rodata._ZZ12IR_SyncPulsevE12__FUNCTION__
                0x0008cd46        0xd C:\Users\lester\AppData\Local\Temp\VMBuilds\CheetahDue\arduino_due_x\Release\CheetahDue.cpp.o
 .rodata._ZZ6EndRewvE12__FUNCTION__
                0x0008cd53        0x7 C:\Users\lester\AppData\Local\Temp\VMBuilds\CheetahDue\arduino_due_x\Release\CheetahDue.cpp.o
 .rodata._ZN3COML11str_list_idE
                0x0008cd5a       0xc8 C:\Users\lester\AppData\Local\Temp\VMBuilds\CheetahDue\arduino_due_x\Release\CheetahDue.cpp.o
 .rodata._ZZ5setupE12__FUNCTION__
                0x0008ce22        0x6 C:\Users\lester\AppData\Local\Temp\VMBuilds\CheetahDue\arduino_due_x\Release\CheetahDue.cpp.o
 .rodata._ZZN5DEBUG8PrintAllEmE12__FUNCTION__
                0x0008ce28        0x9 C:\Users\lester\AppData\Local\Temp\VMBuilds\CheetahDue\arduino_due_x\Release\CheetahDue.cpp.o
 .rodata._ZZ8ResetTTLvE12__FUNCTION__
                0x0008ce31        0x9 C:\Users\lester\AppData\Local\Temp\VMBuilds\CheetahDue\arduino_due_x\Release\CheetahDue.cpp.o
 .rodata._ZL12_rob_id_list
                0x0008ce3a        0x9 C:\Users\lester\AppData\Local\Temp\VMBuilds\CheetahDue\arduino_due_x\Release\CheetahDue.cpp.o
 .rodata._ZZ11QueuePacketcffftbbbE12__FUNCTION__
                0x0008ce43        0xc C:\Users\lester\AppData\Local\Temp\VMBuilds\CheetahDue\arduino_due_x\Release\CheetahDue.cpp.o
 .rodata._ZZ17CheckForHandshakevE12__FUNCTION__
                0x0008ce4f       0x12 C:\Users\lester\AppData\Local\Temp\VMBuilds\CheetahDue\arduino_due_x\Release\CheetahDue.cpp.o
 .rodata._ZZ6ID_IndI6A4_COMI10USARTClassEEicPT_E12__FUNCTION__
                0x0008ce61        0x7 C:\Users\lester\AppData\Local\Temp\VMBuilds\CheetahDue\arduino_due_x\Release\CheetahDue.cpp.o
 .rodata._ZZ8StartRewvE12__FUNCTION__
                0x0008ce68        0x9 C:\Users\lester\AppData\Local\Temp\VMBuilds\CheetahDue\arduino_due_x\Release\CheetahDue.cpp.o
 .rodata._ZZ9GetSerialvE12__FUNCTION__
                0x0008ce71        0xa C:\Users\lester\AppData\Local\Temp\VMBuilds\CheetahDue\arduino_due_x\Release\CheetahDue.cpp.o
 .rodata._ZZ12HardwareTestiE12__FUNCTION__
                0x0008ce7b        0xd C:\Users\lester\AppData\Local\Temp\VMBuilds\CheetahDue\arduino_due_x\Release\CheetahDue.cpp.o
 .rodata._ZZ6ID_IndI6A2_COMI10USARTClassEEicPT_E12__FUNCTION__
                0x0008ce88        0x7 C:\Users\lester\AppData\Local\Temp\VMBuilds\CheetahDue\arduino_due_x\Release\CheetahDue.cpp.o
 .rodata._ZZ12WaitBuffReadcE12__FUNCTION__
                0x0008ce8f        0xd C:\Users\lester\AppData\Local\Temp\VMBuilds\CheetahDue\arduino_due_x\Release\CheetahDue.cpp.o
 .rodata._ZL11_pack_range
                0x0008ce9c        0x4 C:\Users\lester\AppData\Local\Temp\VMBuilds\CheetahDue\arduino_due_x\Release\CheetahDue.cpp.o