Archive member included because of file (symbol)

C:\Users\lester\AppData\Local\arduino15\packages\arduino\hardware\sam\1.6.8\variants\arduino_due_x/libsam_sam3x8e_gcc_rel.a(pio.o)
                              C:\Users\lester\AppData\Local\Temp\VMBuilds\CheetahDue\arduino_due_x\Debug\variant\variant.cpp.o (PIO_Configure)
C:\Users\lester\AppData\Local\arduino15\packages\arduino\hardware\sam\1.6.8\variants\arduino_due_x/libsam_sam3x8e_gcc_rel.a(pmc.o)
                              C:\Users\lester\AppData\Local\Temp\VMBuilds\CheetahDue\arduino_due_x\Debug\variant\variant.cpp.o (pmc_enable_periph_clk)
C:\Users\lester\AppData\Local\arduino15\packages\arduino\hardware\sam\1.6.8\variants\arduino_due_x/libsam_sam3x8e_gcc_rel.a(system_sam3xa.o)
                              C:\Users\lester\AppData\Local\Temp\VMBuilds\CheetahDue\arduino_due_x\Debug\variant\variant.cpp.o (SystemInit)
C:\Users\lester\AppData\Local\arduino15\packages\arduino\hardware\sam\1.6.8\variants\arduino_due_x/libsam_sam3x8e_gcc_rel.a(startup_sam3xa.o)
                              (Reset_Handler)
C:\Users\lester\AppData\Local\arduino15\packages\arduino\hardware\sam\1.6.8\variants\arduino_due_x/libsam_sam3x8e_gcc_rel.a(adc.o)
                              C:\Users\lester\AppData\Local\Temp\VMBuilds\CheetahDue\arduino_due_x\Debug\variant\variant.cpp.o (adc_init)
C:\Users\lester\AppData\Local\arduino15\packages\arduino\hardware\sam\1.6.8\variants\arduino_due_x/libsam_sam3x8e_gcc_rel.a(uotghs.o)
                              C:\Users\lester\AppData\Local\arduino15\packages\arduino\hardware\sam\1.6.8\variants\arduino_due_x/libsam_sam3x8e_gcc_rel.a(startup_sam3xa.o) (UOTGHS_Handler)
C:\Users\lester\AppData\Local\Temp\VMBuilds\CheetahDue\arduino_due_x\Debug/core.a(cortex_handlers.c.o)
                              C:\Users\lester\AppData\Local\arduino15\packages\arduino\hardware\sam\1.6.8\variants\arduino_due_x/libsam_sam3x8e_gcc_rel.a(startup_sam3xa.o) (NMI_Handler)
C:\Users\lester\AppData\Local\Temp\VMBuilds\CheetahDue\arduino_due_x\Debug/core.a(hooks.c.o)
                              C:\Users\lester\AppData\Local\Temp\VMBuilds\CheetahDue\arduino_due_x\Debug/core.a(cortex_handlers.c.o) (sysTickHook)
C:\Users\lester\AppData\Local\Temp\VMBuilds\CheetahDue\arduino_due_x\Debug/core.a(syscalls_sam3.c.o)
                              (_sbrk)
C:\Users\lester\AppData\Local\Temp\VMBuilds\CheetahDue\arduino_due_x\Debug/core.a(WInterrupts.c.o)
                              C:\Users\lester\AppData\Local\Temp\VMBuilds\CheetahDue\arduino_due_x\Debug\CheetahDue.cpp.o (attachInterrupt)
C:\Users\lester\AppData\Local\Temp\VMBuilds\CheetahDue\arduino_due_x\Debug/core.a(wiring.c.o)
                              C:\Users\lester\AppData\Local\Temp\VMBuilds\CheetahDue\arduino_due_x\Debug\CheetahDue.cpp.o (millis)
C:\Users\lester\AppData\Local\Temp\VMBuilds\CheetahDue\arduino_due_x\Debug/core.a(wiring_analog.c.o)
                              C:\Users\lester\AppData\Local\Temp\VMBuilds\CheetahDue\arduino_due_x\Debug\variant\variant.cpp.o (analogOutputInit)
C:\Users\lester\AppData\Local\Temp\VMBuilds\CheetahDue\arduino_due_x\Debug/core.a(wiring_digital.c.o)
                              C:\Users\lester\AppData\Local\Temp\VMBuilds\CheetahDue\arduino_due_x\Debug\CheetahDue.cpp.o (pinMode)
C:\Users\lester\AppData\Local\Temp\VMBuilds\CheetahDue\arduino_due_x\Debug/core.a(main.cpp.o)
                              c:/users/lester/appdata/local/arduino15/packages/arduino/tools/arm-none-eabi-gcc/4.8.3-2014q1/bin/../lib/gcc/arm-none-eabi/4.8.3/../../../../arm-none-eabi/lib/armv7-m/crt0.o (main)
C:\Users\lester\AppData\Local\Temp\VMBuilds\CheetahDue\arduino_due_x\Debug/core.a(Print.cpp.o)
                              C:\Users\lester\AppData\Local\Temp\VMBuilds\CheetahDue\arduino_due_x\Debug\CheetahDue.cpp.o (Print::print(char const*))
C:\Users\lester\AppData\Local\Temp\VMBuilds\CheetahDue\arduino_due_x\Debug/core.a(Reset.cpp.o)
                              C:\Users\lester\AppData\Local\Temp\VMBuilds\CheetahDue\arduino_due_x\Debug/core.a(cortex_handlers.c.o) (tickReset)
C:\Users\lester\AppData\Local\Temp\VMBuilds\CheetahDue\arduino_due_x\Debug/core.a(RingBuffer.cpp.o)
                              C:\Users\lester\AppData\Local\Temp\VMBuilds\CheetahDue\arduino_due_x\Debug\variant\variant.cpp.o (RingBuffer::RingBuffer())
C:\Users\lester\AppData\Local\Temp\VMBuilds\CheetahDue\arduino_due_x\Debug/core.a(UARTClass.cpp.o)
                              C:\Users\lester\AppData\Local\Temp\VMBuilds\CheetahDue\arduino_due_x\Debug\CheetahDue.cpp.o (UARTClass::available())
C:\Users\lester\AppData\Local\Temp\VMBuilds\CheetahDue\arduino_due_x\Debug/core.a(USARTClass.cpp.o)
                              C:\Users\lester\AppData\Local\Temp\VMBuilds\CheetahDue\arduino_due_x\Debug\CheetahDue.cpp.o (USARTClass::begin(unsigned long))
C:\Users\lester\AppData\Local\Temp\VMBuilds\CheetahDue\arduino_due_x\Debug/core.a(watchdog.cpp.o)
[...]
Memory Configuration

Name             Origin             Length             Attributes
rom              0x00080000         0x00080000         xr
sram0            0x20000000         0x00010000         xrw
sram1            0x20080000         0x00008000         xrw
ram              0x20070000         0x00018000         xrw
*default*        0x00000000         0xffffffff

Linker script and memory map

LOAD c:/users/lester/appdata/local/arduino15/packages/arduino/tools/arm-none-eabi-gcc/4.8.3-2014q1/bin/../lib/gcc/arm-none-eabi/4.8.3/armv7-m/crti.o
LOAD c:/users/lester/appdata/local/arduino15/packages/arduino/tools/arm-none-eabi-gcc/4.8.3-2014q1/bin/../lib/gcc/arm-none-eabi/4.8.3/armv7-m/crtbegin.o
LOAD c:/users/lester/appdata/local/arduino15/packages/arduino/tools/arm-none-eabi-gcc/4.8.3-2014q1/bin/../lib/gcc/arm-none-eabi/4.8.3/../../../../arm-none-eabi/lib/armv7-m/crt0.o
START GROUP
LOAD C:\Users\lester\AppData\Local\Temp\VMBuilds\CheetahDue\arduino_due_x\Debug\CheetahDue.cpp.o
LOAD C:\Users\lester\AppData\Local\Temp\VMBuilds\CheetahDue\arduino_due_x\Debug\Arduino-MemoryFree\MemoryFree.cpp.o
LOAD C:\Users\lester\AppData\Local\Temp\VMBuilds\CheetahDue\arduino_due_x\Debug\Arduino-MemoryFree\pgmStrToRAM.cpp.o
LOAD C:\Users\lester\AppData\Local\Temp\VMBuilds\CheetahDue\arduino_due_x\Debug\VM_DBG\VM_DBG.cpp.o
LOAD C:\Users\lester\AppData\Local\Temp\VMBuilds\CheetahDue\arduino_due_x\Debug\VM_DBG\VM_mem_check_sam.cpp.o
LOAD C:\Users\lester\AppData\Local\Temp\VMBuilds\CheetahDue\arduino_due_x\Debug\variant\variant.cpp.o
LOAD C:\Users\lester\AppData\Local\arduino15\packages\arduino\hardware\sam\1.6.8\variants\arduino_due_x/libsam_sam3x8e_gcc_rel.a
LOAD C:\Users\lester\AppData\Local\Temp\VMBuilds\CheetahDue\arduino_due_x\Debug/core.a
END GROUP
LOAD c:/users/lester/appdata/local/arduino15/packages/arduino/tools/arm-none-eabi-gcc/4.8.3-2014q1/bin/../lib/gcc/arm-none-eabi/4.8.3/../../../../arm-none-eabi/lib/armv7-m\libm.a
START GROUP
LOAD c:/users/lester/appdata/local/arduino15/packages/arduino/tools/arm-none-eabi-gcc/4.8.3-2014q1/bin/../lib/gcc/arm-none-eabi/4.8.3/armv7-m\libgcc.a
LOAD c:/users/lester/appdata/local/arduino15/packages/arduino/tools/arm-none-eabi-gcc/4.8.3-2014q1/bin/../lib/gcc/arm-none-eabi/4.8.3/../../../../arm-none-eabi/lib/armv7-m\libg.a
LOAD c:/users/lester/appdata/local/arduino15/packages/arduino/tools/arm-none-eabi-gcc/4.8.3-2014q1/bin/../lib/gcc/arm-none-eabi/4.8.3/../../../../arm-none-eabi/lib/armv7-m\libc.a
END GROUP
LOAD c:/users/lester/appdata/local/arduino15/packages/arduino/tools/arm-none-eabi-gcc/4.8.3-2014q1/bin/../lib/gcc/arm-none-eabi/4.8.3/armv7-m/crtend.o
LOAD c:/users/lester/appdata/local/arduino15/packages/arduino/tools/arm-none-eabi-gcc/4.8.3-2014q1/bin/../lib/gcc/arm-none-eabi/4.8.3/armv7-m/crtn.o

.text           0x00080000     0xbcdc
                0x00080000                . = ALIGN (0x4)
                0x00080000                _sfixed = .
 *(.vectors .vectors.*)
 .vectors       0x00080000       0xf4 C:\Users\lester\AppData\Local\arduino15\packages\arduino\hardware\sam\1.6.8\variants\arduino_due_x/libsam_sam3x8e_gcc_rel.a(startup_sam3xa.o)
                0x00080000                exception_table
 *(.text .text.* .gnu.linkonce.t.*)
 .text          0x000800f4       0x54 c:/users/lester/appdata/local/arduino15/packages/arduino/tools/arm-none-eabi-gcc/4.8.3-2014q1/bin/../lib/gcc/arm-none-eabi/4.8.3/armv7-m/crtbegin.o
 .text._Z10QueueDebugPcm
                0x00080148      0x13c C:\Users\lester\AppData\Local\Temp\VMBuilds\CheetahDue\arduino_due_x\Debug\CheetahDue.cpp.o
                0x00080148                QueueDebug(char*, unsigned long)
 .text._Z8QueueLogPcm
                0x00080284      0x148 C:\Users\lester\AppData\Local\Temp\VMBuilds\CheetahDue\arduino_due_x\Debug\CheetahDue.cpp.o
                0x00080284                QueueLog(char*, unsigned long)
 .text._Z9DebugFlowPcm
                0x000803cc       0x3c C:\Users\lester\AppData\Local\Temp\VMBuilds\CheetahDue\arduino_due_x\Debug\CheetahDue.cpp.o
                0x000803cc                DebugFlow(char*, unsigned long)
 .text._Z10DebugErrorPcm
                0x00080408       0x40 C:\Users\lester\AppData\Local\Temp\VMBuilds\CheetahDue\arduino_due_x\Debug\CheetahDue.cpp.o
                0x00080408                DebugError(char*, unsigned long)
 .text._Z9DebugRcvdcPhtbiib
                0x00080448       0xf8 C:\Users\lester\AppData\Local\Temp\VMBuilds\CheetahDue\arduino_due_x\Debug\CheetahDue.cpp.o
                0x00080448                DebugRcvd(char, unsigned char*, unsigned short, bool, int, int, bool)
 .text._Z9DebugSentcPhtbiib
                0x00080540      0x108 C:\Users\lester\AppData\Local\Temp\VMBuilds\CheetahDue\arduino_due_x\Debug\CheetahDue.cpp.o
                0x00080540                DebugSent(char, unsigned char*, unsigned short, bool, int, int, bool)
 .text._Z10PrintDebugv
                0x00080648       0x50 C:\Users\lester\AppData\Local\Temp\VMBuilds\CheetahDue\arduino_due_x\Debug\CheetahDue.cpp.o
                0x00080648                PrintDebug()
 .text._Z11StatusBlinkv
                0x00080698       0x30 C:\Users\lester\AppData\Local\Temp\VMBuilds\CheetahDue\arduino_due_x\Debug\CheetahDue.cpp.o
                0x00080698                StatusBlink()
 .text._Z8QuitBeepv
                0x000806c8       0x5c C:\Users\lester\AppData\Local\Temp\VMBuilds\CheetahDue\arduino_due_x\Debug\CheetahDue.cpp.o
                0x000806c8                QuitBeep()
 .text._Z7CharIndcPKci
                0x00080724       0x50 C:\Users\lester\AppData\Local\Temp\VMBuilds\CheetahDue\arduino_due_x\Debug\CheetahDue.cpp.o
                0x00080724                CharInd(char, char const*, int)
 .text._Z11GetPortWordmPii
                0x00080774       0x1a C:\Users\lester\AppData\Local\Temp\VMBuilds\CheetahDue\arduino_due_x\Debug\CheetahDue.cpp.o
                0x00080774                GetPortWord(unsigned long, int*, int)
 *fill*         0x0008078e        0x2 
 .text._Z7SetPortmm
                0x00080790       0x14 C:\Users\lester\AppData\Local\Temp\VMBuilds\CheetahDue\arduino_due_x\Debug\CheetahDue.cpp.o
                0x00080790                SetPort(unsigned long, unsigned long)
 .text._Z8StartRewv
                0x000807a4       0x88 C:\Users\lester\AppData\Local\Temp\VMBuilds\CheetahDue\arduino_due_x\Debug\CheetahDue.cpp.o
                0x000807a4                StartRew()
 .text._Z6EndRewv
                0x0008082c       0x48 C:\Users\lester\AppData\Local\Temp\VMBuilds\CheetahDue\arduino_due_x\Debug\CheetahDue.cpp.o
                0x0008082c                EndRew()
 .text._Z7PulseIRii
                0x00080874       0x74 C:\Users\lester\AppData\Local\Temp\VMBuilds\CheetahDue\arduino_due_x\Debug\CheetahDue.cpp.o
                0x00080874                PulseIR(int, int)
 .text._Z8ResetTTLv
                0x000808e8      0x150 C:\Users\lester\AppData\Local\Temp\VMBuilds\CheetahDue\arduino_due_x\Debug\CheetahDue.cpp.o
                0x000808e8                ResetTTL()
 .text._Z8NorthFunv
                0x00080a38       0x74 C:\Users\lester\AppData\Local\Temp\VMBuilds\CheetahDue\arduino_due_x\Debug\CheetahDue.cpp.o
                0x00080a38                NorthFun()
 .text._Z14NorthInterruptv
                0x00080aac        0x4 C:\Users\lester\AppData\Local\Temp\VMBuilds\CheetahDue\arduino_due_x\Debug\CheetahDue.cpp.o
                0x00080aac                NorthInterrupt()
 .text._Z7WestFunv
                0x00080ab0       0x74 C:\Users\lester\AppData\Local\Temp\VMBuilds\CheetahDue\arduino_due_x\Debug\CheetahDue.cpp.o
                0x00080ab0                WestFun()
 .text._Z13WestInterruptv
                0x00080b24        0x4 C:\Users\lester\AppData\Local\Temp\VMBuilds\CheetahDue\arduino_due_x\Debug\CheetahDue.cpp.o
                0x00080b24                WestInterrupt()
 .text._Z8SouthFunv
                0x00080b28       0x74 C:\Users\lester\AppData\Local\Temp\VMBuilds\CheetahDue\arduino_due_x\Debug\CheetahDue.cpp.o
                0x00080b28                SouthFun()
 .text._Z14SouthInterruptv
                0x00080b9c        0x4 C:\Users\lester\AppData\Local\Temp\VMBuilds\CheetahDue\arduino_due_x\Debug\CheetahDue.cpp.o
                0x00080b9c                SouthInterrupt()
 .text._Z7EastFunv
                0x00080ba0       0x74 C:\Users\lester\AppData\Local\Temp\VMBuilds\CheetahDue\arduino_due_x\Debug\CheetahDue.cpp.o
                0x00080ba0                EastFun()
 .text._Z13EastInterruptv
                0x00080c14        0x4 C:\Users\lester\AppData\Local\Temp\VMBuilds\CheetahDue\arduino_due_x\Debug\CheetahDue.cpp.o
                0x00080c14                EastInterrupt()
 .text.startup._GLOBAL__sub_I___VisualMicro_DEBUG_1_HITCOUNTER__
                0x00080c18       0x64 C:\Users\lester\AppData\Local\Temp\VMBuilds\CheetahDue\arduino_due_x\Debug\CheetahDue.cpp.o
 .text._Z11QueuePacketchhhtb
                0x00080c7c      0x120 C:\Users\lester\AppData\Local\Temp\VMBuilds\CheetahDue\arduino_due_x\Debug\CheetahDue.cpp.o
                0x00080c7c                QueuePacket(char, unsigned char, unsigned char, unsigned char, unsigned short, bool)
 .text._Z10SendPacketv
                0x00080d9c      0x154 C:\Users\lester\AppData\Local\Temp\VMBuilds\CheetahDue\arduino_due_x\Debug\CheetahDue.cpp.o
                0x00080d9c                SendPacket()
 .text._Z7SendLogv
                0x00080ef0      0x1bc C:\Users\lester\AppData\Local\Temp\VMBuilds\CheetahDue\arduino_due_x\Debug\CheetahDue.cpp.o
                0x00080ef0                SendLog()
 .text._Z13CheckForStartv
                0x000810ac      0x100 C:\Users\lester\AppData\Local\Temp\VMBuilds\CheetahDue\arduino_due_x\Debug\CheetahDue.cpp.o
                0x000810ac                CheckForStart()
 .text._Z12WaitBuffReadc
                0x000811ac      0x280 C:\Users\lester\AppData\Local\Temp\VMBuilds\CheetahDue\arduino_due_x\Debug\CheetahDue.cpp.o
                0x000811ac                WaitBuffRead(char)
 .text._Z9GetSerialv
                0x0008142c      0x27c C:\Users\lester\AppData\Local\Temp\VMBuilds\CheetahDue\arduino_due_x\Debug\CheetahDue.cpp.o
                0x0008142c                GetSerial()
 .text.loop     0x000816a8      0x360 C:\Users\lester\AppData\Local\Temp\VMBuilds\CheetahDue\arduino_due_x\Debug\CheetahDue.cpp.o
                0x000816a8                loop
 .text.setup    0x00081a08      0x28c C:\Users\lester\AppData\Local\Temp\VMBuilds\CheetahDue\arduino_due_x\Debug\CheetahDue.cpp.o
                0x00081a08                setup
 .text._Z10freeMemoryv
                0x00081c94       0x14 C:\Users\lester\AppData\Local\Temp\VMBuilds\CheetahDue\arduino_due_x\Debug\Arduino-MemoryFree\MemoryFree.cpp.o
                0x00081c94                freeMemory()
 .text._ZN16VisualMicroDebug16DBG_YieldAndWaitEmb
                0x00081ca8       0x1a C:\Users\lester\AppData\Local\Temp\VMBuilds\CheetahDue\arduino_due_x\Debug\VM_DBG\VM_DBG.cpp.o
                0x00081ca8                VisualMicroDebug::DBG_YieldAndWait(unsigned long, bool)
 .text._ZN16VisualMicroDebug16DBG_YieldAndWaitEm
                0x00081cc2        0x6 C:\Users\lester\AppData\Local\Temp\VMBuilds\CheetahDue\arduino_due_x\Debug\VM_DBG\VM_DBG.cpp.o
                0x00081cc2                VisualMicroDebug::DBG_YieldAndWait(unsigned long)
 .text._ZN16VisualMicroDebug10DBG_MillisEv
                0x00081cc8        0x4 C:\Users\lester\AppData\Local\Temp\VMBuilds\CheetahDue\arduino_due_x\Debug\VM_DBG\VM_DBG.cpp.o
                0x00081cc8                VisualMicroDebug::DBG_Millis()
 .text._ZN16VisualMicroDebug17OnBreakPointBeginEm
                0x00081ccc       0x16 C:\Users\lester\AppData\Local\Temp\VMBuilds\CheetahDue\arduino_due_x\Debug\VM_DBG\VM_DBG.cpp.o
                0x00081ccc                VisualMicroDebug::OnBreakPointBegin(unsigned long)
 *fill*         0x00081ce2        0x2 
 .text._ZN16VisualMicroDebug22OnBreakPointPrintBeginEh
                0x00081ce4       0x6c C:\Users\lester\AppData\Local\Temp\VMBuilds\CheetahDue\arduino_due_x\Debug\VM_DBG\VM_DBG.cpp.o
                0x00081ce4                VisualMicroDebug::OnBreakPointPrintBegin(unsigned char)
 .text._ZN16VisualMicroDebug20OnBreakPointPrintEndEv
                0x00081d50        0xc C:\Users\lester\AppData\Local\Temp\VMBuilds\CheetahDue\arduino_due_x\Debug\VM_DBG\VM_DBG.cpp.o
                0x00081d50                VisualMicroDebug::OnBreakPointPrintEnd()
 .text._ZN16VisualMicroDebug15OnBreakPointEndEv
                0x00081d5c        0xc C:\Users\lester\AppData\Local\Temp\VMBuilds\CheetahDue\arduino_due_x\Debug\VM_DBG\VM_DBG.cpp.o
                0x00081d5c                VisualMicroDebug::OnBreakPointEnd()
 .text._ZN16VisualMicroDebug14outPacketStartEb
                0x00081d68       0x28 C:\Users\lester\AppData\Local\Temp\VMBuilds\CheetahDue\arduino_due_x\Debug\VM_DBG\VM_DBG.cpp.o
                0x00081d68                VisualMicroDebug::outPacketStart(bool)
 .text._ZN16VisualMicroDebug12outPacketEndEv
                0x00081d90        0x2 C:\Users\lester\AppData\Local\Temp\VMBuilds\CheetahDue\arduino_due_x\Debug\VM_DBG\VM_DBG.cpp.o
                0x00081d90                VisualMicroDebug::outPacketEnd()
 .text._ZN16VisualMicroDebug5beginEP7Serial_m
                0x00081d92       0x2c C:\Users\lester\AppData\Local\Temp\VMBuilds\CheetahDue\arduino_due_x\Debug\VM_DBG\VM_DBG.cpp.o
                0x00081d92                VisualMicroDebug::begin(Serial_*, unsigned long)
 .text._ZN16VisualMicroDebug4initEm
                0x00081dbe        0xe C:\Users\lester\AppData\Local\Temp\VMBuilds\CheetahDue\arduino_due_x\Debug\VM_DBG\VM_DBG.cpp.o
                0x00081dbe                VisualMicroDebug::init(unsigned long)
 .text._ZN16VisualMicroDebug4readEv
                0x00081dcc        0xe C:\Users\lester\AppData\Local\Temp\VMBuilds\CheetahDue\arduino_due_x\Debug\VM_DBG\VM_DBG.cpp.o
                0x00081dcc                VisualMicroDebug::read()
 .text._ZN16VisualMicroDebug9availableEv
                0x00081dda        0xe C:\Users\lester\AppData\Local\Temp\VMBuilds\CheetahDue\arduino_due_x\Debug\VM_DBG\VM_DBG.cpp.o
                0x00081dda                VisualMicroDebug::available()
 .text._ZN16VisualMicroDebug16sendContinuedACKEh
                0x00081de8       0x3c C:\Users\lester\AppData\Local\Temp\VMBuilds\CheetahDue\arduino_due_x\Debug\VM_DBG\VM_DBG.cpp.o
                0x00081de8                VisualMicroDebug::sendContinuedACK(unsigned char)
 .text._ZN16VisualMicroDebug9breakWaitEh
                0x00081e24       0x54 C:\Users\lester\AppData\Local\Temp\VMBuilds\CheetahDue\arduino_due_x\Debug\VM_DBG\VM_DBG.cpp.o
                0x00081e24                VisualMicroDebug::breakWait(unsigned char)
 .text._ZN16VisualMicroDebug5startEbb
                0x00081e78       0x26 C:\Users\lester\AppData\Local\Temp\VMBuilds\CheetahDue\arduino_due_x\Debug\VM_DBG\VM_DBG.cpp.o
                0x00081e78                VisualMicroDebug::start(bool, bool)
 *fill*         0x00081e9e        0x2 
 .text.startup._GLOBAL__sub_I__ZN16VisualMicroDebug16DBG_YieldAndWaitEm
                0x00081ea0       0x14 C:\Users\lester\AppData\Local\Temp\VMBuilds\CheetahDue\arduino_due_x\Debug\VM_DBG\VM_DBG.cpp.o
 .text._Z11serialEventv
                0x00081eb4        0x2 C:\Users\lester\AppData\Local\Temp\VMBuilds\CheetahDue\arduino_due_x\Debug\variant\variant.cpp.o
                0x00081eb4                serialEvent()
 *fill*         0x00081eb6        0x2 
 .text.UART_Handler
                0x00081eb8        0xc C:\Users\lester\AppData\Local\Temp\VMBuilds\CheetahDue\arduino_due_x\Debug\variant\variant.cpp.o
                0x00081eb8                UART_Handler
 .text._Z12serialEvent1v
                0x00081ec4        0x2 C:\Users\lester\AppData\Local\Temp\VMBuilds\CheetahDue\arduino_due_x\Debug\variant\variant.cpp.o
                0x00081ec4                serialEvent1()
 .text._Z12serialEvent2v
                0x00081ec6        0x2 C:\Users\lester\AppData\Local\Temp\VMBuilds\CheetahDue\arduino_due_x\Debug\variant\variant.cpp.o
                0x00081ec6                serialEvent2()
 .text._Z12serialEvent3v
                0x00081ec8        0x2 C:\Users\lester\AppData\Local\Temp\VMBuilds\CheetahDue\arduino_due_x\Debug\variant\variant.cpp.o
                0x00081ec8                serialEvent3()
 *fill*         0x00081eca        0x2 
 .text.USART0_Handler
                0x00081ecc        0xc C:\Users\lester\AppData\Local\Temp\VMBuilds\CheetahDue\arduino_due_x\Debug\variant\variant.cpp.o
                0x00081ecc                USART0_Handler
 .text.USART1_Handler
                0x00081ed8        0xc C:\Users\lester\AppData\Local\Temp\VMBuilds\CheetahDue\arduino_due_x\Debug\variant\variant.cpp.o
                0x00081ed8                USART1_Handler
 .text.USART3_Handler
                0x00081ee4        0xc C:\Users\lester\AppData\Local\Temp\VMBuilds\CheetahDue\arduino_due_x\Debug\variant\variant.cpp.o
                0x00081ee4                USART3_Handler
 .text.init     0x00081ef0      0x128 C:\Users\lester\AppData\Local\Temp\VMBuilds\CheetahDue\arduino_due_x\Debug\variant\variant.cpp.o
                0x00081ef0                init
 .text.startup._GLOBAL__sub_I_g_APinDescription
                0x00082018       0xd4 C:\Users\lester\AppData\Local\Temp\VMBuilds\CheetahDue\arduino_due_x\Debug\variant\variant.cpp.o
 .text._Z14serialEventRunv
                0x000820ec       0x44 C:\Users\lester\AppData\Local\Temp\VMBuilds\CheetahDue\arduino_due_x\Debug\variant\variant.cpp.o
                0x000820ec                serialEventRun()
 .text.PIO_PullUp
                0x00082130        0xa C:\Users\lester\AppData\Local\arduino15\packages\arduino\hardware\sam\1.6.8\variants\arduino_due_x/libsam_sam3x8e_gcc_rel.a(pio.o)
                0x00082130                PIO_PullUp
 .text.PIO_SetPeripheral
                0x0008213a       0x26 C:\Users\lester\AppData\Local\arduino15\packages\arduino\hardware\sam\1.6.8\variants\arduino_due_x/libsam_sam3x8e_gcc_rel.a(pio.o)
                0x0008213a                PIO_SetPeripheral
 .text.PIO_SetInput
                0x00082160       0x26 C:\Users\lester\AppData\Local\arduino15\packages\arduino\hardware\sam\1.6.8\variants\arduino_due_x/libsam_sam3x8e_gcc_rel.a(pio.o)
                0x00082160                PIO_SetInput
 .text.PIO_SetOutput
                0x00082186       0x24 C:\Users\lester\AppData\Local\arduino15\packages\arduino\hardware\sam\1.6.8\variants\arduino_due_x/libsam_sam3x8e_gcc_rel.a(pio.o)
                0x00082186                PIO_SetOutput
 *fill*         0x000821aa        0x2 
 .text.PIO_Configure
                0x000821ac       0x64 C:\Users\lester\AppData\Local\arduino15\packages\arduino\hardware\sam\1.6.8\variants\arduino_due_x/libsam_sam3x8e_gcc_rel.a(pio.o)
                0x000821ac                PIO_Configure
 .text.PIO_GetOutputDataStatus
                0x00082210       0x14 C:\Users\lester\AppData\Local\arduino15\packages\arduino\hardware\sam\1.6.8\variants\arduino_due_x/libsam_sam3x8e_gcc_rel.a(pio.o)
                0x00082210                PIO_GetOutputDataStatus
 .text.pmc_enable_upll_clock
                0x00082224       0x14 C:\Users\lester\AppData\Local\arduino15\packages\arduino\hardware\sam\1.6.8\variants\arduino_due_x/libsam_sam3x8e_gcc_rel.a(pmc.o)
                0x00082224                pmc_enable_upll_clock
 .text.pmc_enable_periph_clk
                0x00082238       0x44 C:\Users\lester\AppData\Local\arduino15\packages\arduino\hardware\sam\1.6.8\variants\arduino_due_x/libsam_sam3x8e_gcc_rel.a(pmc.o)
                0x00082238                pmc_enable_periph_clk
 .text.pmc_disable_periph_clk
                0x0008227c       0x40 C:\Users\lester\AppData\Local\arduino15\packages\arduino\hardware\sam\1.6.8\variants\arduino_due_x/libsam_sam3x8e_gcc_rel.a(pmc.o)
                0x0008227c                pmc_disable_periph_clk
 .text.pmc_switch_udpck_to_upllck
                0x000822bc       0x14 C:\Users\lester\AppData\Local\arduino15\packages\arduino\hardware\sam\1.6.8\variants\arduino_due_x/libsam_sam3x8e_gcc_rel.a(pmc.o)
                0x000822bc                pmc_switch_udpck_to_upllck
 .text.pmc_enable_udpck
                0x000822d0        0xc C:\Users\lester\AppData\Local\arduino15\packages\arduino\hardware\sam\1.6.8\variants\arduino_due_x/libsam_sam3x8e_gcc_rel.a(pmc.o)
                0x000822d0                pmc_enable_udpck
 .text.SystemInit
                0x000822dc       0x88 C:\Users\lester\AppData\Local\arduino15\packages\arduino\hardware\sam\1.6.8\variants\arduino_due_x/libsam_sam3x8e_gcc_rel.a(system_sam3xa.o)
                0x000822dc                SystemInit
 .text.Reset_Handler
                0x00082364       0x78 C:\Users\lester\AppData\Local\arduino15\packages\arduino\hardware\sam\1.6.8\variants\arduino_due_x/libsam_sam3x8e_gcc_rel.a(startup_sam3xa.o)
                0x00082364                Reset_Handler
 .text.adc_init
                0x000823dc       0x98 C:\Users\lester\AppData\Local\arduino15\packages\arduino\hardware\sam\1.6.8\variants\arduino_due_x/libsam_sam3x8e_gcc_rel.a(adc.o)
                0x000823dc                adc_init
 .text.adc_configure_trigger
                0x00082474        0xe C:\Users\lester\AppData\Local\arduino15\packages\arduino\hardware\sam\1.6.8\variants\arduino_due_x/libsam_sam3x8e_gcc_rel.a(adc.o)
                0x00082474                adc_configure_trigger
 .text.adc_configure_timing
                0x00082482       0x1a C:\Users\lester\AppData\Local\arduino15\packages\arduino\hardware\sam\1.6.8\variants\arduino_due_x/libsam_sam3x8e_gcc_rel.a(adc.o)
                0x00082482                adc_configure_timing
 .text.adc_disable_channel
                0x0008249c        0xa C:\Users\lester\AppData\Local\arduino15\packages\arduino\hardware\sam\1.6.8\variants\arduino_due_x/libsam_sam3x8e_gcc_rel.a(adc.o)
                0x0008249c                adc_disable_channel
 .text.adc_disable_all_channel
                0x000824a6        0x8 C:\Users\lester\AppData\Local\arduino15\packages\arduino\hardware\sam\1.6.8\variants\arduino_due_x/libsam_sam3x8e_gcc_rel.a(adc.o)
                0x000824a6                adc_disable_all_channel
 .text.adc_disable_interrupt
                0x000824ae        0x4 C:\Users\lester\AppData\Local\arduino15\packages\arduino\hardware\sam\1.6.8\variants\arduino_due_x/libsam_sam3x8e_gcc_rel.a(adc.o)
                0x000824ae                adc_disable_interrupt
 *fill*         0x000824b2        0x2 
 .text.UOTGHS_Handler
                0x000824b4       0x10 C:\Users\lester\AppData\Local\arduino15\packages\arduino\hardware\sam\1.6.8\variants\arduino_due_x/libsam_sam3x8e_gcc_rel.a(uotghs.o)
                0x000824b4                UOTGHS_Handler
 .text.__halt   0x000824c4        0x2 C:\Users\lester\AppData\Local\Temp\VMBuilds\CheetahDue\arduino_due_x\Debug/core.a(cortex_handlers.c.o)
                0x000824c4                DACC_Handler
                0x000824c4                DebugMon_Handler
                0x000824c4                DMAC_Handler
                0x000824c4                TRNG_Handler
                0x000824c4                HardFault_Handler
                0x000824c4                TC2_Handler
                0x000824c4                TWI1_Handler
                0x000824c4                NMI_Handler
                0x000824c4                TC7_Handler
                0x000824c4                ADC_Handler
                0x000824c4                SMC_Handler
                0x000824c4                RTT_Handler
                0x000824c4                EFC1_Handler
                0x000824c4                RTC_Handler
                0x000824c4                UsageFault_Handler
                0x000824c4                TC6_Handler
                0x000824c4                WDT_Handler
                0x000824c4                CAN0_Handler
                0x000824c4                TC4_Handler
                0x000824c4                TC1_Handler
                0x000824c4                HSMCI_Handler
                0x000824c4                TC3_Handler
                0x000824c4                TWI0_Handler
                0x000824c4                SSC_Handler
                0x000824c4                EFC0_Handler
                0x000824c4                PMC_Handler
                0x000824c4                PWM_Handler
                0x000824c4                CAN1_Handler
                0x000824c4                MemManage_Handler
                0x000824c4                SUPC_Handler
                0x000824c4                TC8_Handler
                0x000824c4                USART2_Handler
                0x000824c4                EMAC_Handler
                0x000824c4                BusFault_Handler
                0x000824c4                RSTC_Handler
                0x000824c4                TC0_Handler
                0x000824c4                TC5_Handler
                0x000824c4                SPI0_Handler
 .text.SVC_Handler
                0x000824c6        0x4 C:\Users\lester\AppData\Local\Temp\VMBuilds\CheetahDue\arduino_due_x\Debug/core.a(cortex_handlers.c.o)
                0x000824c6                SVC_Handler
 .text.PendSV_Handler
                0x000824ca        0x4 C:\Users\lester\AppData\Local\Temp\VMBuilds\CheetahDue\arduino_due_x\Debug/core.a(cortex_handlers.c.o)
                0x000824ca                PendSV_Handler
 .text.SysTick_Handler
                0x000824ce       0x16 C:\Users\lester\AppData\Local\Temp\VMBuilds\CheetahDue\arduino_due_x\Debug/core.a(cortex_handlers.c.o)
                0x000824ce                SysTick_Handler
 .text.__empty  0x000824e4        0x2 C:\Users\lester\AppData\Local\Temp\VMBuilds\CheetahDue\arduino_due_x\Debug/core.a(hooks.c.o)
                0x000824e4                yield
 .text.__false  0x000824e6        0x4 C:\Users\lester\AppData\Local\Temp\VMBuilds\CheetahDue\arduino_due_x\Debug/core.a(hooks.c.o)
                0x000824e6                sysTickHook
 .text.__halt   0x000824ea        0x2 C:\Users\lester\AppData\Local\Temp\VMBuilds\CheetahDue\arduino_due_x\Debug/core.a(hooks.c.o)
                0x000824ea                svcHook
                0x000824ea                pendSVHook
 .text._sbrk    0x000824ec       0x1c C:\Users\lester\AppData\Local\Temp\VMBuilds\CheetahDue\arduino_due_x\Debug/core.a(syscalls_sam3.c.o)
                0x000824ec                _sbrk
 .text.link     0x00082508        0x6 C:\Users\lester\AppData\Local\Temp\VMBuilds\CheetahDue\arduino_due_x\Debug/core.a(syscalls_sam3.c.o)
                0x00082508                link
 .text._close   0x0008250e        0x6 C:\Users\lester\AppData\Local\Temp\VMBuilds\CheetahDue\arduino_due_x\Debug/core.a(syscalls_sam3.c.o)
                0x0008250e                _close
 .text._fstat   0x00082514        0xa C:\Users\lester\AppData\Local\Temp\VMBuilds\CheetahDue\arduino_due_x\Debug/core.a(syscalls_sam3.c.o)
                0x00082514                _fstat
 .text._isatty  0x0008251e        0x4 C:\Users\lester\AppData\Local\Temp\VMBuilds\CheetahDue\arduino_due_x\Debug/core.a(syscalls_sam3.c.o)
                0x0008251e                _isatty
 .text._lseek   0x00082522        0x4 C:\Users\lester\AppData\Local\Temp\VMBuilds\CheetahDue\arduino_due_x\Debug/core.a(syscalls_sam3.c.o)
                0x00082522                _lseek
 .text._read    0x00082526        0x4 C:\Users\lester\AppData\Local\Temp\VMBuilds\CheetahDue\arduino_due_x\Debug/core.a(syscalls_sam3.c.o)
                0x00082526                _read
 *fill*         0x0008252a        0x2 
 .text._write   0x0008252c       0x24 C:\Users\lester\AppData\Local\Temp\VMBuilds\CheetahDue\arduino_due_x\Debug/core.a(syscalls_sam3.c.o)
                0x0008252c                _write
 .text._exit    0x00082550       0x10 C:\Users\lester\AppData\Local\Temp\VMBuilds\CheetahDue\arduino_due_x\Debug/core.a(syscalls_sam3.c.o)
                0x00082550                _exit
 .text._kill    0x00082560        0x2 C:\Users\lester\AppData\Local\Temp\VMBuilds\CheetahDue\arduino_due_x\Debug/core.a(syscalls_sam3.c.o)
                0x00082560                _kill
 .text._getpid  0x00082562        0x6 C:\Users\lester\AppData\Local\Temp\VMBuilds\CheetahDue\arduino_due_x\Debug/core.a(syscalls_sam3.c.o)
                0x00082562                _getpid
 .text.attachInterrupt
                0x00082568      0x148 C:\Users\lester\AppData\Local\Temp\VMBuilds\CheetahDue\arduino_due_x\Debug/core.a(WInterrupts.c.o)
                0x00082568                attachInterrupt
 .text.PIOA_Handler
                0x000826b0       0x38 C:\Users\lester\AppData\Local\Temp\VMBuilds\CheetahDue\arduino_due_x\Debug/core.a(WInterrupts.c.o)
                0x000826b0                PIOA_Handler
 .text.PIOB_Handler
                0x000826e8       0x38 C:\Users\lester\AppData\Local\Temp\VMBuilds\CheetahDue\arduino_due_x\Debug/core.a(WInterrupts.c.o)
                0x000826e8                PIOB_Handler
 .text.PIOC_Handler
                0x00082720       0x38 C:\Users\lester\AppData\Local\Temp\VMBuilds\CheetahDue\arduino_due_x\Debug/core.a(WInterrupts.c.o)
                0x00082720                PIOC_Handler
 .text.PIOD_Handler
                0x00082758       0x38 C:\Users\lester\AppData\Local\Temp\VMBuilds\CheetahDue\arduino_due_x\Debug/core.a(WInterrupts.c.o)
                0x00082758                PIOD_Handler
 .text.millis   0x00082790        0x4 C:\Users\lester\AppData\Local\Temp\VMBuilds\CheetahDue\arduino_due_x\Debug/core.a(wiring.c.o)
                0x00082790                millis
 .text.delay    0x00082794       0x1c C:\Users\lester\AppData\Local\Temp\VMBuilds\CheetahDue\arduino_due_x\Debug/core.a(wiring.c.o)
                0x00082794                delay
 .text.analogOutputInit
                0x000827b0        0x2 C:\Users\lester\AppData\Local\Temp\VMBuilds\CheetahDue\arduino_due_x\Debug/core.a(wiring_analog.c.o)
                0x000827b0                analogOutputInit
 *fill*         0x000827b2        0x2 
 .text.pinMode  0x000827b4      0x108 C:\Users\lester\AppData\Local\Temp\VMBuilds\CheetahDue\arduino_due_x\Debug/core.a(wiring_digital.c.o)
                0x000827b4                pinMode
 .text.digitalWrite
                0x000828bc       0x70 C:\Users\lester\AppData\Local\Temp\VMBuilds\CheetahDue\arduino_due_x\Debug/core.a(wiring_digital.c.o)
                0x000828bc                digitalWrite
 .text.initVariant
                0x0008292c        0x2 C:\Users\lester\AppData\Local\Temp\VMBuilds\CheetahDue\arduino_due_x\Debug/core.a(main.cpp.o)
                0x0008292c                initVariant
 *fill*         0x0008292e        0x2 
 .text.startup.main
                0x00082930       0x38 C:\Users\lester\AppData\Local\Temp\VMBuilds\CheetahDue\arduino_due_x\Debug/core.a(main.cpp.o)
                0x00082930                main
 .text._ZN5Print5writeEPKhj
                0x00082968       0x22 C:\Users\lester\AppData\Local\Temp\VMBuilds\CheetahDue\arduino_due_x\Debug/core.a(Print.cpp.o)
                0x00082968                Print::write(unsigned char const*, unsigned int)
 .text._ZN5Print5writeEPKc
                0x0008298a       0x1e C:\Users\lester\AppData\Local\Temp\VMBuilds\CheetahDue\arduino_due_x\Debug/core.a(Print.cpp.o)
                0x0008298a                Print::write(char const*)
 .text._ZN5Print5printEPKc
                0x000829a8        0x8 C:\Users\lester\AppData\Local\Temp\VMBuilds\CheetahDue\arduino_due_x\Debug/core.a(Print.cpp.o)
                0x000829a8                Print::print(char const*)
 .text._ZN5Print7printlnEv
                0x000829b0       0x10 C:\Users\lester\AppData\Local\Temp\VMBuilds\CheetahDue\arduino_due_x\Debug/core.a(Print.cpp.o)
                0x000829b0                Print::println()
 .text._ZN5Print7printlnEPKc
                0x000829c0       0x14 C:\Users\lester\AppData\Local\Temp\VMBuilds\CheetahDue\arduino_due_x\Debug/core.a(Print.cpp.o)
                0x000829c0                Print::println(char const*)
 .text._ZN5Print11printNumberEmh
                0x000829d4       0x3e C:\Users\lester\AppData\Local\Temp\VMBuilds\CheetahDue\arduino_due_x\Debug/core.a(Print.cpp.o)
                0x000829d4                Print::printNumber(unsigned long, unsigned char)
 .text._ZN5Print5printEmi
                0x00082a12       0x18 C:\Users\lester\AppData\Local\Temp\VMBuilds\CheetahDue\arduino_due_x\Debug/core.a(Print.cpp.o)
                0x00082a12                Print::print(unsigned long, int)
 .text._ZN5Print5printEhi
                0x00082a2a        0x4 C:\Users\lester\AppData\Local\Temp\VMBuilds\CheetahDue\arduino_due_x\Debug/core.a(Print.cpp.o)
                0x00082a2a                Print::print(unsigned char, int)
 *fill*         0x00082a2e        0x2 
 .text.initiateReset
                0x00082a30        0xc C:\Users\lester\AppData\Local\Temp\VMBuilds\CheetahDue\arduino_due_x\Debug/core.a(Reset.cpp.o)
                0x00082a30                initiateReset
 .text.cancelReset
                0x00082a3c       0x10 C:\Users\lester\AppData\Local\Temp\VMBuilds\CheetahDue\arduino_due_x\Debug/core.a(Reset.cpp.o)
                0x00082a3c                cancelReset
 .text.tickReset
                0x00082a4c       0x20 C:\Users\lester\AppData\Local\Temp\VMBuilds\CheetahDue\arduino_due_x\Debug/core.a(Reset.cpp.o)
                0x00082a4c                tickReset
 .text._ZN10RingBufferC2Ev
                0x00082a6c       0x1a C:\Users\lester\AppData\Local\Temp\VMBuilds\CheetahDue\arduino_due_x\Debug/core.a(RingBuffer.cpp.o)
                0x00082a6c                RingBuffer::RingBuffer()
                0x00082a6c                RingBuffer::RingBuffer()
 .text._ZN10RingBuffer10store_charEh
                0x00082a86       0x1e C:\Users\lester\AppData\Local\Temp\VMBuilds\CheetahDue\arduino_due_x\Debug/core.a(RingBuffer.cpp.o)
                0x00082a86                RingBuffer::store_char(unsigned char)
 .text._ZN9UARTClasscvbEv
                0x00082aa4        0x4 C:\Users\lester\AppData\Local\Temp\VMBuilds\CheetahDue\arduino_due_x\Debug/core.a(UARTClass.cpp.o)
                0x00082aa4                UARTClass::operator bool()
 .text._ZN9UARTClass9availableEv
                0x00082aa8       0x12 C:\Users\lester\AppData\Local\Temp\VMBuilds\CheetahDue\arduino_due_x\Debug/core.a(UARTClass.cpp.o)
                0x00082aa8                UARTClass::available()
 .text._ZN9UARTClass4peekEv
                0x00082aba       0x1c C:\Users\lester\AppData\Local\Temp\VMBuilds\CheetahDue\arduino_due_x\Debug/core.a(UARTClass.cpp.o)
                0x00082aba                UARTClass::peek()
 .text._ZN9UARTClass4readEv
                0x00082ad6       0x2a C:\Users\lester\AppData\Local\Temp\VMBuilds\CheetahDue\arduino_due_x\Debug/core.a(UARTClass.cpp.o)
                0x00082ad6                UARTClass::read()
 .text._ZN9UARTClass5flushEv
                0x00082b00       0x18 C:\Users\lester\AppData\Local\Temp\VMBuilds\CheetahDue\arduino_due_x\Debug/core.a(UARTClass.cpp.o)
                0x00082b00                UARTClass::flush()
 .text._ZN9UARTClass5writeEh
                0x00082b18       0x54 C:\Users\lester\AppData\Local\Temp\VMBuilds\CheetahDue\arduino_due_x\Debug/core.a(UARTClass.cpp.o)
                0x00082b18                UARTClass::write(unsigned char)
 .text._ZN9UARTClass3endEv
                0x00082b6c       0x3c C:\Users\lester\AppData\Local\Temp\VMBuilds\CheetahDue\arduino_due_x\Debug/core.a(UARTClass.cpp.o)
                0x00082b6c                UARTClass::end()
 .text._ZN9UARTClassC2EP4Uart4IRQnmP10RingBufferS4_
                0x00082ba8       0x24 C:\Users\lester\AppData\Local\Temp\VMBuilds\CheetahDue\arduino_due_x\Debug/core.a(UARTClass.cpp.o)
                0x00082ba8                UARTClass::UARTClass(Uart*, IRQn, unsigned long, RingBuffer*, RingBuffer*)
                0x00082ba8                UARTClass::UARTClass(Uart*, IRQn, unsigned long, RingBuffer*, RingBuffer*)
 .text._ZN9UARTClass4initEmm
                0x00082bcc       0x70 C:\Users\lester\AppData\Local\Temp\VMBuilds\CheetahDue\arduino_due_x\Debug/core.a(UARTClass.cpp.o)
                0x00082bcc                UARTClass::init(unsigned long, unsigned long)
 .text._ZN9UARTClass5beginEm
                0x00082c3c        0x8 C:\Users\lester\AppData\Local\Temp\VMBuilds\CheetahDue\arduino_due_x\Debug/core.a(UARTClass.cpp.o)
                0x00082c3c                UARTClass::begin(unsigned long)
 .text._ZN9UARTClass17availableForWriteEv
                0x00082c44       0x1e C:\Users\lester\AppData\Local\Temp\VMBuilds\CheetahDue\arduino_due_x\Debug/core.a(UARTClass.cpp.o)
                0x00082c44                UARTClass::availableForWrite()
 .text._ZN9UARTClass10IrqHandlerEv
                0x00082c62       0x5a C:\Users\lester\AppData\Local\Temp\VMBuilds\CheetahDue\arduino_due_x\Debug/core.a(UARTClass.cpp.o)
                0x00082c62                UARTClass::IrqHandler()
 .text._ZN10USARTClass5beginEm
                0x00082cbc        0x8 C:\Users\lester\AppData\Local\Temp\VMBuilds\CheetahDue\arduino_due_x\Debug/core.a(USARTClass.cpp.o)
                0x00082cbc                USARTClass::begin(unsigned long)
 .text._ZN10USARTClassC2EP5Usart4IRQnmP10RingBufferS4_
                0x00082cc4       0x24 C:\Users\lester\AppData\Local\Temp\VMBuilds\CheetahDue\arduino_due_x\Debug/core.a(USARTClass.cpp.o)
                0x00082cc4                USARTClass::USARTClass(Usart*, IRQn, unsigned long, RingBuffer*, RingBuffer*)
                0x00082cc4                USARTClass::USARTClass(Usart*, IRQn, unsigned long, RingBuffer*, RingBuffer*)
 .text._watchdogDefaultSetup
                0x00082ce8        0xc C:\Users\lester\AppData\Local\Temp\VMBuilds\CheetahDue\arduino_due_x\Debug/core.a(watchdog.cpp.o)
                0x00082ce8                _watchdogDefaultSetup
                0x00082ce8                watchdogSetup()
 .text._ZN7Serial_9availableEv
                0x00082cf4       0x18 C:\Users\lester\AppData\Local\Temp\VMBuilds\CheetahDue\arduino_due_x\Debug/core.a(CDC.cpp.o)
                0x00082cf4                Serial_::available()
 .text._ZN7Serial_4peekEv
                0x00082d0c       0x20 C:\Users\lester\AppData\Local\Temp\VMBuilds\CheetahDue\arduino_due_x\Debug/core.a(CDC.cpp.o)
                0x00082d0c                Serial_::peek()
 .text._ZN7Serial_5writeEh
                0x00082d2c       0x16 C:\Users\lester\AppData\Local\Temp\VMBuilds\CheetahDue\arduino_due_x\Debug/core.a(CDC.cpp.o)
                0x00082d2c                Serial_::write(unsigned char)
 *fill*         0x00082d42        0x2 
 .text._ZN7Serial_4readEv
                0x00082d44       0x44 C:\Users\lester\AppData\Local\Temp\VMBuilds\CheetahDue\arduino_due_x\Debug/core.a(CDC.cpp.o)
                0x00082d44                Serial_::read()
 .text._ZN7Serial_5flushEv
                0x00082d88        0x6 C:\Users\lester\AppData\Local\Temp\VMBuilds\CheetahDue\arduino_due_x\Debug/core.a(CDC.cpp.o)
                0x00082d88                Serial_::flush()
 *fill*         0x00082d8e        0x2 
 .text._ZN7Serial_6acceptEv
                0x00082d90       0x70 C:\Users\lester\AppData\Local\Temp\VMBuilds\CheetahDue\arduino_due_x\Debug/core.a(CDC.cpp.o)
                0x00082d90                Serial_::accept()
 .text._ZN7Serial_5writeEPKhj
                0x00082e00       0x2c C:\Users\lester\AppData\Local\Temp\VMBuilds\CheetahDue\arduino_due_x\Debug/core.a(CDC.cpp.o)
                0x00082e00                Serial_::write(unsigned char const*, unsigned int)
 .text._Z16CDC_GetInterfacePh
                0x00082e2c       0x14 C:\Users\lester\AppData\Local\Temp\VMBuilds\CheetahDue\arduino_due_x\Debug/core.a(CDC.cpp.o)
                0x00082e2c                CDC_GetInterface(unsigned char*)
 .text._Z21CDC_GetOtherInterfacePh
                0x00082e40       0x14 C:\Users\lester\AppData\Local\Temp\VMBuilds\CheetahDue\arduino_due_x\Debug/core.a(CDC.cpp.o)
                0x00082e40                CDC_GetOtherInterface(unsigned char*)
 .text._Z9CDC_SetupR8USBSetup
                0x00082e54       0x78 C:\Users\lester\AppData\Local\Temp\VMBuilds\CheetahDue\arduino_due_x\Debug/core.a(CDC.cpp.o)
                0x00082e54                CDC_Setup(USBSetup&)
 .text._ZN7Serial_5beginEm
                0x00082ecc        0x2 C:\Users\lester\AppData\Local\Temp\VMBuilds\CheetahDue\arduino_due_x\Debug/core.a(CDC.cpp.o)
                0x00082ecc                Serial_::begin(unsigned long)
 *fill*         0x00082ece        0x2 
 .text._ZN7Serial_cvbEv
                0x00082ed0       0x28 C:\Users\lester\AppData\Local\Temp\VMBuilds\CheetahDue\arduino_due_x\Debug/core.a(CDC.cpp.o)
                0x00082ed0                Serial_::operator bool()
 .text.startup._GLOBAL__sub_I_cdc_rx_buffer
                0x00082ef8       0x1c C:\Users\lester\AppData\Local\Temp\VMBuilds\CheetahDue\arduino_due_x\Debug/core.a(CDC.cpp.o)
 .text.unlikely._ZL11USB_SendZlpv
                0x00082f14       0x20 C:\Users\lester\AppData\Local\Temp\VMBuilds\CheetahDue\arduino_due_x\Debug/core.a(USBCore.cpp.o)
 .text._Z14USBD_Availablem
                0x00082f34       0x2c C:\Users\lester\AppData\Local\Temp\VMBuilds\CheetahDue\arduino_due_x\Debug/core.a(USBCore.cpp.o)
                0x00082f34                USBD_Available(unsigned long)
 .text._Z9USBD_RecvmPvm
                0x00082f60       0x7c C:\Users\lester\AppData\Local\Temp\VMBuilds\CheetahDue\arduino_due_x\Debug/core.a(USBCore.cpp.o)
                0x00082f60                USBD_Recv(unsigned long, void*, unsigned long)
 .text._Z9USBD_Recvm
                0x00082fdc       0x22 C:\Users\lester\AppData\Local\Temp\VMBuilds\CheetahDue\arduino_due_x\Debug/core.a(USBCore.cpp.o)
                0x00082fdc                USBD_Recv(unsigned long)
 *fill*         0x00082ffe        0x2 
 .text._Z9USBD_SendmPKvm
                0x00083000       0x4c C:\Users\lester\AppData\Local\Temp\VMBuilds\CheetahDue\arduino_due_x\Debug/core.a(USBCore.cpp.o)
                0x00083000                USBD_Send(unsigned long, void const*, unsigned long)
 .text._Z16USBD_SendControlhPKvm
                0x0008304c       0x40 C:\Users\lester\AppData\Local\Temp\VMBuilds\CheetahDue\arduino_due_x\Debug/core.a(USBCore.cpp.o)
                0x0008304c                USBD_SendControl(unsigned char, void const*, unsigned long)
 .text.unlikely._ZL24USB_SendStringDescriptorPKhi
                0x0008308c       0x64 C:\Users\lester\AppData\Local\Temp\VMBuilds\CheetahDue\arduino_due_x\Debug/core.a(USBCore.cpp.o)
 .text._Z16USBD_RecvControlPvm
                0x000830f0       0x1c C:\Users\lester\AppData\Local\Temp\VMBuilds\CheetahDue\arduino_due_x\Debug/core.a(USBCore.cpp.o)
                0x000830f0                USBD_RecvControl(void*, unsigned long)
 .text._Z26USBD_ClassInterfaceRequestR8USBSetup
                0x0008310c       0x1e C:\Users\lester\AppData\Local\Temp\VMBuilds\CheetahDue\arduino_due_x\Debug/core.a(USBCore.cpp.o)
                0x0008310c                USBD_ClassInterfaceRequest(USBSetup&)
 .text._Z19USBD_SendInterfacesv
                0x0008312a       0x22 C:\Users\lester\AppData\Local\Temp\VMBuilds\CheetahDue\arduino_due_x\Debug/core.a(USBCore.cpp.o)
                0x0008312a                USBD_SendInterfaces()
 .text._Z24USBD_SendOtherInterfacesv
                0x0008314c       0x22 C:\Users\lester\AppData\Local\Temp\VMBuilds\CheetahDue\arduino_due_x\Debug/core.a(USBCore.cpp.o)
                0x0008314c                USBD_SendOtherInterfaces()
 .text._Z10USBD_Flushm
                0x0008316e       0x16 C:\Users\lester\AppData\Local\Temp\VMBuilds\CheetahDue\arduino_due_x\Debug/core.a(USBCore.cpp.o)
                0x0008316e                USBD_Flush(unsigned long)
 .text._ZN10USBDevice_C2Ev
                0x00083184       0x24 C:\Users\lester\AppData\Local\Temp\VMBuilds\CheetahDue\arduino_due_x\Debug/core.a(USBCore.cpp.o)
                0x00083184                USBDevice_::USBDevice_()
                0x00083184                USBDevice_::USBDevice_()
 .text._ZN10USBDevice_6attachEv
                0x000831a8       0x20 C:\Users\lester\AppData\Local\Temp\VMBuilds\CheetahDue\arduino_due_x\Debug/core.a(USBCore.cpp.o)
                0x000831a8                USBDevice_::attach()
 .text.startup._GLOBAL__sub_I_EndPoints
                0x000831c8        0xc C:\Users\lester\AppData\Local\Temp\VMBuilds\CheetahDue\arduino_due_x\Debug/core.a(USBCore.cpp.o)
 .text._ZL7USB_ISRv
                0x000831d4      0x454 C:\Users\lester\AppData\Local\Temp\VMBuilds\CheetahDue\arduino_due_x\Debug/core.a(USBCore.cpp.o)
 .text._ZN13PluggableUSB_12getInterfaceEPh
                0x00083628       0x28 C:\Users\lester\AppData\Local\Temp\VMBuilds\CheetahDue\arduino_due_x\Debug/core.a(PluggableUSB.cpp.o)
                0x00083628                PluggableUSB_::getInterface(unsigned char*)
 .text._ZN13PluggableUSB_13getDescriptorER8USBSetup
                0x00083650       0x1c C:\Users\lester\AppData\Local\Temp\VMBuilds\CheetahDue\arduino_due_x\Debug/core.a(PluggableUSB.cpp.o)
                0x00083650                PluggableUSB_::getDescriptor(USBSetup&)
 .text._ZN13PluggableUSB_12getShortNameEPc
                0x0008366c       0x1c C:\Users\lester\AppData\Local\Temp\VMBuilds\CheetahDue\arduino_due_x\Debug/core.a(PluggableUSB.cpp.o)
                0x0008366c                PluggableUSB_::getShortName(char*)
 .text._ZN13PluggableUSB_5setupER8USBSetup
                0x00083688       0x20 C:\Users\lester\AppData\Local\Temp\VMBuilds\CheetahDue\arduino_due_x\Debug/core.a(PluggableUSB.cpp.o)
                0x00083688                PluggableUSB_::setup(USBSetup&)
 .text._Z12PluggableUSBv
                0x000836a8       0x28 C:\Users\lester\AppData\Local\Temp\VMBuilds\CheetahDue\arduino_due_x\Debug/core.a(PluggableUSB.cpp.o)
                0x000836a8                PluggableUSB()
 .text.TimeTick_Increment
                0x000836d0       0x10 C:\Users\lester\AppData\Local\arduino15\packages\arduino\hardware\sam\1.6.8\variants\arduino_due_x/libsam_sam3x8e_gcc_rel.a(timetick.o)
                0x000836d0                TimeTick_Increment
 .text.GetTickCount
                0x000836e0        0xc C:\Users\lester\AppData\Local\arduino15\packages\arduino\hardware\sam\1.6.8\variants\arduino_due_x/libsam_sam3x8e_gcc_rel.a(timetick.o)
                0x000836e0                GetTickCount
 .text.WDT_Disable
                0x000836ec        0x8 C:\Users\lester\AppData\Local\arduino15\packages\arduino\hardware\sam\1.6.8\variants\arduino_due_x/libsam_sam3x8e_gcc_rel.a(wdt.o)
                0x000836ec                WDT_Disable
 .text.UDD_SetStack
                0x000836f4        0xc C:\Users\lester\AppData\Local\arduino15\packages\arduino\hardware\sam\1.6.8\variants\arduino_due_x/libsam_sam3x8e_gcc_rel.a(uotghs_device.o)
                0x000836f4                UDD_SetStack
 .text.UDD_Init
                0x00083700       0xd0 C:\Users\lester\AppData\Local\arduino15\packages\arduino\hardware\sam\1.6.8\variants\arduino_due_x/libsam_sam3x8e_gcc_rel.a(uotghs_device.o)
                0x00083700                UDD_Init
 .text.UDD_Attach
                0x000837d0       0x50 C:\Users\lester\AppData\Local\arduino15\packages\arduino\hardware\sam\1.6.8\variants\arduino_due_x/libsam_sam3x8e_gcc_rel.a(uotghs_device.o)
                0x000837d0                UDD_Attach
 .text.UDD_InitEP
                0x00083820       0x2c C:\Users\lester\AppData\Local\arduino15\packages\arduino\hardware\sam\1.6.8\variants\arduino_due_x/libsam_sam3x8e_gcc_rel.a(uotghs_device.o)
                0x00083820                UDD_InitEP
 .text.UDD_InitEndpoints
                0x0008384c       0x3c C:\Users\lester\AppData\Local\arduino15\packages\arduino\hardware\sam\1.6.8\variants\arduino_due_x/libsam_sam3x8e_gcc_rel.a(uotghs_device.o)
                0x0008384c                UDD_InitEndpoints
 .text.UDD_WaitIN
                0x00083888       0x10 C:\Users\lester\AppData\Local\arduino15\packages\arduino\hardware\sam\1.6.8\variants\arduino_due_x/libsam_sam3x8e_gcc_rel.a(uotghs_device.o)
                0x00083888                UDD_WaitIN
 .text.UDD_WaitOUT
                0x00083898       0x10 C:\Users\lester\AppData\Local\arduino15\packages\arduino\hardware\sam\1.6.8\variants\arduino_due_x/libsam_sam3x8e_gcc_rel.a(uotghs_device.o)
                0x00083898                UDD_WaitOUT
 .text.UDD_ClearIN
                0x000838a8       0x18 C:\Users\lester\AppData\Local\arduino15\packages\arduino\hardware\sam\1.6.8\variants\arduino_due_x/libsam_sam3x8e_gcc_rel.a(uotghs_device.o)
                0x000838a8                UDD_ClearIN
 .text.UDD_ClearOUT
                0x000838c0       0x18 C:\Users\lester\AppData\Local\arduino15\packages\arduino\hardware\sam\1.6.8\variants\arduino_due_x/libsam_sam3x8e_gcc_rel.a(uotghs_device.o)
                0x000838c0                UDD_ClearOUT
 .text.UDD_ReceivedSetupInt
                0x000838d8       0x10 C:\Users\lester\AppData\Local\arduino15\packages\arduino\hardware\sam\1.6.8\variants\arduino_due_x/libsam_sam3x8e_gcc_rel.a(uotghs_device.o)
                0x000838d8                UDD_ReceivedSetupInt
 .text.UDD_ClearSetupInt
                0x000838e8       0x10 C:\Users\lester\AppData\Local\arduino15\packages\arduino\hardware\sam\1.6.8\variants\arduino_due_x/libsam_sam3x8e_gcc_rel.a(uotghs_device.o)
                0x000838e8                UDD_ClearSetupInt
 .text.UDD_Send
                0x000838f8       0x88 C:\Users\lester\AppData\Local\arduino15\packages\arduino\hardware\sam\1.6.8\variants\arduino_due_x/libsam_sam3x8e_gcc_rel.a(uotghs_device.o)
                0x000838f8                UDD_Send
 .text.UDD_Send8
                0x00083980       0x24 C:\Users\lester\AppData\Local\arduino15\packages\arduino\hardware\sam\1.6.8\variants\arduino_due_x/libsam_sam3x8e_gcc_rel.a(uotghs_device.o)
                0x00083980                UDD_Send8
 .text.UDD_Recv8
                0x000839a4       0x28 C:\Users\lester\AppData\Local\arduino15\packages\arduino\hardware\sam\1.6.8\variants\arduino_due_x/libsam_sam3x8e_gcc_rel.a(uotghs_device.o)
                0x000839a4                UDD_Recv8
 .text.UDD_Recv
                0x000839cc       0x34 C:\Users\lester\AppData\Local\arduino15\packages\arduino\hardware\sam\1.6.8\variants\arduino_due_x/libsam_sam3x8e_gcc_rel.a(uotghs_device.o)
                0x000839cc                UDD_Recv
 .text.UDD_Stall
                0x00083a00       0x14 C:\Users\lester\AppData\Local\arduino15\packages\arduino\hardware\sam\1.6.8\variants\arduino_due_x/libsam_sam3x8e_gcc_rel.a(uotghs_device.o)
                0x00083a00                UDD_Stall
 .text.UDD_FifoByteCount
                0x00083a14       0x14 C:\Users\lester\AppData\Local\arduino15\packages\arduino\hardware\sam\1.6.8\variants\arduino_due_x/libsam_sam3x8e_gcc_rel.a(uotghs_device.o)
                0x00083a14                UDD_FifoByteCount
 .text.UDD_ReleaseRX
                0x00083a28       0x28 C:\Users\lester\AppData\Local\arduino15\packages\arduino\hardware\sam\1.6.8\variants\arduino_due_x/libsam_sam3x8e_gcc_rel.a(uotghs_device.o)
                0x00083a28                UDD_ReleaseRX
 .text.UDD_ReleaseTX
                0x00083a50       0x28 C:\Users\lester\AppData\Local\arduino15\packages\arduino\hardware\sam\1.6.8\variants\arduino_due_x/libsam_sam3x8e_gcc_rel.a(uotghs_device.o)
                0x00083a50                UDD_ReleaseTX
 .text.UDD_SetAddress
                0x00083a78       0x20 C:\Users\lester\AppData\Local\arduino15\packages\arduino\hardware\sam\1.6.8\variants\arduino_due_x/libsam_sam3x8e_gcc_rel.a(uotghs_device.o)
                0x00083a78                UDD_SetAddress
 .text.__fpclassifyd
                0x00083a98       0x50 c:/users/lester/appdata/local/arduino15/packages/arduino/tools/arm-none-eabi-gcc/4.8.3-2014q1/bin/../lib/gcc/arm-none-eabi/4.8.3/../../../../arm-none-eabi/lib/armv7-m\libm.a(lib_a-s_fpclassify.o)
                0x00083a98                __fpclassifyd
 .text          0x00083ae8      0x370 c:/users/lester/appdata/local/arduino15/packages/arduino/tools/arm-none-eabi-gcc/4.8.3-2014q1/bin/../lib/gcc/arm-none-eabi/4.8.3/armv7-m\libgcc.a(_arm_addsubdf3.o)
                0x00083ae8                __aeabi_drsub
                0x00083af0                __aeabi_dsub
                0x00083af0                __subdf3
                0x00083af4                __aeabi_dadd
                0x00083af4                __adddf3
                0x00083d6c                __floatunsidf
                0x00083d6c                __aeabi_ui2d
                0x00083d8c                __floatsidf
                0x00083d8c                __aeabi_i2d
                0x00083db0                __aeabi_f2d
                0x00083db0                __extendsfdf2
                0x00083dec                __floatundidf
                0x00083dec                __aeabi_ul2d
                0x00083dfc                __floatdidf
                0x00083dfc                __aeabi_l2d
 .text          0x00083e58      0x424 c:/users/lester/appdata/local/arduino15/packages/arduino/tools/arm-none-eabi-gcc/4.8.3-2014q1/bin/../lib/gcc/arm-none-eabi/4.8.3/armv7-m\libgcc.a(_arm_muldivdf3.o)
                0x00083e58                __aeabi_dmul
                0x00083e58                __muldf3
                0x000840ac                __divdf3
                0x000840ac                __aeabi_ddiv
 .text          0x0008427c      0x110 c:/users/lester/appdata/local/arduino15/packages/arduino/tools/arm-none-eabi-gcc/4.8.3-2014q1/bin/../lib/gcc/arm-none-eabi/4.8.3/armv7-m\libgcc.a(_arm_cmpdf2.o)
                0x0008427c                __gtdf2
                0x0008427c                __gedf2
                0x00084284                __ltdf2
                0x00084284                __ledf2
                0x0008428c                __nedf2
                0x0008428c                __eqdf2
                0x0008428c                __cmpdf2
                0x00084308                __aeabi_cdrcmple
                0x00084318                __aeabi_cdcmpeq
                0x00084318                __aeabi_cdcmple
                0x00084328                __aeabi_dcmpeq
                0x0008433c                __aeabi_dcmplt
                0x00084350                __aeabi_dcmple
                0x00084364                __aeabi_dcmpge
                0x00084378                __aeabi_dcmpgt
 .text          0x0008438c       0x50 c:/users/lester/appdata/local/arduino15/packages/arduino/tools/arm-none-eabi-gcc/4.8.3-2014q1/bin/../lib/gcc/arm-none-eabi/4.8.3/armv7-m\libgcc.a(_arm_fixdfsi.o)
                0x0008438c                __aeabi_d2iz
                0x0008438c                __fixdfsi
 .text          0x000843dc      0x21c c:/users/lester/appdata/local/arduino15/packages/arduino/tools/arm-none-eabi-gcc/4.8.3-2014q1/bin/../lib/gcc/arm-none-eabi/4.8.3/armv7-m\libgcc.a(_arm_addsubsf3.o)
                0x000843dc                __aeabi_frsub
                0x000843e4                __subsf3
                0x000843e4                __aeabi_fsub
                0x000843e8                __aeabi_fadd
                0x000843e8                __addsf3
                0x00084548                __aeabi_ui2f
                0x00084548                __floatunsisf
                0x00084550                __aeabi_i2f
                0x00084550                __floatsisf
                0x0008456c                __aeabi_ul2f
                0x0008456c                __floatundisf
                0x0008457c                __aeabi_l2f
                0x0008457c                __floatdisf
 .text          0x000845f8      0x2a0 c:/users/lester/appdata/local/arduino15/packages/arduino/tools/arm-none-eabi-gcc/4.8.3-2014q1/bin/../lib/gcc/arm-none-eabi/4.8.3/armv7-m\libgcc.a(_arm_muldivsf3.o)
                0x000845f8                __mulsf3
                0x000845f8                __aeabi_fmul
                0x00084760                __aeabi_fdiv
                0x00084760                __divsf3
 .text.__libc_init_array
                0x00084898       0x50 c:/users/lester/appdata/local/arduino15/packages/arduino/tools/arm-none-eabi-gcc/4.8.3-2014q1/bin/../lib/gcc/arm-none-eabi/4.8.3/../../../../arm-none-eabi/lib/armv7-m\libg.a(lib_a-init.o)
                0x00084898                __libc_init_array
 .text.iprintf  0x000848e8       0x28 c:/users/lester/appdata/local/arduino15/packages/arduino/tools/arm-none-eabi-gcc/4.8.3-2014q1/bin/../lib/gcc/arm-none-eabi/4.8.3/../../../../arm-none-eabi/lib/armv7-m\libg.a(lib_a-iprintf.o)
                0x000848e8                iprintf
 .text.malloc   0x00084910       0x10 c:/users/lester/appdata/local/arduino15/packages/arduino/tools/arm-none-eabi-gcc/4.8.3-2014q1/bin/../lib/gcc/arm-none-eabi/4.8.3/../../../../arm-none-eabi/lib/armv7-m\libg.a(lib_a-malloc.o)
                0x00084910                malloc
 .text._malloc_r
                0x00084920      0x538 c:/users/lester/appdata/local/arduino15/packages/arduino/tools/arm-none-eabi-gcc/4.8.3-2014q1/bin/../lib/gcc/arm-none-eabi/4.8.3/../../../../arm-none-eabi/lib/armv7-m\libg.a(lib_a-mallocr.o)
                0x00084920                _malloc_r
 .text.memset   0x00084e58       0x94 c:/users/lester/appdata/local/arduino15/packages/arduino/tools/arm-none-eabi-gcc/4.8.3-2014q1/bin/../lib/gcc/arm-none-eabi/4.8.3/../../../../arm-none-eabi/lib/armv7-m\libg.a(lib_a-memset.o)
                0x00084e58                memset
 .text.__malloc_lock
                0x00084eec        0x4 c:/users/lester/appdata/local/arduino15/packages/arduino/tools/arm-none-eabi-gcc/4.8.3-2014q1/bin/../lib/gcc/arm-none-eabi/4.8.3/../../../../arm-none-eabi/lib/armv7-m\libg.a(lib_a-mlock.o)
                0x00084eec                __malloc_lock
 .text.__malloc_unlock
                0x00084ef0        0x4 c:/users/lester/appdata/local/arduino15/packages/arduino/tools/arm-none-eabi-gcc/4.8.3-2014q1/bin/../lib/gcc/arm-none-eabi/4.8.3/../../../../arm-none-eabi/lib/armv7-m\libg.a(lib_a-mlock.o)
                0x00084ef0                __malloc_unlock
 .text._sbrk_r  0x00084ef4       0x24 c:/users/lester/appdata/local/arduino15/packages/arduino/tools/arm-none-eabi-gcc/4.8.3-2014q1/bin/../lib/gcc/arm-none-eabi/4.8.3/../../../../arm-none-eabi/lib/armv7-m\libg.a(lib_a-sbrkr.o)
                0x00084ef4                _sbrk_r
 .text.sprintf  0x00084f18       0x4c c:/users/lester/appdata/local/arduino15/packages/arduino/tools/arm-none-eabi-gcc/4.8.3-2014q1/bin/../lib/gcc/arm-none-eabi/4.8.3/../../../../arm-none-eabi/lib/armv7-m\libg.a(lib_a-sprintf.o)
                0x00084f18                sprintf
 .text.strcat   0x00084f64       0x4c c:/users/lester/appdata/local/arduino15/packages/arduino/tools/arm-none-eabi-gcc/4.8.3-2014q1/bin/../lib/gcc/arm-none-eabi/4.8.3/../../../../arm-none-eabi/lib/armv7-m\libg.a(lib_a-strcat.o)
                0x00084f64                strcat
 .text.strcpy   0x00084fb0       0xbc c:/users/lester/appdata/local/arduino15/packages/arduino/tools/arm-none-eabi-gcc/4.8.3-2014q1/bin/../lib/gcc/arm-none-eabi/4.8.3/../../../../arm-none-eabi/lib/armv7-m\libg.a(lib_a-strcpy.o)
                0x00084fb0                strcpy
 .text.strlen   0x0008506c       0x60 c:/users/lester/appdata/local/arduino15/packages/arduino/tools/arm-none-eabi-gcc/4.8.3-2014q1/bin/../lib/gcc/arm-none-eabi/4.8.3/../../../../arm-none-eabi/lib/armv7-m\libg.a(lib_a-strlen.o)
                0x0008506c                strlen
 .text._svfprintf_r
                0x000850cc     0x14e0 c:/users/lester/appdata/local/arduino15/packages/arduino/tools/arm-none-eabi-gcc/4.8.3-2014q1/bin/../lib/gcc/arm-none-eabi/4.8.3/../../../../arm-none-eabi/lib/armv7-m\libg.a(lib_a-svfprintf.o)
                0x000850cc                _svfprintf_r
 .text.kill     0x000865ac       0x10 c:/users/lester/appdata/local/arduino15/packages/arduino/tools/arm-none-eabi-gcc/4.8.3-2014q1/bin/../lib/gcc/arm-none-eabi/4.8.3/../../../../arm-none-eabi/lib/armv7-m\libg.a(lib_a-syskill.o)
                0x000865ac                kill
 .text.sbrk     0x000865bc       0x10 c:/users/lester/appdata/local/arduino15/packages/arduino/tools/arm-none-eabi-gcc/4.8.3-2014q1/bin/../lib/gcc/arm-none-eabi/4.8.3/../../../../arm-none-eabi/lib/armv7-m\libg.a(lib_a-syssbrk.o)
                0x000865bc                sbrk
 .text.__sprint_r.part.0
                0x000865cc       0x78 c:/users/lester/appdata/local/arduino15/packages/arduino/tools/arm-none-eabi-gcc/4.8.3-2014q1/bin/../lib/gcc/arm-none-eabi/4.8.3/../../../../arm-none-eabi/lib/armv7-m\libg.a(lib_a-vfiprintf.o)
 .text._vfiprintf_r
                0x00086644      0xc54 c:/users/lester/appdata/local/arduino15/packages/arduino/tools/arm-none-eabi-gcc/4.8.3-2014q1/bin/../lib/gcc/arm-none-eabi/4.8.3/../../../../arm-none-eabi/lib/armv7-m\libg.a(lib_a-vfiprintf.o)
                0x00086644                _vfiprintf_r
 .text.__sbprintf
                0x00087298       0x7c c:/users/lester/appdata/local/arduino15/packages/arduino/tools/arm-none-eabi-gcc/4.8.3-2014q1/bin/../lib/gcc/arm-none-eabi/4.8.3/../../../../arm-none-eabi/lib/armv7-m\libg.a(lib_a-vfiprintf.o)
 .text.__swsetup_r
                0x00087314       0xc4 c:/users/lester/appdata/local/arduino15/packages/arduino/tools/arm-none-eabi-gcc/4.8.3-2014q1/bin/../lib/gcc/arm-none-eabi/4.8.3/../../../../arm-none-eabi/lib/armv7-m\libg.a(lib_a-wsetup.o)
                0x00087314                __swsetup_r
 .text.startup.register_fini
                0x000873d8       0x14 c:/users/lester/appdata/local/arduino15/packages/arduino/tools/arm-none-eabi-gcc/4.8.3-2014q1/bin/../lib/gcc/arm-none-eabi/4.8.3/../../../../arm-none-eabi/lib/armv7-m\libg.a(lib_a-__call_atexit.o)
 .text.atexit   0x000873ec        0xc c:/users/lester/appdata/local/arduino15/packages/arduino/tools/arm-none-eabi-gcc/4.8.3-2014q1/bin/../lib/gcc/arm-none-eabi/4.8.3/../../../../arm-none-eabi/lib/armv7-m\libg.a(lib_a-atexit.o)
                0x000873ec                atexit
 .text.quorem   0x000873f8      0x134 c:/users/lester/appdata/local/arduino15/packages/arduino/tools/arm-none-eabi-gcc/4.8.3-2014q1/bin/../lib/gcc/arm-none-eabi/4.8.3/../../../../arm-none-eabi/lib/armv7-m\libg.a(lib_a-dtoa.o)
 *fill*         0x0008752c        0x4 
 .text._dtoa_r  0x00087530      0xe38 c:/users/lester/appdata/local/arduino15/packages/arduino/tools/arm-none-eabi-gcc/4.8.3-2014q1/bin/../lib/gcc/arm-none-eabi/4.8.3/../../../../arm-none-eabi/lib/armv7-m\libg.a(lib_a-dtoa.o)
                0x00087530                _dtoa_r
 .text.__sflush_r
                0x00088368      0x148 c:/users/lester/appdata/local/arduino15/packages/arduino/tools/arm-none-eabi-gcc/4.8.3-2014q1/bin/../lib/gcc/arm-none-eabi/4.8.3/../../../../arm-none-eabi/lib/armv7-m\libg.a(lib_a-fflush.o)
                0x00088368                __sflush_r
 .text._fflush_r
                0x000884b0       0x2c c:/users/lester/appdata/local/arduino15/packages/arduino/tools/arm-none-eabi-gcc/4.8.3-2014q1/bin/../lib/gcc/arm-none-eabi/4.8.3/../../../../arm-none-eabi/lib/armv7-m\libg.a(lib_a-fflush.o)
                0x000884b0                _fflush_r
 .text._cleanup_r
                0x000884dc        0xc c:/users/lester/appdata/local/arduino15/packages/arduino/tools/arm-none-eabi-gcc/4.8.3-2014q1/bin/../lib/gcc/arm-none-eabi/4.8.3/../../../../arm-none-eabi/lib/armv7-m\libg.a(lib_a-findfp.o)
                0x000884dc                _cleanup_r
 .text.__sinit  0x000884e8       0xf4 c:/users/lester/appdata/local/arduino15/packages/arduino/tools/arm-none-eabi-gcc/4.8.3-2014q1/bin/../lib/gcc/arm-none-eabi/4.8.3/../../../../arm-none-eabi/lib/armv7-m\libg.a(lib_a-findfp.o)
                0x000884e8                __sinit
 .text.__sfp_lock_acquire
                0x000885dc        0x4 c:/users/lester/appdata/local/arduino15/packages/arduino/tools/arm-none-eabi-gcc/4.8.3-2014q1/bin/../lib/gcc/arm-none-eabi/4.8.3/../../../../arm-none-eabi/lib/armv7-m\libg.a(lib_a-findfp.o)
                0x000885dc                __sfp_lock_acquire
 .text.__sfp_lock_release
                0x000885e0        0x4 c:/users/lester/appdata/local/arduino15/packages/arduino/tools/arm-none-eabi-gcc/4.8.3-2014q1/bin/../lib/gcc/arm-none-eabi/4.8.3/../../../../arm-none-eabi/lib/armv7-m\libg.a(lib_a-findfp.o)
                0x000885e0                __sfp_lock_release
 .text.__libc_fini_array
                0x000885e4       0x30 c:/users/lester/appdata/local/arduino15/packages/arduino/tools/arm-none-eabi-gcc/4.8.3-2014q1/bin/../lib/gcc/arm-none-eabi/4.8.3/../../../../arm-none-eabi/lib/armv7-m\libg.a(lib_a-fini.o)
                0x000885e4                __libc_fini_array
 .text._fputwc_r
                0x00088614       0xc0 c:/users/lester/appdata/local/arduino15/packages/arduino/tools/arm-none-eabi-gcc/4.8.3-2014q1/bin/../lib/gcc/arm-none-eabi/4.8.3/../../../../arm-none-eabi/lib/armv7-m\libg.a(lib_a-fputwc.o)
                0x00088614                _fputwc_r
 .text._malloc_trim_r
                0x000886d4       0x9c c:/users/lester/appdata/local/arduino15/packages/arduino/tools/arm-none-eabi-gcc/4.8.3-2014q1/bin/../lib/gcc/arm-none-eabi/4.8.3/../../../../arm-none-eabi/lib/armv7-m\libg.a(lib_a-freer.o)
                0x000886d4                _malloc_trim_r
 .text._free_r  0x00088770      0x198 c:/users/lester/appdata/local/arduino15/packages/arduino/tools/arm-none-eabi-gcc/4.8.3-2014q1/bin/../lib/gcc/arm-none-eabi/4.8.3/../../../../arm-none-eabi/lib/armv7-m\libg.a(lib_a-freer.o)
                0x00088770                _free_r
 .text.__sfvwrite_r
                0x00088908      0x314 c:/users/lester/appdata/local/arduino15/packages/arduino/tools/arm-none-eabi-gcc/4.8.3-2014q1/bin/../lib/gcc/arm-none-eabi/4.8.3/../../../../arm-none-eabi/lib/armv7-m\libg.a(lib_a-fvwrite.o)
                0x00088908                __sfvwrite_r
 .text._fwalk   0x00088c1c       0x48 c:/users/lester/appdata/local/arduino15/packages/arduino/tools/arm-none-eabi-gcc/4.8.3-2014q1/bin/../lib/gcc/arm-none-eabi/4.8.3/../../../../arm-none-eabi/lib/armv7-m\libg.a(lib_a-fwalk.o)
                0x00088c1c                _fwalk
 .text.__locale_charset
                0x00088c64        0x8 c:/users/lester/appdata/local/arduino15/packages/arduino/tools/arm-none-eabi-gcc/4.8.3-2014q1/bin/../lib/gcc/arm-none-eabi/4.8.3/../../../../arm-none-eabi/lib/armv7-m\libg.a(lib_a-locale.o)
                0x00088c64                __locale_charset
 .text.__locale_mb_cur_max
                0x00088c6c        0xc c:/users/lester/appdata/local/arduino15/packages/arduino/tools/arm-none-eabi-gcc/4.8.3-2014q1/bin/../lib/gcc/arm-none-eabi/4.8.3/../../../../arm-none-eabi/lib/armv7-m\libg.a(lib_a-locale.o)
                0x00088c6c                __locale_mb_cur_max
 .text._localeconv_r
                0x00088c78        0x8 c:/users/lester/appdata/local/arduino15/packages/arduino/tools/arm-none-eabi-gcc/4.8.3-2014q1/bin/../lib/gcc/arm-none-eabi/4.8.3/../../../../arm-none-eabi/lib/armv7-m\libg.a(lib_a-locale.o)
                0x00088c78                _localeconv_r
 .text.__smakebuf_r
                0x00088c80       0xe0 c:/users/lester/appdata/local/arduino15/packages/arduino/tools/arm-none-eabi-gcc/4.8.3-2014q1/bin/../lib/gcc/arm-none-eabi/4.8.3/../../../../arm-none-eabi/lib/armv7-m\libg.a(lib_a-makebuf.o)
                0x00088c80                __smakebuf_r
 .text.memchr   0x00088d60       0x94 c:/users/lester/appdata/local/arduino15/packages/arduino/tools/arm-none-eabi-gcc/4.8.3-2014q1/bin/../lib/gcc/arm-none-eabi/4.8.3/../../../../arm-none-eabi/lib/armv7-m\libg.a(lib_a-memchr-stub.o)
                0x00088d60                memchr
 .text          0x00088df4       0xec c:/users/lester/appdata/local/arduino15/packages/arduino/tools/arm-none-eabi-gcc/4.8.3-2014q1/bin/../lib/gcc/arm-none-eabi/4.8.3/../../../../arm-none-eabi/lib/armv7-m\libg.a(lib_a-memcpy.o)
                0x00088df4                memcpy
 .text.memmove  0x00088ee0       0xcc c:/users/lester/appdata/local/arduino15/packages/arduino/tools/arm-none-eabi-gcc/4.8.3-2014q1/bin/../lib/gcc/arm-none-eabi/4.8.3/../../../../arm-none-eabi/lib/armv7-m\libg.a(lib_a-memmove.o)
                0x00088ee0                memmove
 .text._Balloc  0x00088fac       0x4c c:/users/lester/appdata/local/arduino15/packages/arduino/tools/arm-none-eabi-gcc/4.8.3-2014q1/bin/../lib/gcc/arm-none-eabi/4.8.3/../../../../arm-none-eabi/lib/armv7-m\libg.a(lib_a-mprec.o)
                0x00088fac                _Balloc
 .text._Bfree   0x00088ff8       0x14 c:/users/lester/appdata/local/arduino15/packages/arduino/tools/arm-none-eabi-gcc/4.8.3-2014q1/bin/../lib/gcc/arm-none-eabi/4.8.3/../../../../arm-none-eabi/lib/armv7-m\libg.a(lib_a-mprec.o)
                0x00088ff8                _Bfree
 .text.__multadd
                0x0008900c       0x94 c:/users/lester/appdata/local/arduino15/packages/arduino/tools/arm-none-eabi-gcc/4.8.3-2014q1/bin/../lib/gcc/arm-none-eabi/4.8.3/../../../../arm-none-eabi/lib/armv7-m\libg.a(lib_a-mprec.o)
                0x0008900c                __multadd
 .text.__hi0bits
                0x000890a0       0x40 c:/users/lester/appdata/local/arduino15/packages/arduino/tools/arm-none-eabi-gcc/4.8.3-2014q1/bin/../lib/gcc/arm-none-eabi/4.8.3/../../../../arm-none-eabi/lib/armv7-m\libg.a(lib_a-mprec.o)
                0x000890a0                __hi0bits
 .text.__lo0bits
                0x000890e0       0x5c c:/users/lester/appdata/local/arduino15/packages/arduino/tools/arm-none-eabi-gcc/4.8.3-2014q1/bin/../lib/gcc/arm-none-eabi/4.8.3/../../../../arm-none-eabi/lib/armv7-m\libg.a(lib_a-mprec.o)
                0x000890e0                __lo0bits
 .text.__i2b    0x0008913c       0x14 c:/users/lester/appdata/local/arduino15/packages/arduino/tools/arm-none-eabi-gcc/4.8.3-2014q1/bin/../lib/gcc/arm-none-eabi/4.8.3/../../../../arm-none-eabi/lib/armv7-m\libg.a(lib_a-mprec.o)
                0x0008913c                __i2b
 .text.__multiply
                0x00089150      0x13c c:/users/lester/appdata/local/arduino15/packages/arduino/tools/arm-none-eabi-gcc/4.8.3-2014q1/bin/../lib/gcc/arm-none-eabi/4.8.3/../../../../arm-none-eabi/lib/armv7-m\libg.a(lib_a-mprec.o)
                0x00089150                __multiply
 .text.__pow5mult
                0x0008928c       0x9c c:/users/lester/appdata/local/arduino15/packages/arduino/tools/arm-none-eabi-gcc/4.8.3-2014q1/bin/../lib/gcc/arm-none-eabi/4.8.3/../../../../arm-none-eabi/lib/armv7-m\libg.a(lib_a-mprec.o)
                0x0008928c                __pow5mult
 .text.__lshift
                0x00089328       0xbc c:/users/lester/appdata/local/arduino15/packages/arduino/tools/arm-none-eabi-gcc/4.8.3-2014q1/bin/../lib/gcc/arm-none-eabi/4.8.3/../../../../arm-none-eabi/lib/armv7-m\libg.a(lib_a-mprec.o)
                0x00089328                __lshift
 .text.__mcmp   0x000893e4       0x48 c:/users/lester/appdata/local/arduino15/packages/arduino/tools/arm-none-eabi-gcc/4.8.3-2014q1/bin/../lib/gcc/arm-none-eabi/4.8.3/../../../../arm-none-eabi/lib/armv7-m\libg.a(lib_a-mprec.o)
                0x000893e4                __mcmp
 .text.__mdiff  0x0008942c       0xd8 c:/users/lester/appdata/local/arduino15/packages/arduino/tools/arm-none-eabi-gcc/4.8.3-2014q1/bin/../lib/gcc/arm-none-eabi/4.8.3/../../../../arm-none-eabi/lib/armv7-m\libg.a(lib_a-mprec.o)
                0x0008942c                __mdiff
 .text.__d2b    0x00089504       0xbc c:/users/lester/appdata/local/arduino15/packages/arduino/tools/arm-none-eabi-gcc/4.8.3-2014q1/bin/../lib/gcc/arm-none-eabi/4.8.3/../../../../arm-none-eabi/lib/armv7-m\libg.a(lib_a-mprec.o)
                0x00089504                __d2b
 .text._realloc_r
                0x000895c0      0x3c0 c:/users/lester/appdata/local/arduino15/packages/arduino/tools/arm-none-eabi-gcc/4.8.3-2014q1/bin/../lib/gcc/arm-none-eabi/4.8.3/../../../../arm-none-eabi/lib/armv7-m\libg.a(lib_a-reallocr.o)
                0x000895c0                _realloc_r
 .text._kill_r  0x00089980       0x28 c:/users/lester/appdata/local/arduino15/packages/arduino/tools/arm-none-eabi-gcc/4.8.3-2014q1/bin/../lib/gcc/arm-none-eabi/4.8.3/../../../../arm-none-eabi/lib/armv7-m\libg.a(lib_a-signalr.o)
                0x00089980                _kill_r
 .text.__sread  0x000899a8       0x24 c:/users/lester/appdata/local/arduino15/packages/arduino/tools/arm-none-eabi-gcc/4.8.3-2014q1/bin/../lib/gcc/arm-none-eabi/4.8.3/../../../../arm-none-eabi/lib/armv7-m\libg.a(lib_a-stdio.o)
                0x000899a8                __sread
 .text.__swrite
                0x000899cc       0x38 c:/users/lester/appdata/local/arduino15/packages/arduino/tools/arm-none-eabi-gcc/4.8.3-2014q1/bin/../lib/gcc/arm-none-eabi/4.8.3/../../../../arm-none-eabi/lib/armv7-m\libg.a(lib_a-stdio.o)
                0x000899cc                __swrite
 .text.__sseek  0x00089a04       0x20 c:/users/lester/appdata/local/arduino15/packages/arduino/tools/arm-none-eabi-gcc/4.8.3-2014q1/bin/../lib/gcc/arm-none-eabi/4.8.3/../../../../arm-none-eabi/lib/armv7-m\libg.a(lib_a-stdio.o)
                0x00089a04                __sseek
 .text.__sclose
                0x00089a24        0x8 c:/users/lester/appdata/local/arduino15/packages/arduino/tools/arm-none-eabi-gcc/4.8.3-2014q1/bin/../lib/gcc/arm-none-eabi/4.8.3/../../../../arm-none-eabi/lib/armv7-m\libg.a(lib_a-stdio.o)
                0x00089a24                __sclose
 .text.__ssprint_r
                0x00089a2c      0x100 c:/users/lester/appdata/local/arduino15/packages/arduino/tools/arm-none-eabi-gcc/4.8.3-2014q1/bin/../lib/gcc/arm-none-eabi/4.8.3/../../../../arm-none-eabi/lib/armv7-m\libg.a(lib_a-svfiprintf.o)
                0x00089a2c                __ssprint_r
 .text.__swbuf_r
                0x00089b2c       0xa8 c:/users/lester/appdata/local/arduino15/packages/arduino/tools/arm-none-eabi-gcc/4.8.3-2014q1/bin/../lib/gcc/arm-none-eabi/4.8.3/../../../../arm-none-eabi/lib/armv7-m\libg.a(lib_a-wbuf.o)
                0x00089b2c                __swbuf_r
 .text._wcrtomb_r
                0x00089bd4       0x50 c:/users/lester/appdata/local/arduino15/packages/arduino/tools/arm-none-eabi-gcc/4.8.3-2014q1/bin/../lib/gcc/arm-none-eabi/4.8.3/../../../../arm-none-eabi/lib/armv7-m\libg.a(lib_a-wcrtomb.o)
                0x00089bd4                _wcrtomb_r
 .text.__ascii_wctomb
                0x00089c24       0x1c c:/users/lester/appdata/local/arduino15/packages/arduino/tools/arm-none-eabi-gcc/4.8.3-2014q1/bin/../lib/gcc/arm-none-eabi/4.8.3/../../../../arm-none-eabi/lib/armv7-m\libg.a(lib_a-wctomb_r.o)
                0x00089c24                __ascii_wctomb
 .text._write_r
                0x00089c40       0x28 c:/users/lester/appdata/local/arduino15/packages/arduino/tools/arm-none-eabi-gcc/4.8.3-2014q1/bin/../lib/gcc/arm-none-eabi/4.8.3/../../../../arm-none-eabi/lib/armv7-m\libg.a(lib_a-writer.o)
                0x00089c40                _write_r
 .text.__register_exitproc
                0x00089c68       0xa8 c:/users/lester/appdata/local/arduino15/packages/arduino/tools/arm-none-eabi-gcc/4.8.3-2014q1/bin/../lib/gcc/arm-none-eabi/4.8.3/../../../../arm-none-eabi/lib/armv7-m\libg.a(lib_a-__atexit.o)
                0x00089c68                __register_exitproc
 .text._calloc_r
                0x00089d10       0x60 c:/users/lester/appdata/local/arduino15/packages/arduino/tools/arm-none-eabi-gcc/4.8.3-2014q1/bin/../lib/gcc/arm-none-eabi/4.8.3/../../../../arm-none-eabi/lib/armv7-m\libg.a(lib_a-callocr.o)
                0x00089d10                _calloc_r
 .text._close_r
                0x00089d70       0x24 c:/users/lester/appdata/local/arduino15/packages/arduino/tools/arm-none-eabi-gcc/4.8.3-2014q1/bin/../lib/gcc/arm-none-eabi/4.8.3/../../../../arm-none-eabi/lib/armv7-m\libg.a(lib_a-closer.o)
                0x00089d70                _close_r
 .text._fclose_r
                0x00089d94       0x80 c:/users/lester/appdata/local/arduino15/packages/arduino/tools/arm-none-eabi-gcc/4.8.3-2014q1/bin/../lib/gcc/arm-none-eabi/4.8.3/../../../../arm-none-eabi/lib/armv7-m\libg.a(lib_a-fclose.o)
                0x00089d94                _fclose_r
 .text.fclose   0x00089e14       0x10 c:/users/lester/appdata/local/arduino15/packages/arduino/tools/arm-none-eabi-gcc/4.8.3-2014q1/bin/../lib/gcc/arm-none-eabi/4.8.3/../../../../arm-none-eabi/lib/armv7-m\libg.a(lib_a-fclose.o)
                0x00089e14                fclose
 .text._fstat_r
                0x00089e24       0x28 c:/users/lester/appdata/local/arduino15/packages/arduino/tools/arm-none-eabi-gcc/4.8.3-2014q1/bin/../lib/gcc/arm-none-eabi/4.8.3/../../../../arm-none-eabi/lib/armv7-m\libg.a(lib_a-fstatr.o)
                0x00089e24                _fstat_r
 .text._isatty_r
                0x00089e4c       0x24 c:/users/lester/appdata/local/arduino15/packages/arduino/tools/arm-none-eabi-gcc/4.8.3-2014q1/bin/../lib/gcc/arm-none-eabi/4.8.3/../../../../arm-none-eabi/lib/armv7-m\libg.a(lib_a-isattyr.o)
                0x00089e4c                _isatty_r
 .text._lseek_r
                0x00089e70       0x28 c:/users/lester/appdata/local/arduino15/packages/arduino/tools/arm-none-eabi-gcc/4.8.3-2014q1/bin/../lib/gcc/arm-none-eabi/4.8.3/../../../../arm-none-eabi/lib/armv7-m\libg.a(lib_a-lseekr.o)
                0x00089e70                _lseek_r
 .text._read_r  0x00089e98       0x28 c:/users/lester/appdata/local/arduino15/packages/arduino/tools/arm-none-eabi-gcc/4.8.3-2014q1/bin/../lib/gcc/arm-none-eabi/4.8.3/../../../../arm-none-eabi/lib/armv7-m\libg.a(lib_a-readr.o)
                0x00089e98                _read_r
 .text          0x00089ec0       0x2c c:/users/lester/appdata/local/arduino15/packages/arduino/tools/arm-none-eabi-gcc/4.8.3-2014q1/bin/../lib/gcc/arm-none-eabi/4.8.3/armv7-m\libgcc.a(_aeabi_uldivmod.o)
                0x00089ec0                __aeabi_uldivmod
 .text          0x00089eec       0x60 c:/users/lester/appdata/local/arduino15/packages/arduino/tools/arm-none-eabi-gcc/4.8.3-2014q1/bin/../lib/gcc/arm-none-eabi/4.8.3/armv7-m\libgcc.a(bpabi.o)
                0x00089eec                __gnu_ldivmod_helper
                0x00089f1c                __gnu_uldivmod_helper
 .text          0x00089f4c        0x4 c:/users/lester/appdata/local/arduino15/packages/arduino/tools/arm-none-eabi-gcc/4.8.3-2014q1/bin/../lib/gcc/arm-none-eabi/4.8.3/armv7-m\libgcc.a(_dvmd_tls.o)
                0x00089f4c                __aeabi_idiv0
                0x00089f4c                __aeabi_ldiv0
 .text          0x00089f50      0x2a0 c:/users/lester/appdata/local/arduino15/packages/arduino/tools/arm-none-eabi-gcc/4.8.3-2014q1/bin/../lib/gcc/arm-none-eabi/4.8.3/armv7-m\libgcc.a(_divdi3.o)
                0x00089f50                __divdi3
 .text          0x0008a1f0      0x290 c:/users/lester/appdata/local/arduino15/packages/arduino/tools/arm-none-eabi-gcc/4.8.3-2014q1/bin/../lib/gcc/arm-none-eabi/4.8.3/armv7-m\libgcc.a(_udivdi3.o)
                0x0008a1f0                __udivdi3
 *(.glue_7t)
 .glue_7t       0x00000000        0x0 linker stubs
 *(.glue_7)
 .glue_7        0x00000000        0x0 linker stubs
 *(.rodata .rodata* .gnu.linkonce.r.*)
 .rodata.str1.1
                0x0008a480      0x9ed C:\Users\lester\AppData\Local\Temp\VMBuilds\CheetahDue\arduino_due_x\Debug\CheetahDue.cpp.o
                                0x9ef (size before relaxing)
 .rodata.str1.1
                0x0008ae6d       0x6a C:\Users\lester\AppData\Local\Temp\VMBuilds\CheetahDue\arduino_due_x\Debug\VM_DBG\VM_DBG.cpp.o
                                 0x6c (size before relaxing)
 *fill*         0x0008aed7        0x1 
 .rodata.g_APinDescription
                0x0008aed8      0xa2c C:\Users\lester\AppData\Local\Temp\VMBuilds\CheetahDue\arduino_due_x\Debug\variant\variant.cpp.o
                0x0008aed8                g_APinDescription
 .rodata        0x0008b904       0x40 C:\Users\lester\AppData\Local\arduino15\packages\arduino\hardware\sam\1.6.8\variants\arduino_due_x/libsam_sam3x8e_gcc_rel.a(adc.o)
 .rodata.str1.1
                0x0008b944       0x19 C:\Users\lester\AppData\Local\Temp\VMBuilds\CheetahDue\arduino_due_x\Debug/core.a(syscalls_sam3.c.o)
 .rodata.str1.1
                0x0008b95d        0xc C:\Users\lester\AppData\Local\Temp\VMBuilds\CheetahDue\arduino_due_x\Debug/core.a(Print.cpp.o)
                                 0x11 (size before relaxing)
 *fill*         0x0008b969        0x7 
 .rodata._ZTV9UARTClass
                0x0008b970       0x30 C:\Users\lester\AppData\Local\Temp\VMBuilds\CheetahDue\arduino_due_x\Debug/core.a(UARTClass.cpp.o)
                0x0008b970                vtable for UARTClass
 .rodata._ZTV10USARTClass
                0x0008b9a0       0x30 C:\Users\lester\AppData\Local\Temp\VMBuilds\CheetahDue\arduino_due_x\Debug/core.a(USARTClass.cpp.o)
                0x0008b9a0                vtable for USARTClass
 .rodata._ZTV7Serial_
                0x0008b9d0       0x28 C:\Users\lester\AppData\Local\Temp\VMBuilds\CheetahDue\arduino_due_x\Debug/core.a(CDC.cpp.o)
                0x0008b9d0                vtable for Serial_
 .rodata._ZL18_cdcOtherInterface
                0x0008b9f8       0x42 C:\Users\lester\AppData\Local\Temp\VMBuilds\CheetahDue\arduino_due_x\Debug/core.a(CDC.cpp.o)
 .rodata._ZL13_cdcInterface
                0x0008ba3a       0x42 C:\Users\lester\AppData\Local\Temp\VMBuilds\CheetahDue\arduino_due_x\Debug/core.a(CDC.cpp.o)
 .rodata.STRING_PRODUCT
                0x0008ba7c        0xc C:\Users\lester\AppData\Local\Temp\VMBuilds\CheetahDue\arduino_due_x\Debug/core.a(USBCore.cpp.o)
                0x0008ba7c                STRING_PRODUCT
 .rodata.USB_DeviceDescriptor
                0x0008ba88       0x12 C:\Users\lester\AppData\Local\Temp\VMBuilds\CheetahDue\arduino_due_x\Debug/core.a(USBCore.cpp.o)
                0x0008ba88                USB_DeviceDescriptor
 .rodata.STRING_LANGUAGE
                0x0008ba9a        0x4 C:\Users\lester\AppData\Local\Temp\VMBuilds\CheetahDue\arduino_due_x\Debug/core.a(USBCore.cpp.o)
                0x0008ba9a                STRING_LANGUAGE
 .rodata._ZL18test_packet_buffer
                0x0008ba9e       0x35 C:\Users\lester\AppData\Local\Temp\VMBuilds\CheetahDue\arduino_due_x\Debug/core.a(USBCore.cpp.o)
 .rodata.STRING_MANUFACTURER
                0x0008bad3        0xc C:\Users\lester\AppData\Local\Temp\VMBuilds\CheetahDue\arduino_due_x\Debug/core.a(USBCore.cpp.o)
                0x0008bad3                STRING_MANUFACTURER
 .rodata.USB_DeviceDescriptorA
                0x0008badf       0x12 C:\Users\lester\AppData\Local\Temp\VMBuilds\CheetahDue\arduino_due_x\Debug/core.a(USBCore.cpp.o)
                0x0008badf                USB_DeviceDescriptorA
 .rodata._ZL19USB_DeviceQualifier
                0x0008baf1        0x9 C:\Users\lester\AppData\Local\Temp\VMBuilds\CheetahDue\arduino_due_x\Debug/core.a(USBCore.cpp.o)
 *fill*         0x0008bafa        0x2 
 .rodata.str1.4
                0x0008bafc        0x2 c:/users/lester/appdata/local/arduino15/packages/arduino/tools/arm-none-eabi-gcc/4.8.3-2014q1/bin/../lib/gcc/arm-none-eabi/4.8.3/../../../../arm-none-eabi/lib/armv7-m\libg.a(lib_a-impure.o)
                                  0x4 (size before relaxing)
 *fill*         0x0008bafe        0x2 
 .rodata._global_impure_ptr
                0x0008bb00        0x4 c:/users/lester/appdata/local/arduino15/packages/arduino/tools/arm-none-eabi-gcc/4.8.3-2014q1/bin/../lib/gcc/arm-none-eabi/4.8.3/../../../../arm-none-eabi/lib/armv7-m\libg.a(lib_a-impure.o)
                0x0008bb00                _global_impure_ptr
 .rodata.zeroes.6760
                0x0008bb04       0x10 c:/users/lester/appdata/local/arduino15/packages/arduino/tools/arm-none-eabi-gcc/4.8.3-2014q1/bin/../lib/gcc/arm-none-eabi/4.8.3/../../../../arm-none-eabi/lib/armv7-m\libg.a(lib_a-svfprintf.o)
 .rodata.str1.4
                0x0008bb14       0x42 c:/users/lester/appdata/local/arduino15/packages/arduino/tools/arm-none-eabi-gcc/4.8.3-2014q1/bin/../lib/gcc/arm-none-eabi/4.8.3/../../../../arm-none-eabi/lib/armv7-m\libg.a(lib_a-svfprintf.o)
                                 0x44 (size before relaxing)
 *fill*         0x0008bb56        0x2 
 .rodata.blanks.6759
                0x0008bb58       0x10 c:/users/lester/appdata/local/arduino15/packages/arduino/tools/arm-none-eabi-gcc/4.8.3-2014q1/bin/../lib/gcc/arm-none-eabi/4.8.3/../../../../arm-none-eabi/lib/armv7-m\libg.a(lib_a-svfprintf.o)
 .rodata.blanks.6717
                0x0008bb68       0x10 c:/users/lester/appdata/local/arduino15/packages/arduino/tools/arm-none-eabi-gcc/4.8.3-2014q1/bin/../lib/gcc/arm-none-eabi/4.8.3/../../../../arm-none-eabi/lib/armv7-m\libg.a(lib_a-vfiprintf.o)
 .rodata.str1.4
                0x00000000       0x30 c:/users/lester/appdata/local/arduino15/packages/arduino/tools/arm-none-eabi-gcc/4.8.3-2014q1/bin/../lib/gcc/arm-none-eabi/4.8.3/../../../../arm-none-eabi/lib/armv7-m\libg.a(lib_a-vfiprintf.o)
 .rodata.zeroes.6718
                0x0008bb78       0x10 c:/users/lester/appdata/local/arduino15/packages/arduino/tools/arm-none-eabi-gcc/4.8.3-2014q1/bin/../lib/gcc/arm-none-eabi/4.8.3/../../../../arm-none-eabi/lib/armv7-m\libg.a(lib_a-vfiprintf.o)
 .rodata.str1.4
                0x0008bb88       0x10 c:/users/lester/appdata/local/arduino15/packages/arduino/tools/arm-none-eabi-gcc/4.8.3-2014q1/bin/../lib/gcc/arm-none-eabi/4.8.3/../../../../arm-none-eabi/lib/armv7-m\libg.a(lib_a-dtoa.o)
                                 0x14 (size before relaxing)
 .rodata.str1.4
                0x0008bb98        0xc c:/users/lester/appdata/local/arduino15/packages/arduino/tools/arm-none-eabi-gcc/4.8.3-2014q1/bin/../lib/gcc/arm-none-eabi/4.8.3/../../../../arm-none-eabi/lib/armv7-m\libg.a(lib_a-locale.o)
                                 0x14 (size before relaxing)
 *fill*         0x0008bba4        0x4 
 .rodata.__mprec_tens
                0x0008bba8       0xc8 c:/users/lester/appdata/local/arduino15/packages/arduino/tools/arm-none-eabi-gcc/4.8.3-2014q1/bin/../lib/gcc/arm-none-eabi/4.8.3/../../../../arm-none-eabi/lib/armv7-m\libg.a(lib_a-mprec.o)
                0x0008bba8                __mprec_tens
 .rodata.__mprec_bigtens
                0x0008bc70       0x28 c:/users/lester/appdata/local/arduino15/packages/arduino/tools/arm-none-eabi-gcc/4.8.3-2014q1/bin/../lib/gcc/arm-none-eabi/4.8.3/../../../../arm-none-eabi/lib/armv7-m\libg.a(lib_a-mprec.o)
                0x0008bc70                __mprec_bigtens
 .rodata.p05.5266
                0x0008bc98        0xc c:/users/lester/appdata/local/arduino15/packages/arduino/tools/arm-none-eabi-gcc/4.8.3-2014q1/bin/../lib/gcc/arm-none-eabi/4.8.3/../../../../arm-none-eabi/lib/armv7-m\libg.a(lib_a-mprec.o)
 *(.ARM.extab* .gnu.linkonce.armextab.*)
                0x0008bca4                . = ALIGN (0x4)
 *(.init)
 .init          0x0008bca4        0x4 c:/users/lester/appdata/local/arduino15/packages/arduino/tools/arm-none-eabi-gcc/4.8.3-2014q1/bin/../lib/gcc/arm-none-eabi/4.8.3/armv7-m/crti.o
                0x0008bca4                _init
 .init          0x0008bca8        0x8 c:/users/lester/appdata/local/arduino15/packages/arduino/tools/arm-none-eabi-gcc/4.8.3-2014q1/bin/../lib/gcc/arm-none-eabi/4.8.3/armv7-m/crtn.o
                0x0008bcb0                . = ALIGN (0x4)
                0x0008bcb0                __preinit_array_start = .
 *(.preinit_array)
                0x0008bcb0                __preinit_array_end = .
                0x0008bcb0                . = ALIGN (0x4)
                0x0008bcb0                __init_array_start = .
 *(SORT(.init_array.*))
 .init_array.00000
                0x0008bcb0        0x4 c:/users/lester/appdata/local/arduino15/packages/arduino/tools/arm-none-eabi-gcc/4.8.3-2014q1/bin/../lib/gcc/arm-none-eabi/4.8.3/../../../../arm-none-eabi/lib/armv7-m\libg.a(lib_a-__call_atexit.o)
 *(.init_array)
 .init_array    0x0008bcb4        0x4 c:/users/lester/appdata/local/arduino15/packages/arduino/tools/arm-none-eabi-gcc/4.8.3-2014q1/bin/../lib/gcc/arm-none-eabi/4.8.3/armv7-m/crtbegin.o
 .init_array    0x0008bcb8        0x4 C:\Users\lester\AppData\Local\Temp\VMBuilds\CheetahDue\arduino_due_x\Debug\CheetahDue.cpp.o
 .init_array    0x0008bcbc        0x4 C:\Users\lester\AppData\Local\Temp\VMBuilds\CheetahDue\arduino_due_x\Debug\VM_DBG\VM_DBG.cpp.o
 .init_array    0x0008bcc0        0x4 C:\Users\lester\AppData\Local\Temp\VMBuilds\CheetahDue\arduino_due_x\Debug\variant\variant.cpp.o
 .init_array    0x0008bcc4        0x4 C:\Users\lester\AppData\Local\Temp\VMBuilds\CheetahDue\arduino_due_x\Debug/core.a(CDC.cpp.o)
 .init_array    0x0008bcc8        0x4 C:\Users\lester\AppData\Local\Temp\VMBuilds\CheetahDue\arduino_due_x\Debug/core.a(USBCore.cpp.o)
                0x0008bccc                __init_array_end = .
                0x0008bccc                . = ALIGN (0x4)
 *crtbegin.o(.ctors)
 *(EXCLUDE_FILE(*crtend.o) .ctors)
 *(SORT(.ctors.*))
 *crtend.o(.ctors)
                0x0008bccc                . = ALIGN (0x4)
 *(.fini)
 .fini          0x0008bccc        0x4 c:/users/lester/appdata/local/arduino15/packages/arduino/tools/arm-none-eabi-gcc/4.8.3-2014q1/bin/../lib/gcc/arm-none-eabi/4.8.3/armv7-m/crti.o
                0x0008bccc                _fini
 .fini          0x0008bcd0        0x8 c:/users/lester/appdata/local/arduino15/packages/arduino/tools/arm-none-eabi-gcc/4.8.3-2014q1/bin/../lib/gcc/arm-none-eabi/4.8.3/armv7-m/crtn.o
                0x0008bcd8                . = ALIGN (0x4)
                0x0008bcd8                __fini_array_start = .
 *(.fini_array)
 .fini_array    0x0008bcd8        0x4 c:/users/lester/appdata/local/arduino15/packages/arduino/tools/arm-none-eabi-gcc/4.8.3-2014q1/bin/../lib/gcc/arm-none-eabi/4.8.3/armv7-m/crtbegin.o
 *(SORT(.fini_array.*))
                0x0008bcdc                __fini_array_end = .
 *crtbegin.o(.dtors)
 *(EXCLUDE_FILE(*crtend.o) .dtors)
 *(SORT(.dtors.*))
 *crtend.o(.dtors)
                0x0008bcdc                . = ALIGN (0x4)
                0x0008bcdc                _efixed = .
                0x0008bcdc                PROVIDE (__exidx_start, .)

.vfp11_veneer   0x0008bcdc        0x0
 .vfp11_veneer  0x00000000        0x0 linker stubs

.v4_bx          0x0008bcdc        0x0
 .v4_bx         0x00000000        0x0 linker stubs

.iplt           0x0008bcdc        0x0
 .iplt          0x00000000        0x0 c:/users/lester/appdata/local/arduino15/packages/arduino/tools/arm-none-eabi-gcc/4.8.3-2014q1/bin/../lib/gcc/arm-none-eabi/4.8.3/armv7-m/crtbegin.o

.ARM.exidx      0x0008bcdc        0x8
 *(.ARM.exidx* .gnu.linkonce.armexidx.*)
 .ARM.exidx     0x0008bcdc        0x8 c:/users/lester/appdata/local/arduino15/packages/arduino/tools/arm-none-eabi-gcc/4.8.3-2014q1/bin/../lib/gcc/arm-none-eabi/4.8.3/armv7-m\libgcc.a(_divdi3.o)
 .ARM.exidx     0x0008bce4        0x0 c:/users/lester/appdata/local/arduino15/packages/arduino/tools/arm-none-eabi-gcc/4.8.3-2014q1/bin/../lib/gcc/arm-none-eabi/4.8.3/armv7-m\libgcc.a(_udivdi3.o)
                                  0x8 (size before relaxing)
                0x0008bce4                PROVIDE (__exidx_end, .)

.eh_frame       0x0008bce4        0x0
 .eh_frame      0x0008bce4        0x0 c:/users/lester/appdata/local/arduino15/packages/arduino/tools/arm-none-eabi-gcc/4.8.3-2014q1/bin/../lib/gcc/arm-none-eabi/4.8.3/armv7-m/crtbegin.o

.rel.dyn        0x0008bce4        0x0
 .rel.iplt      0x00000000        0x0 c:/users/lester/appdata/local/arduino15/packages/arduino/tools/arm-none-eabi-gcc/4.8.3-2014q1/bin/../lib/gcc/arm-none-eabi/4.8.3/armv7-m/crtbegin.o

.jcr            0x0008bce4        0x0
 .jcr           0x0008bce4        0x0 c:/users/lester/appdata/local/arduino15/packages/arduino/tools/arm-none-eabi-gcc/4.8.3-2014q1/bin/../lib/gcc/arm-none-eabi/4.8.3/armv7-m/crtbegin.o

.igot.plt       0x0008bce4        0x0
 .igot.plt      0x00000000        0x0 c:/users/lester/appdata/local/arduino15/packages/arduino/tools/arm-none-eabi-gcc/4.8.3-2014q1/bin/../lib/gcc/arm-none-eabi/4.8.3/armv7-m/crtbegin.o
                0x0008bce4                . = ALIGN (0x4)
                0x0008bce4                _etext = .

.relocate       0x20070000      0x9f4 load address 0x0008bce4
                0x20070000                . = ALIGN (0x4)
                0x20070000                _srelocate = .
 *(.ramfunc .ramfunc.*)
 .ramfunc       0x20070000       0x2c C:\Users\lester\AppData\Local\Temp\VMBuilds\CheetahDue\arduino_due_x\Debug/core.a(Reset.cpp.o)
                0x20070000                banzai
 *(.data .data.*)
 .data.r2a      0x2007002c       0x28 C:\Users\lester\AppData\Local\Temp\VMBuilds\CheetahDue\arduino_due_x\Debug\CheetahDue.cpp.o
                0x2007002c                r2a
 .data.r2c      0x20070054       0x12 C:\Users\lester\AppData\Local\Temp\VMBuilds\CheetahDue\arduino_due_x\Debug\CheetahDue.cpp.o
                0x20070054                r2c
 .data.a2c      0x20070066        0x2 C:\Users\lester\AppData\Local\Temp\VMBuilds\CheetahDue\arduino_due_x\Debug\CheetahDue.cpp.o
                0x20070066                a2c
 .data.a2r      0x20070068       0x24 C:\Users\lester\AppData\Local\Temp\VMBuilds\CheetahDue\arduino_due_x\Debug\CheetahDue.cpp.o
                0x20070068                a2r
 .data.del_irSyncPulse
                0x2007008c        0x4 C:\Users\lester\AppData\Local\Temp\VMBuilds\CheetahDue\arduino_due_x\Debug\CheetahDue.cpp.o
                0x2007008c                del_irSyncPulse
 .data.t_debounce
                0x20070090        0x4 C:\Users\lester\AppData\Local\Temp\VMBuilds\CheetahDue\arduino_due_x\Debug\CheetahDue.cpp.o
                0x20070090                t_debounce
 .data.pin      0x20070094       0x70 C:\Users\lester\AppData\Local\Temp\VMBuilds\CheetahDue\arduino_due_x\Debug\CheetahDue.cpp.o
                0x20070094                pin
 .data.dt_ttlPulse
                0x20070104        0x4 C:\Users\lester\AppData\Local\Temp\VMBuilds\CheetahDue\arduino_due_x\Debug\CheetahDue.cpp.o
                0x20070104                dt_ttlPulse
 .data.db       0x20070108        0xd C:\Users\lester\AppData\Local\Temp\VMBuilds\CheetahDue\arduino_due_x\Debug\CheetahDue.cpp.o
                0x20070108                db
 *fill*         0x20070115        0x3 
 .data.SystemCoreClock
                0x20070118        0x4 C:\Users\lester\AppData\Local\arduino15\packages\arduino\hardware\sam\1.6.8\variants\arduino_due_x/libsam_sam3x8e_gcc_rel.a(system_sam3xa.o)
                0x20070118                SystemCoreClock
 .data._ZL5ticks
                0x2007011c        0x4 C:\Users\lester\AppData\Local\Temp\VMBuilds\CheetahDue\arduino_due_x\Debug/core.a(Reset.cpp.o)
 .data._ZL10breakValue
                0x20070120        0x4 C:\Users\lester\AppData\Local\Temp\VMBuilds\CheetahDue\arduino_due_x\Debug/core.a(CDC.cpp.o)
 .data._ZL12_usbLineInfo
                0x20070124        0x8 C:\Users\lester\AppData\Local\Temp\VMBuilds\CheetahDue\arduino_due_x\Debug/core.a(CDC.cpp.o)